Component: Arm Compiler for Embedded 6.22 Tool: armlink [5ee90200]

==============================================================================

Section Cross References

    startup_stm32f427xx.o(STACK) refers (Special) to heapauxi.o(.text) for __use_two_region_memory
    startup_stm32f427xx.o(HEAP) refers (Special) to heapauxi.o(.text) for __use_two_region_memory
    startup_stm32f427xx.o(RESET) refers (Special) to heapauxi.o(.text) for __use_two_region_memory
    startup_stm32f427xx.o(RESET) refers to startup_stm32f427xx.o(STACK) for __initial_sp
    startup_stm32f427xx.o(RESET) refers to startup_stm32f427xx.o(.text) for Reset_Handler
    startup_stm32f427xx.o(RESET) refers to stm32f4xx_it.o(.text.NMI_Handler) for NMI_Handler
    startup_stm32f427xx.o(RESET) refers to stm32f4xx_it.o(.text.HardFault_Handler) for HardFault_Handler
    startup_stm32f427xx.o(RESET) refers to stm32f4xx_it.o(.text.MemManage_Handler) for MemManage_Handler
    startup_stm32f427xx.o(RESET) refers to stm32f4xx_it.o(.text.BusFault_Handler) for BusFault_Handler
    startup_stm32f427xx.o(RESET) refers to stm32f4xx_it.o(.text.UsageFault_Handler) for UsageFault_Handler
    startup_stm32f427xx.o(RESET) refers to port.o(.text.SVC_Handler) for SVC_Handler
    startup_stm32f427xx.o(RESET) refers to stm32f4xx_it.o(.text.DebugMon_Handler) for DebugMon_Handler
    startup_stm32f427xx.o(RESET) refers to port.o(.text.PendSV_Handler) for PendSV_Handler
    startup_stm32f427xx.o(RESET) refers to stm32f4xx_it.o(.text.SysTick_Handler) for SysTick_Handler
    startup_stm32f427xx.o(RESET) refers to stm32f4xx_it.o(.text.CAN1_RX0_IRQHandler) for CAN1_RX0_IRQHandler
    startup_stm32f427xx.o(RESET) refers to stm32f4xx_it.o(.text.CAN1_RX1_IRQHandler) for CAN1_RX1_IRQHandler
    startup_stm32f427xx.o(RESET) refers to stm32f4xx_it.o(.text.DMA2_Stream1_IRQHandler) for DMA2_Stream1_IRQHandler
    startup_stm32f427xx.o(RESET) refers to stm32f4xx_it.o(.text.CAN2_RX0_IRQHandler) for CAN2_RX0_IRQHandler
    startup_stm32f427xx.o(RESET) refers to stm32f4xx_it.o(.text.CAN2_RX1_IRQHandler) for CAN2_RX1_IRQHandler
    startup_stm32f427xx.o(RESET) refers to stm32f4xx_it.o(.text.USART6_IRQHandler) for USART6_IRQHandler
    startup_stm32f427xx.o(.text) refers (Special) to heapauxi.o(.text) for __use_two_region_memory
    startup_stm32f427xx.o(.text) refers to system_stm32f4xx.o(.text.SystemInit) for SystemInit
    startup_stm32f427xx.o(.text) refers to __main.o(!!!main) for __main
    startup_stm32f427xx.o(.text) refers to startup_stm32f427xx.o(HEAP) for Heap_Mem
    startup_stm32f427xx.o(.text) refers to startup_stm32f427xx.o(STACK) for Stack_Mem
    maincpp.o(.text.main_cpp) refers to tim.o(.bss.htim4) for htim4
    maincpp.o(.text.main_cpp) refers to maincpp.o(.text._ZN5Servo12Servo_base_tC2EP17TIM_HandleTypeDefjfffff) for Servo::Servo_base_t::Servo_base_t__sub_object(TIM_HandleTypeDef*, unsigned int, float, float, float, float, float)
    maincpp.o(.text.main_cpp) refers to maincpp.o(.bss.servoX) for servoX
    maincpp.o(.text.main_cpp) refers to maincpp.o(.bss.servoY) for servoY
    maincpp.o(.text.main_cpp) refers to maincpp.o(.text._ZN7Control9Control_tC2EPN5Servo12Servo_base_tES3_) for Control::Control_t::Control_t__sub_object(Servo::Servo_base_t*, Servo::Servo_base_t*)
    maincpp.o(.text.main_cpp) refers to maincpp.o(.bss.control) for control
    maincpp.o(.text.main_cpp) refers to queue.o(.text.xQueueGenericCreate) for xQueueGenericCreate
    maincpp.o(.text.main_cpp) refers to maincpp.o(.bss.xQueue) for xQueue
    maincpp.o(.text.main_cpp) refers to maincpp.o(.bss.Omain_handle) for Omain_handle
    maincpp.o(.text.main_cpp) refers to maincpp.o(.text._Z11Onmain_TaskPv) for Onmain_Task(void*)
    maincpp.o(.text.main_cpp) refers to maincpp.o(.rodata.str1.1) for .L.str
    maincpp.o(.text.main_cpp) refers to tasks.o(.text.xTaskCreate) for xTaskCreate
    maincpp.o(.text.main_cpp) refers to maincpp.o(.bss.Servo1_Motor_handle) for Servo1_Motor_handle
    maincpp.o(.text.main_cpp) refers to maincpp.o(.text._Z16OnServo1_ControlPv) for OnServo1_Control(void*)
    maincpp.o(.text.main_cpp) refers to maincpp.o(.bss.Servo2_Motor_handle) for Servo2_Motor_handle
    maincpp.o(.text.main_cpp) refers to maincpp.o(.text._Z16OnServo2_ControlPv) for OnServo2_Control(void*)
    maincpp.o(.text.main_cpp) refers to maincpp.o(.bss.Remote_control_handle) for Remote_control_handle
    maincpp.o(.text.main_cpp) refers to maincpp.o(.text._Z13remoteControlPv) for remoteControl(void*)
    maincpp.o(.ARM.exidx.text.main_cpp) refers to maincpp.o(.text.main_cpp) for [Anonymous Symbol]
    maincpp.o(.text._Z11Onmain_TaskPv) refers to tasks.o(.text.vTaskDelay) for vTaskDelay
    maincpp.o(.ARM.exidx.text._Z11Onmain_TaskPv) refers to maincpp.o(.text._Z11Onmain_TaskPv) for [Anonymous Symbol]
    maincpp.o(.text._Z16OnServo1_ControlPv) refers to maincpp.o(.bss.servoX) for servoX
[...]
    [Anonymous Symbol]                       0x20003fd8   Section        0  tasks.o(.bss.uxDeletedTasksWaitingCleanUp)
    uxSchedulerSuspended                     0x20003fdc   Data           4  tasks.o(.bss.uxSchedulerSuspended)
    [Anonymous Symbol]                       0x20003fdc   Section        0  tasks.o(.bss.uxSchedulerSuspended)
    uxTaskNumber                             0x20003fe0   Data           4  tasks.o(.bss.uxTaskNumber)
    [Anonymous Symbol]                       0x20003fe0   Section        0  tasks.o(.bss.uxTaskNumber)
    uxTopReadyPriority                       0x20003fe4   Data           4  tasks.o(.bss.uxTopReadyPriority)
    [Anonymous Symbol]                       0x20003fe4   Section        0  tasks.o(.bss.uxTopReadyPriority)
    xBlockAllocatedBit                       0x20003fec   Data           4  heap_4.o(.bss.xBlockAllocatedBit)
    [Anonymous Symbol]                       0x20003fec   Section        0  heap_4.o(.bss.xBlockAllocatedBit)
    xDelayedTaskList1                        0x20003ff0   Data          20  tasks.o(.bss.xDelayedTaskList1)
    [Anonymous Symbol]                       0x20003ff0   Section        0  tasks.o(.bss.xDelayedTaskList1)
    xDelayedTaskList2                        0x20004004   Data          20  tasks.o(.bss.xDelayedTaskList2)
    [Anonymous Symbol]                       0x20004004   Section        0  tasks.o(.bss.xDelayedTaskList2)
    xFreeBytesRemaining                      0x20004018   Data           4  heap_4.o(.bss.xFreeBytesRemaining)
    [Anonymous Symbol]                       0x20004018   Section        0  heap_4.o(.bss.xFreeBytesRemaining)
    xIdleStack                               0x2000401c   Data         512  freertos.o(.bss.xIdleStack)
    [Anonymous Symbol]                       0x2000401c   Section        0  freertos.o(.bss.xIdleStack)
    xIdleTaskHandle                          0x2000421c   Data           4  tasks.o(.bss.xIdleTaskHandle)
    [Anonymous Symbol]                       0x2000421c   Section        0  tasks.o(.bss.xIdleTaskHandle)
    xIdleTaskTCBBuffer                       0x20004220   Data          84  freertos.o(.bss.xIdleTaskTCBBuffer)
    [Anonymous Symbol]                       0x20004220   Section        0  freertos.o(.bss.xIdleTaskTCBBuffer)
    xMinimumEverFreeBytesRemaining           0x20004274   Data           4  heap_4.o(.bss.xMinimumEverFreeBytesRemaining)
    [Anonymous Symbol]                       0x20004274   Section        0  heap_4.o(.bss.xMinimumEverFreeBytesRemaining)
    xNextTaskUnblockTime                     0x20004278   Data           4  tasks.o(.bss.xNextTaskUnblockTime)
    [Anonymous Symbol]                       0x20004278   Section        0  tasks.o(.bss.xNextTaskUnblockTime)
    xNumOfOverflows                          0x2000427c   Data           4  tasks.o(.bss.xNumOfOverflows)
    [Anonymous Symbol]                       0x2000427c   Section        0  tasks.o(.bss.xNumOfOverflows)
    xNumberOfSuccessfulAllocations           0x20004280   Data           4  heap_4.o(.bss.xNumberOfSuccessfulAllocations)
    [Anonymous Symbol]                       0x20004280   Section        0  heap_4.o(.bss.xNumberOfSuccessfulAllocations)
    xNumberOfSuccessfulFrees                 0x20004284   Data           4  heap_4.o(.bss.xNumberOfSuccessfulFrees)
    [Anonymous Symbol]                       0x20004284   Section        0  heap_4.o(.bss.xNumberOfSuccessfulFrees)
    xPendedTicks                             0x20004288   Data           4  tasks.o(.bss.xPendedTicks)
    [Anonymous Symbol]                       0x20004288   Section        0  tasks.o(.bss.xPendedTicks)
    xPendingReadyList                        0x2000428c   Data          20  tasks.o(.bss.xPendingReadyList)
    [Anonymous Symbol]                       0x2000428c   Section        0  tasks.o(.bss.xPendingReadyList)
    xSchedulerRunning                        0x200042a4   Data           4  tasks.o(.bss.xSchedulerRunning)
    [Anonymous Symbol]                       0x200042a4   Section        0  tasks.o(.bss.xSchedulerRunning)
    xStart                                   0x200042a8   Data           8  heap_4.o(.bss.xStart)
    [Anonymous Symbol]                       0x200042a8   Section        0  heap_4.o(.bss.xStart)
    xSuspendedTaskList                       0x200042b0   Data          20  tasks.o(.bss.xSuspendedTaskList)
    [Anonymous Symbol]                       0x200042b0   Section        0  tasks.o(.bss.xSuspendedTaskList)
    xTasksWaitingTermination                 0x200042c4   Data          20  tasks.o(.bss.xTasksWaitingTermination)
    [Anonymous Symbol]                       0x200042c4   Section        0  tasks.o(.bss.xTasksWaitingTermination)
    xTickCount                               0x200042d8   Data           4  tasks.o(.bss.xTickCount)
    [Anonymous Symbol]                       0x200042d8   Section        0  tasks.o(.bss.xTickCount)
    xYieldPending                            0x200042dc   Data           4  tasks.o(.bss.xYieldPending)
    [Anonymous Symbol]                       0x200042dc   Section        0  tasks.o(.bss.xYieldPending)
    Heap_Mem                                 0x200042e8   Data        4096  startup_stm32f427xx.o(HEAP)
    HEAP                                     0x200042e8   Section     4096  startup_stm32f427xx.o(HEAP)
    Stack_Mem                                0x200052e8   Data        2048  startup_stm32f427xx.o(STACK)
    STACK                                    0x200052e8   Section     2048  startup_stm32f427xx.o(STACK)
    __initial_sp                             0x20005ae8   Data           0  startup_stm32f427xx.o(STACK)

    Global Symbols

    Symbol Name                              Value     Ov Type        Size  Object(Section)

    BuildAttributes$$THM_ISAv4$E$P$D$K$B$S$7EM$VFPi3$EXTD16$VFPS$VFMA$PE$A:L22UL41UL21$X:L11$S22US41US21$IEEE1$IW$~IW$USESV6$~STKCKD$USESV7$~SHL$OTIME$ROPI$IEEEX$EBA8$UX$STANDARDLIB$REQ8$PRES8$EABIv2 0x00000000   Number         0  anon$$obj.o ABSOLUTE
    __ARM_exceptions_init                     - Undefined Weak Reference
    __alloca_initialize                       - Undefined Weak Reference
    __arm_preinit_                            - Undefined Weak Reference
    __arm_relocate_pie_                       - Undefined Weak Reference
    __cpp_initialize__aeabi_                  - Undefined Weak Reference
    __cxa_finalize                            - Undefined Weak Reference
    __rt_locale                               - Undefined Weak Reference
    __sigvec_lookup                           - Undefined Weak Reference
    __user_heap_extent                        - Undefined Weak Reference
    _atexit_init                              - Undefined Weak Reference
    _call_atexit_fns                          - Undefined Weak Reference
    _clock_init                               - Undefined Weak Reference
    _fp_trap_init                             - Undefined Weak Reference
    _fp_trap_shutdown                         - Undefined Weak Reference
    _get_lc_collate                           - Undefined Weak Reference
    _get_lc_ctype                             - Undefined Weak Reference
    _get_lc_monetary                          - Undefined Weak Reference
    _get_lc_numeric                           - Undefined Weak Reference
    _get_lc_time                              - Undefined Weak Reference
    _getenv_init                              - Undefined Weak Reference
    _handle_redirection                       - Undefined Weak Reference
    _initio                                   - Undefined Weak Reference
    _mutex_acquire                            - Undefined Weak Reference
    _mutex_free                               - Undefined Weak Reference
    _mutex_release                            - Undefined Weak Reference
    _rand_init                                - Undefined Weak Reference
    _signal_finish                            - Undefined Weak Reference
    _signal_init                              - Undefined Weak Reference
    _terminateio                              - Undefined Weak Reference
    __Vectors_Size                           0x000001ac   Number         0  startup_stm32f427xx.o ABSOLUTE
    __Vectors                                0x08000000   Data           4  startup_stm32f427xx.o(RESET)
    __Vectors_End                            0x080001ac   Data           0  startup_stm32f427xx.o(RESET)
    __main                                   0x080001ad   Thumb Code     8  __main.o(!!!main)
    __scatterload                            0x080001b5   Thumb Code     0  __scatter.o(!!!scatter)
    __scatterload_rt2                        0x080001b5   Thumb Code    84  __scatter.o(!!!scatter)
    __scatterload_rt2_thumb_only             0x080001b5   Thumb Code     0  __scatter.o(!!!scatter)
    __scatterload_loop                       0x080001bf   Thumb Code     0  __scatter.o(!!!scatter)
    __scatterload_copy                       0x08000211   Thumb Code    26  __scatter_copy.o(!!handler_copy)
    __scatterload_null                       0x0800022d   Thumb Code     2  __scatter.o(!!handler_null)
    __scatterload_zeroinit                   0x08000231   Thumb Code    28  __scatter_zi.o(!!handler_zi)
    __rt_lib_init                            0x0800024d   Thumb Code     0  libinit.o(.ARM.Collect$$libinit$$00000000)
    __rt_lib_init_fp_1                       0x0800024f   Thumb Code     0  libinit2.o(.ARM.Collect$$libinit$$00000001)
    __rt_lib_init_alloca_1                   0x08000253   Thumb Code     0  libinit2.o(.ARM.Collect$$libinit$$00000030)
    __rt_lib_init_argv_1                     0x08000253   Thumb Code     0  libinit2.o(.ARM.Collect$$libinit$$0000002E)
    __rt_lib_init_atexit_1                   0x08000253   Thumb Code     0  libinit2.o(.ARM.Collect$$libinit$$0000001D)
    __rt_lib_init_clock_1                    0x08000253   Thumb Code     0  libinit2.o(.ARM.Collect$$libinit$$00000023)
    __rt_lib_init_cpp_1                      0x08000253   Thumb Code     0  libinit2.o(.ARM.Collect$$libinit$$00000034)
    __rt_lib_init_exceptions_1               0x08000253   Thumb Code     0  libinit2.o(.ARM.Collect$$libinit$$00000032)
    __rt_lib_init_fp_trap_1                  0x08000253   Thumb Code     0  libinit2.o(.ARM.Collect$$libinit$$00000021)
    __rt_lib_init_getenv_1                   0x08000253   Thumb Code     0  libinit2.o(.ARM.Collect$$libinit$$00000025)
    __rt_lib_init_heap_1                     0x08000253   Thumb Code     0  libinit2.o(.ARM.Collect$$libinit$$0000000C)
    __rt_lib_init_lc_collate_1               0x08000253   Thumb Code     0  libinit2.o(.ARM.Collect$$libinit$$00000013)
    __rt_lib_init_lc_ctype_1                 0x08000253   Thumb Code     0  libinit2.o(.ARM.Collect$$libinit$$00000015)
    __rt_lib_init_lc_monetary_1              0x08000253   Thumb Code     0  libinit2.o(.ARM.Collect$$libinit$$00000017)
    __rt_lib_init_lc_numeric_1               0x08000253   Thumb Code     0  libinit2.o(.ARM.Collect$$libinit$$00000019)
    __rt_lib_init_lc_time_1                  0x08000253   Thumb Code     0  libinit2.o(.ARM.Collect$$libinit$$0000001B)
    __rt_lib_init_preinit_1                  0x08000253   Thumb Code     0  libinit2.o(.ARM.Collect$$libinit$$00000006)
    __rt_lib_init_rand_1                     0x08000253   Thumb Code     0  libinit2.o(.ARM.Collect$$libinit$$00000010)
    __rt_lib_init_relocate_pie_1             0x08000253   Thumb Code     0  libinit2.o(.ARM.Collect$$libinit$$00000004)
    __rt_lib_init_return                     0x08000253   Thumb Code     0  libinit2.o(.ARM.Collect$$libinit$$00000035)
    __rt_lib_init_signal_1                   0x08000253   Thumb Code     0  libinit2.o(.ARM.Collect$$libinit$$0000001F)
    __rt_lib_init_stdio_1                    0x08000253   Thumb Code     0  libinit2.o(.ARM.Collect$$libinit$$00000027)
    __rt_lib_init_user_alloc_1               0x08000253   Thumb Code     0  libinit2.o(.ARM.Collect$$libinit$$0000000E)
    __rt_lib_shutdown                        0x08000255   Thumb Code     0  libshutdown.o(.ARM.Collect$$libshutdown$$00000000)
    __rt_lib_shutdown_cpp_1                  0x08000257   Thumb Code     0  libshutdown2.o(.ARM.Collect$$libshutdown$$00000002)
    __rt_lib_shutdown_fp_trap_1              0x08000257   Thumb Code     0  libshutdown2.o(.ARM.Collect$$libshutdown$$00000007)
    __rt_lib_shutdown_heap_1                 0x08000257   Thumb Code     0  libshutdown2.o(.ARM.Collect$$libshutdown$$0000000F)
    __rt_lib_shutdown_return                 0x08000257   Thumb Code     0  libshutdown2.o(.ARM.Collect$$libshutdown$$00000010)
    __rt_lib_shutdown_signal_1               0x08000257   Thumb Code     0  libshutdown2.o(.ARM.Collect$$libshutdown$$0000000A)
    __rt_lib_shutdown_stdio_1                0x08000257   Thumb Code     0  libshutdown2.o(.ARM.Collect$$libshutdown$$00000004)
    __rt_lib_shutdown_user_alloc_1           0x08000257   Thumb Code     0  libshutdown2.o(.ARM.Collect$$libshutdown$$0000000C)
    __rt_entry                               0x08000259   Thumb Code     0  __rtentry.o(.ARM.Collect$$rtentry$$00000000)
    __rt_entry_presh_1                       0x08000259   Thumb Code     0  __rtentry2.o(.ARM.Collect$$rtentry$$00000002)
    __rt_entry_sh                            0x08000259   Thumb Code     0  __rtentry4.o(.ARM.Collect$$rtentry$$00000004)
    __rt_entry_li                            0x0800025f   Thumb Code     0  __rtentry2.o(.ARM.Collect$$rtentry$$0000000A)
    __rt_entry_postsh_1                      0x0800025f   Thumb Code     0  __rtentry2.o(.ARM.Collect$$rtentry$$00000009)
    __rt_entry_main                          0x08000263   Thumb Code     0  __rtentry2.o(.ARM.Collect$$rtentry$$0000000D)
    __rt_entry_postli_1                      0x08000263   Thumb Code     0  __rtentry2.o(.ARM.Collect$$rtentry$$0000000C)
    __rt_exit                                0x0800026b   Thumb Code     0  rtexit.o(.ARM.Collect$$rtexit$$00000000)
    __rt_exit_ls                             0x0800026d   Thumb Code     0  rtexit2.o(.ARM.Collect$$rtexit$$00000003)
    __rt_exit_prels_1                        0x0800026d   Thumb Code     0  rtexit2.o(.ARM.Collect$$rtexit$$00000002)
    __rt_exit_exit                           0x08000271   Thumb Code     0  rtexit2.o(.ARM.Collect$$rtexit$$00000004)
    Reset_Handler                            0x08000279   Thumb Code     8  startup_stm32f427xx.o(.text)
    ADC_IRQHandler                           0x08000293   Thumb Code     0  startup_stm32f427xx.o(.text)
    CAN1_SCE_IRQHandler                      0x08000293   Thumb Code     0  startup_stm32f427xx.o(.text)
    CAN1_TX_IRQHandler                       0x08000293   Thumb Code     0  startup_stm32f427xx.o(.text)
    CAN2_SCE_IRQHandler                      0x08000293   Thumb Code     0  startup_stm32f427xx.o(.text)
    CAN2_TX_IRQHandler                       0x08000293   Thumb Code     0  startup_stm32f427xx.o(.text)
    DCMI_IRQHandler                          0x08000293   Thumb Code     0  startup_stm32f427xx.o(.text)
    DMA1_Stream0_IRQHandler                  0x08000293   Thumb Code     0  startup_stm32f427xx.o(.text)
    DMA1_Stream1_IRQHandler                  0x08000293   Thumb Code     0  startup_stm32f427xx.o(.text)
    DMA1_Stream2_IRQHandler                  0x08000293   Thumb Code     0  startup_stm32f427xx.o(.text)
    DMA1_Stream3_IRQHandler                  0x08000293   Thumb Code     0  startup_stm32f427xx.o(.text)
    DMA1_Stream4_IRQHandler                  0x08000293   Thumb Code     0  startup_stm32f427xx.o(.text)
    DMA1_Stream5_IRQHandler                  0x08000293   Thumb Code     0  startup_stm32f427xx.o(.text)
    DMA1_Stream6_IRQHandler                  0x08000293   Thumb Code     0  startup_stm32f427xx.o(.text)
    DMA1_Stream7_IRQHandler                  0x08000293   Thumb Code     0  startup_stm32f427xx.o(.text)
    DMA2D_IRQHandler                         0x08000293   Thumb Code     0  startup_stm32f427xx.o(.text)
    DMA2_Stream0_IRQHandler                  0x08000293   Thumb Code     0  startup_stm32f427xx.o(.text)
    DMA2_Stream2_IRQHandler                  0x08000293   Thumb Code     0  startup_stm32f427xx.o(.text)
    DMA2_Stream3_IRQHandler                  0x08000293   Thumb Code     0  startup_stm32f427xx.o(.text)
    DMA2_Stream4_IRQHandler                  0x08000293   Thumb Code     0  startup_stm32f427xx.o(.text)
    DMA2_Stream5_IRQHandler                  0x08000293   Thumb Code     0  startup_stm32f427xx.o(.text)
    DMA2_Stream6_IRQHandler                  0x08000293   Thumb Code     0  startup_stm32f427xx.o(.text)
    DMA2_Stream7_IRQHandler                  0x08000293   Thumb Code     0  startup_stm32f427xx.o(.text)
    ETH_IRQHandler                           0x08000293   Thumb Code     0  startup_stm32f427xx.o(.text)
    ETH_WKUP_IRQHandler                      0x08000293   Thumb Code     0  startup_stm32f427xx.o(.text)
    EXTI0_IRQHandler                         0x08000293   Thumb Code     0  startup_stm32f427xx.o(.text)
    EXTI15_10_IRQHandler                     0x08000293   Thumb Code     0  startup_stm32f427xx.o(.text)
    EXTI1_IRQHandler                         0x08000293   Thumb Code     0  startup_stm32f427xx.o(.text)
    EXTI2_IRQHandler                         0x08000293   Thumb Code     0  startup_stm32f427xx.o(.text)
    EXTI3_IRQHandler                         0x08000293   Thumb Code     0  startup_stm32f427xx.o(.text)
    EXTI4_IRQHandler                         0x08000293   Thumb Code     0  startup_stm32f427xx.o(.text)
    EXTI9_5_IRQHandler                       0x08000293   Thumb Code     0  startup_stm32f427xx.o(.text)
    FLASH_IRQHandler                         0x08000293   Thumb Code     0  startup_stm32f427xx.o(.text)
    FMC_IRQHandler                           0x08000293   Thumb Code     0  startup_stm32f427xx.o(.text)
    FPU_IRQHandler                           0x08000293   Thumb Code     0  startup_stm32f427xx.o(.text)
    HASH_RNG_IRQHandler                      0x08000293   Thumb Code     0  startup_stm32f427xx.o(.text)
    I2C1_ER_IRQHandler                       0x08000293   Thumb Code     0  startup_stm32f427xx.o(.text)
    I2C1_EV_IRQHandler                       0x08000293   Thumb Code     0  startup_stm32f427xx.o(.text)
    I2C2_ER_IRQHandler                       0x08000293   Thumb Code     0  startup_stm32f427xx.o(.text)
    I2C2_EV_IRQHandler                       0x08000293   Thumb Code     0  startup_stm32f427xx.o(.text)
    I2C3_ER_IRQHandler                       0x08000293   Thumb Code     0  startup_stm32f427xx.o(.text)
    I2C3_EV_IRQHandler                       0x08000293   Thumb Code     0  startup_stm32f427xx.o(.text)
    OTG_FS_IRQHandler                        0x08000293   Thumb Code     0  startup_stm32f427xx.o(.text)
    OTG_FS_WKUP_IRQHandler                   0x08000293   Thumb Code     0  startup_stm32f427xx.o(.text)
    OTG_HS_EP1_IN_IRQHandler                 0x08000293   Thumb Code     0  startup_stm32f427xx.o(.text)
    OTG_HS_EP1_OUT_IRQHandler                0x08000293   Thumb Code     0  startup_stm32f427xx.o(.text)
    OTG_HS_IRQHandler                        0x08000293   Thumb Code     0  startup_stm32f427xx.o(.text)
    OTG_HS_WKUP_IRQHandler                   0x08000293   Thumb Code     0  startup_stm32f427xx.o(.text)
    PVD_IRQHandler                           0x08000293   Thumb Code     0  startup_stm32f427xx.o(.text)
    RCC_IRQHandler                           0x08000293   Thumb Code     0  startup_stm32f427xx.o(.text)
    RTC_Alarm_IRQHandler                     0x08000293   Thumb Code     0  startup_stm32f427xx.o(.text)
    RTC_WKUP_IRQHandler                      0x08000293   Thumb Code     0  startup_stm32f427xx.o(.text)
    SAI1_IRQHandler                          0x08000293   Thumb Code     0  startup_stm32f427xx.o(.text)
    SDIO_IRQHandler                          0x08000293   Thumb Code     0  startup_stm32f427xx.o(.text)
    SPI1_IRQHandler                          0x08000293   Thumb Code     0  startup_stm32f427xx.o(.text)
    SPI2_IRQHandler                          0x08000293   Thumb Code     0  startup_stm32f427xx.o(.text)
    SPI3_IRQHandler                          0x08000293   Thumb Code     0  startup_stm32f427xx.o(.text)
    SPI4_IRQHandler                          0x08000293   Thumb Code     0  startup_stm32f427xx.o(.text)
    SPI5_IRQHandler                          0x08000293   Thumb Code     0  startup_stm32f427xx.o(.text)
    SPI6_IRQHandler                          0x08000293   Thumb Code     0  startup_stm32f427xx.o(.text)
    TAMP_STAMP_IRQHandler                    0x08000293   Thumb Code     0  startup_stm32f427xx.o(.text)
    TIM1_BRK_TIM9_IRQHandler                 0x08000293   Thumb Code     0  startup_stm32f427xx.o(.text)
    TIM1_CC_IRQHandler                       0x08000293   Thumb Code     0  startup_stm32f427xx.o(.text)
    TIM1_TRG_COM_TIM11_IRQHandler            0x08000293   Thumb Code     0  startup_stm32f427xx.o(.text)
    TIM1_UP_TIM10_IRQHandler                 0x08000293   Thumb Code     0  startup_stm32f427xx.o(.text)
    TIM2_IRQHandler                          0x08000293   Thumb Code     0  startup_stm32f427xx.o(.text)
    TIM3_IRQHandler                          0x08000293   Thumb Code     0  startup_stm32f427xx.o(.text)
    TIM4_IRQHandler                          0x08000293   Thumb Code     0  startup_stm32f427xx.o(.text)
    TIM5_IRQHandler                          0x08000293   Thumb Code     0  startup_stm32f427xx.o(.text)
    TIM6_DAC_IRQHandler                      0x08000293   Thumb Code     0  startup_stm32f427xx.o(.text)
    TIM7_IRQHandler                          0x08000293   Thumb Code     0  startup_stm32f427xx.o(.text)
    TIM8_BRK_TIM12_IRQHandler                0x08000293   Thumb Code     0  startup_stm32f427xx.o(.text)
    TIM8_CC_IRQHandler                       0x08000293   Thumb Code     0  startup_stm32f427xx.o(.text)
    TIM8_TRG_COM_TIM14_IRQHandler            0x08000293   Thumb Code     0  startup_stm32f427xx.o(.text)
    TIM8_UP_TIM13_IRQHandler                 0x08000293   Thumb Code     0  startup_stm32f427xx.o(.text)
    UART4_IRQHandler                         0x08000293   Thumb Code     0  startup_stm32f427xx.o(.text)
    UART5_IRQHandler                         0x08000293   Thumb Code     0  startup_stm32f427xx.o(.text)
    UART7_IRQHandler                         0x08000293   Thumb Code     0  startup_stm32f427xx.o(.text)
    UART8_IRQHandler                         0x08000293   Thumb Code     0  startup_stm32f427xx.o(.text)
    USART1_IRQHandler                        0x08000293   Thumb Code     0  startup_stm32f427xx.o(.text)
    USART2_IRQHandler                        0x08000293   Thumb Code     0  startup_stm32f427xx.o(.text)
    USART3_IRQHandler                        0x08000293   Thumb Code     0  startup_stm32f427xx.o(.text)
    WWDG_IRQHandler                          0x08000293   Thumb Code     0  startup_stm32f427xx.o(.text)
    __user_initial_stackheap                 0x08000295   Thumb Code     0  startup_stm32f427xx.o(.text)
    __aeabi_uldivmod                         0x080002b9   Thumb Code     0  lludivv7m.o(.text)
    _ll_udiv                                 0x080002b9   Thumb Code   240  lludivv7m.o(.text)
    __aeabi_memcpy                           0x080003a9   Thumb Code     0  rt_memcpy_v6.o(.text)
    __rt_memcpy                              0x080003a9   Thumb Code   138  rt_memcpy_v6.o(.text)
    _memcpy_lastbytes                        0x0800040f   Thumb Code     0  rt_memcpy_v6.o(.text)
    __aeabi_memclr4                          0x08000433   Thumb Code     0  rt_memclr_w.o(.text)
    __aeabi_memclr8                          0x08000433   Thumb Code     0  rt_memclr_w.o(.text)
    __rt_memclr_w                            0x08000433   Thumb Code     0  rt_memclr_w.o(.text)
    _memset_w                                0x08000437   Thumb Code    74  rt_memclr_w.o(.text)
    __use_two_region_memory                  0x08000481   Thumb Code     2  heapauxi.o(.text)
    __rt_heap_escrow                         0x08000483   Thumb Code     2  heapauxi.o(.text)
    __rt_heap_expand                         0x08000485   Thumb Code     2  heapauxi.o(.text)
    __read_errno                             0x08000487   Thumb Code    10  _rserrno.o(.text)
    __set_errno                              0x08000491   Thumb Code    12  _rserrno.o(.text)
    __aeabi_memcpy4                          0x0800049d   Thumb Code     0  rt_memcpy_w.o(.text)
    __aeabi_memcpy8                          0x0800049d   Thumb Code     0  rt_memcpy_w.o(.text)
    __rt_memcpy_w                            0x0800049d   Thumb Code   100  rt_memcpy_w.o(.text)
    _memcpy_lastbytes_aligned                0x080004e5   Thumb Code     0  rt_memcpy_w.o(.text)
    __user_libspace                          0x08000501   Thumb Code     8  libspace.o(.text)
    __user_perproc_libspace                  0x08000501   Thumb Code     0  libspace.o(.text)
    __user_perthread_libspace                0x08000501   Thumb Code     0  libspace.o(.text)
    __aeabi_errno_addr                       0x08000509   Thumb Code     8  rt_errno_addr_intlibspace.o(.text)
    __errno$intlibspace                      0x08000509   Thumb Code     0  rt_errno_addr_intlibspace.o(.text)
    __rt_errno_addr$intlibspace              0x08000509   Thumb Code     0  rt_errno_addr_intlibspace.o(.text)
    __user_setup_stackheap                   0x08000511   Thumb Code    74  sys_stackheap_outer.o(.text)
    exit                                     0x0800055b   Thumb Code    18  exit.o(.text)
    BusFault_Handler                         0x0800056d   Thumb Code     4  stm32f4xx_it.o(.text.BusFault_Handler)
    CAN1_RX0_IRQHandler                      0x08000571   Thumb Code    16  stm32f4xx_it.o(.text.CAN1_RX0_IRQHandler)
    CAN1_RX1_IRQHandler                      0x08000581   Thumb Code    16  stm32f4xx_it.o(.text.CAN1_RX1_IRQHandler)
    CAN2_RX0_IRQHandler                      0x08000591   Thumb Code    16  stm32f4xx_it.o(.text.CAN2_RX0_IRQHandler)
    CAN2_RX1_IRQHandler                      0x080005a1   Thumb Code    16  stm32f4xx_it.o(.text.CAN2_RX1_IRQHandler)
    DMA2_Stream1_IRQHandler                  0x08000691   Thumb Code    16  stm32f4xx_it.o(.text.DMA2_Stream1_IRQHandler)
    DebugMon_Handler                         0x08000839   Thumb Code     2  stm32f4xx_it.o(.text.DebugMon_Handler)
    Error_Handler                            0x0800083d   Thumb Code     6  main.o(.text.Error_Handler)
    HAL_CAN_ErrorCallback                    0x08000845   Thumb Code     8  stm32f4xx_hal_can.o(.text.HAL_CAN_ErrorCallback)
    HAL_CAN_GetRxFifoFillLevel               0x0800084d   Thumb Code    82  stm32f4xx_hal_can.o(.text.HAL_CAN_GetRxFifoFillLevel)
    HAL_CAN_GetRxMessage                     0x080008a1   Thumb Code   530  stm32f4xx_hal_can.o(.text.HAL_CAN_GetRxMessage)
    HAL_CAN_IRQHandler                       0x08000ab5   Thumb Code  1010  stm32f4xx_hal_can.o(.text.HAL_CAN_IRQHandler)
    HAL_CAN_Init                             0x08000ea9   Thumb Code   478  stm32f4xx_hal_can.o(.text.HAL_CAN_Init)
    HAL_CAN_MspInit                          0x08001089   Thumb Code   432  can.o(.text.HAL_CAN_MspInit)
    HAL_CAN_RxFifo0FullCallback              0x08001239   Thumb Code     8  stm32f4xx_hal_can.o(.text.HAL_CAN_RxFifo0FullCallback)
    HAL_CAN_RxFifo0MsgPendingCallback        0x08001241   Thumb Code    18  bsp_can.o(.text.HAL_CAN_RxFifo0MsgPendingCallback)
    HAL_CAN_RxFifo1FullCallback              0x08001255   Thumb Code     8  stm32f4xx_hal_can.o(.text.HAL_CAN_RxFifo1FullCallback)
    HAL_CAN_RxFifo1MsgPendingCallback        0x0800125d   Thumb Code    18  bsp_can.o(.text.HAL_CAN_RxFifo1MsgPendingCallback)
    HAL_CAN_SleepCallback                    0x08001271   Thumb Code     8  stm32f4xx_hal_can.o(.text.HAL_CAN_SleepCallback)
    HAL_CAN_TxMailbox0AbortCallback          0x08001279   Thumb Code     8  stm32f4xx_hal_can.o(.text.HAL_CAN_TxMailbox0AbortCallback)
    HAL_CAN_TxMailbox0CompleteCallback       0x08001281   Thumb Code     8  stm32f4xx_hal_can.o(.text.HAL_CAN_TxMailbox0CompleteCallback)
    HAL_CAN_TxMailbox1AbortCallback          0x08001289   Thumb Code     8  stm32f4xx_hal_can.o(.text.HAL_CAN_TxMailbox1AbortCallback)
    HAL_CAN_TxMailbox1CompleteCallback       0x08001291   Thumb Code     8  stm32f4xx_hal_can.o(.text.HAL_CAN_TxMailbox1CompleteCallback)
    HAL_CAN_TxMailbox2AbortCallback          0x08001299   Thumb Code     8  stm32f4xx_hal_can.o(.text.HAL_CAN_TxMailbox2AbortCallback)
    HAL_CAN_TxMailbox2CompleteCallback       0x080012a1   Thumb Code     8  stm32f4xx_hal_can.o(.text.HAL_CAN_TxMailbox2CompleteCallback)
    HAL_CAN_WakeUpFromRxMsgCallback          0x080012a9   Thumb Code     8  stm32f4xx_hal_can.o(.text.HAL_CAN_WakeUpFromRxMsgCallback)
    HAL_DMA_Abort                            0x080012b1   Thumb Code   236  stm32f4xx_hal_dma.o(.text.HAL_DMA_Abort)
    HAL_DMA_Abort_IT                         0x0800139d   Thumb Code    68  stm32f4xx_hal_dma.o(.text.HAL_DMA_Abort_IT)
    HAL_DMA_IRQHandler                       0x080013e1   Thumb Code   798  stm32f4xx_hal_dma.o(.text.HAL_DMA_IRQHandler)
    HAL_DMA_Init                             0x08001701   Thumb Code   366  stm32f4xx_hal_dma.o(.text.HAL_DMA_Init)
    HAL_DMA_Start_IT                         0x08001871   Thumb Code   194  stm32f4xx_hal_dma.o(.text.HAL_DMA_Start_IT)
    HAL_GPIO_Init                            0x08001935   Thumb Code  1006  stm32f4xx_hal_gpio.o(.text.HAL_GPIO_Init)
    HAL_GPIO_WritePin                        0x08001d25   Thumb Code    46  stm32f4xx_hal_gpio.o(.text.HAL_GPIO_WritePin)
    HAL_GetTick                              0x08001d55   Thumb Code    12  stm32f4xx_hal.o(.text.HAL_GetTick)
    HAL_IncTick                              0x08001d61   Thumb Code    26  stm32f4xx_hal.o(.text.HAL_IncTick)
    HAL_Init                                 0x08001d7d   Thumb Code    54  stm32f4xx_hal.o(.text.HAL_Init)
    HAL_InitTick                             0x08001db5   Thumb Code   112  stm32f4xx_hal.o(.text.HAL_InitTick)
    HAL_MspInit                              0x08001e25   Thumb Code    88  stm32f4xx_hal_msp.o(.text.HAL_MspInit)
    HAL_NVIC_EnableIRQ                       0x08001e7d   Thumb Code    20  stm32f4xx_hal_cortex.o(.text.HAL_NVIC_EnableIRQ)
    HAL_NVIC_SetPriority                     0x08001e91   Thumb Code    50  stm32f4xx_hal_cortex.o(.text.HAL_NVIC_SetPriority)
    HAL_NVIC_SetPriorityGrouping             0x08001ec5   Thumb Code    16  stm32f4xx_hal_cortex.o(.text.HAL_NVIC_SetPriorityGrouping)
    HAL_PWREx_EnableOverDrive                0x08001ed5   Thumb Code   190  stm32f4xx_hal_pwr_ex.o(.text.HAL_PWREx_EnableOverDrive)
    HAL_RCC_ClockConfig                      0x08001f95   Thumb Code   610  stm32f4xx_hal_rcc.o(.text.HAL_RCC_ClockConfig)
    HAL_RCC_GetHCLKFreq                      0x080021f9   Thumb Code    12  stm32f4xx_hal_rcc.o(.text.HAL_RCC_GetHCLKFreq)
    HAL_RCC_GetPCLK1Freq                     0x08002205   Thumb Code    34  stm32f4xx_hal_rcc.o(.text.HAL_RCC_GetPCLK1Freq)
    HAL_RCC_GetPCLK2Freq                     0x08002229   Thumb Code    34  stm32f4xx_hal_rcc.o(.text.HAL_RCC_GetPCLK2Freq)
    HAL_RCC_GetSysClockFreq                  0x0800224d   Thumb Code   230  stm32f4xx_hal_rcc.o(.text.HAL_RCC_GetSysClockFreq)
    HAL_RCC_OscConfig                        0x08002335   Thumb Code  1726  stm32f4xx_hal_rcc.o(.text.HAL_RCC_OscConfig)
    HAL_SYSTICK_Config                       0x080029f5   Thumb Code    16  stm32f4xx_hal_cortex.o(.text.HAL_SYSTICK_Config)
    HAL_TIMEx_MasterConfigSynchronization    0x08002a05   Thumb Code   290  stm32f4xx_hal_tim_ex.o(.text.HAL_TIMEx_MasterConfigSynchronization)
    HAL_TIM_Base_Init                        0x08002b29   Thumb Code   156  stm32f4xx_hal_tim.o(.text.HAL_TIM_Base_Init)
    HAL_TIM_Base_MspInit                     0x08002bc5   Thumb Code   118  tim.o(.text.HAL_TIM_Base_MspInit)
    HAL_TIM_ConfigClockSource                0x08002c3d   Thumb Code   388  stm32f4xx_hal_tim.o(.text.HAL_TIM_ConfigClockSource)
    HAL_TIM_MspPostInit                      0x08002dc1   Thumb Code   266  tim.o(.text.HAL_TIM_MspPostInit)
    HAL_TIM_PWM_ConfigChannel                0x08002ecd   Thumb Code   322  stm32f4xx_hal_tim.o(.text.HAL_TIM_PWM_ConfigChannel)
    HAL_TIM_PWM_Init                         0x08003011   Thumb Code   156  stm32f4xx_hal_tim.o(.text.HAL_TIM_PWM_Init)
    HAL_TIM_PWM_MspInit                      0x080030ad   Thumb Code     8  stm32f4xx_hal_tim.o(.text.HAL_TIM_PWM_MspInit)
    HAL_TIM_PWM_Start                        0x080030b5   Thumb Code   458  stm32f4xx_hal_tim.o(.text.HAL_TIM_PWM_Start)
    HAL_UARTEx_ReceiveToIdle_DMA             0x08003281   Thumb Code   194  stm32f4xx_hal_uart.o(.text.HAL_UARTEx_ReceiveToIdle_DMA)
    HAL_UARTEx_RxEventCallback               0x08003345   Thumb Code   210  bsp_usart.o(.text.HAL_UARTEx_RxEventCallback)
    HAL_UART_ErrorCallback                   0x08003419   Thumb Code   138  bsp_usart.o(.text.HAL_UART_ErrorCallback)
    HAL_UART_IRQHandler                      0x080034a5   Thumb Code  1068  stm32f4xx_hal_uart.o(.text.HAL_UART_IRQHandler)
    HAL_UART_Init                            0x080038d1   Thumb Code   158  stm32f4xx_hal_uart.o(.text.HAL_UART_Init)
    HAL_UART_MspInit                         0x08003971   Thumb Code   378  usart.o(.text.HAL_UART_MspInit)
    HAL_UART_RxCpltCallback                  0x08003aed   Thumb Code     8  stm32f4xx_hal_uart.o(.text.HAL_UART_RxCpltCallback)
    HAL_UART_RxHalfCpltCallback              0x08003af5   Thumb Code     8  stm32f4xx_hal_uart.o(.text.HAL_UART_RxHalfCpltCallback)
    HAL_UART_TxCpltCallback                  0x08003afd   Thumb Code     8  stm32f4xx_hal_uart.o(.text.HAL_UART_TxCpltCallback)
    HardFault_Handler                        0x08003b05   Thumb Code     4  stm32f4xx_it.o(.text.HardFault_Handler)
    MX_CAN1_Init                             0x08003b09   Thumb Code    78  can.o(.text.MX_CAN1_Init)
    MX_CAN2_Init                             0x08003b59   Thumb Code    78  can.o(.text.MX_CAN2_Init)
    MX_DMA_Init                              0x08003ba9   Thumb Code    60  dma.o(.text.MX_DMA_Init)
    MX_FREERTOS_Init                         0x08003be5   Thumb Code    70  freertos.o(.text.MX_FREERTOS_Init)
    MX_GPIO_Init                             0x08003c2d   Thumb Code   270  gpio.o(.text.MX_GPIO_Init)
    MX_TIM4_Init                             0x08003d3d   Thumb Code   296  tim.o(.text.MX_TIM4_Init)
    MX_TIM5_Init                             0x08003e65   Thumb Code   296  tim.o(.text.MX_TIM5_Init)
    MX_USART3_UART_Init                      0x08003f8d   Thumb Code    64  usart.o(.text.MX_USART3_UART_Init)
    MX_USART6_UART_Init                      0x08003fcd   Thumb Code    64  usart.o(.text.MX_USART6_UART_Init)
    MemManage_Handler                        0x0800400d   Thumb Code     4  stm32f4xx_it.o(.text.MemManage_Handler)
    NMI_Handler                              0x08004011   Thumb Code     4  stm32f4xx_it.o(.text.NMI_Handler)
    PendSV_Handler                           0x08004081   Thumb Code   100  port.o(.text.PendSV_Handler)
    SVC_Handler                              0x080040f1   Thumb Code    36  port.o(.text.SVC_Handler)
    StartDefaultTask                         0x08004115   Thumb Code    16  freertos.o(.text.StartDefaultTask)
    SysTick_Handler                          0x08004179   Thumb Code    24  stm32f4xx_it.o(.text.SysTick_Handler)
    SystemClock_Config                       0x08004191   Thumb Code   202  main.o(.text.SystemClock_Config)
    SystemInit                               0x0800425d   Thumb Code    18  system_stm32f4xx.o(.text.SystemInit)
    TIM_Base_SetConfig                       0x08004271   Thumb Code   432  stm32f4xx_hal_tim.o(.text.TIM_Base_SetConfig)
    TIM_CCxChannelCmd                        0x08004421   Thumb Code    54  stm32f4xx_hal_tim.o(.text.TIM_CCxChannelCmd)
    TIM_ETR_SetConfig                        0x08004459   Thumb Code    52  stm32f4xx_hal_tim.o(.text.TIM_ETR_SetConfig)
    TIM_OC2_SetConfig                        0x080045a5   Thumb Code   244  stm32f4xx_hal_tim.o(.text.TIM_OC2_SetConfig)
    UART_Start_Receive_DMA                   0x08004e35   Thumb Code   268  stm32f4xx_hal_uart.o(.text.UART_Start_Receive_DMA)
    USART6_IRQHandler                        0x08004fd5   Thumb Code    16  stm32f4xx_it.o(.text.USART6_IRQHandler)
    UsageFault_Handler                       0x08004fe5   Thumb Code     4  stm32f4xx_it.o(.text.UsageFault_Handler)
    Onmain_Task(void*)                       0x08004fe9   Thumb Code    16  maincpp.o(.text._Z11Onmain_TaskPv)
    remoteControl(void*)                     0x08004ff9   Thumb Code    64  maincpp.o(.text._Z13remoteControlPv)
    OnServo1_Control(void*)                  0x08005039   Thumb Code    28  maincpp.o(.text._Z16OnServo1_ControlPv)
    OnServo2_Control(void*)                  0x08005055   Thumb Code    16  maincpp.o(.text._Z16OnServo2_ControlPv)
    Servo::Servo_base_t::control()           0x08005065   Thumb Code   676  servo.o(.text._ZN5Servo12Servo_base_t7controlEv)
    Servo::Servo_base_t::Servo_base_t__sub_object(TIM_HandleTypeDef*, unsigned int, float, float, float, float, float) 0x08005311   Thumb Code    86  maincpp.o(.text._ZN5Servo12Servo_base_tC2EP17TIM_HandleTypeDefjfffff)
    Control::Control_t::controlUpdate(float, float, float) 0x08005369   Thumb Code   424  control.o(.text._ZN7Control9Control_t13controlUpdateEfff)
    Control::Control_t::Control_t__sub_object(Servo::Servo_base_t*, Servo::Servo_base_t*) 0x0800551d   Thumb Code    30  maincpp.o(.text._ZN7Control9Control_tC2EPN5Servo12Servo_base_tES3_)
    std::__2::__math::atan[abi:nn190000](float) 0x0800553d   Thumb Code    20  control.o(.text._ZNSt3__26__math4atanB8nn190000Ef)
    std::__2::__math::sqrt[abi:nn190000](float) 0x08005551   Thumb Code    20  control.o(.text._ZNSt3__26__math4sqrtB8nn190000Ef)
    _sys_exit                                0x08005625   Thumb Code     8  maincpp.o(.text._sys_exit)
    main                                     0x0800562d   Thumb Code    64  main.o(.text.main)
    main_cpp                                 0x0800566d   Thumb Code   504  maincpp.o(.text.main_cpp)
    osDelay                                  0x08005899   Thumb Code    40  cmsis_os.o(.text.osDelay)
    osKernelStart                            0x080058c1   Thumb Code    10  cmsis_os.o(.text.osKernelStart)
    osThreadCreate                           0x080058cd   Thumb Code   172  cmsis_os.o(.text.osThreadCreate)
    pvPortMalloc                             0x08006095   Thumb Code   492  heap_4.o(.text.pvPortMalloc)
    pxPortInitialiseStack                    0x08006281   Thumb Code    94  port.o(.text.pxPortInitialiseStack)
    uxListRemove                             0x080062e1   Thumb Code    72  list.o(.text.uxListRemove)
    vApplicationGetIdleTaskMemory            0x08006329   Thumb Code    42  freertos.o(.text.vApplicationGetIdleTaskMemory)
    vListInitialise                          0x08006355   Thumb Code    46  list.o(.text.vListInitialise)
    vListInitialiseItem                      0x08006385   Thumb Code    14  list.o(.text.vListInitialiseItem)
    vListInsert                              0x08006395   Thumb Code   106  list.o(.text.vListInsert)
    vListInsertEnd                           0x08006401   Thumb Code    58  list.o(.text.vListInsertEnd)
    vPortEnterCritical                       0x08006451   Thumb Code    86  port.o(.text.vPortEnterCritical)
    vPortExitCritical                        0x080064a9   Thumb Code    74  port.o(.text.vPortExitCritical)
    vPortFree                                0x080064f5   Thumb Code   206  heap_4.o(.text.vPortFree)
    vPortSetupTimerInterrupt                 0x080065c5   Thumb Code    68  port.o(.text.vPortSetupTimerInterrupt)
    vTaskDelay                               0x08006609   Thumb Code   110  tasks.o(.text.vTaskDelay)
    vTaskStartScheduler                      0x08006679   Thumb Code   206  tasks.o(.text.vTaskStartScheduler)
    vTaskSuspendAll                          0x08006749   Thumb Code    16  tasks.o(.text.vTaskSuspendAll)
    vTaskSwitchContext                       0x08006759   Thumb Code   190  tasks.o(.text.vTaskSwitchContext)
    xPortStartScheduler                      0x08006819   Thumb Code   342  port.o(.text.xPortStartScheduler)
    xPortSysTickHandler                      0x08006971   Thumb Code    60  port.o(.text.xPortSysTickHandler)
    xQueueGenericCreate                      0x080069ad   Thumb Code   116  queue.o(.text.xQueueGenericCreate)
    xQueueGenericReset                       0x08006a21   Thumb Code   186  queue.o(.text.xQueueGenericReset)
    xTaskCreate                              0x08006add   Thumb Code   158  tasks.o(.text.xTaskCreate)
    xTaskCreateStatic                        0x08006b7d   Thumb Code   206  tasks.o(.text.xTaskCreateStatic)
    xTaskGetSchedulerState                   0x08006c4d   Thumb Code    56  tasks.o(.text.xTaskGetSchedulerState)
    xTaskIncrementTick                       0x08006c85   Thumb Code   440  tasks.o(.text.xTaskIncrementTick)
    xTaskRemoveFromEventList                 0x08006e3d   Thumb Code   194  tasks.o(.text.xTaskRemoveFromEventList)
    xTaskResumeAll                           0x08006f01   Thumb Code   376  tasks.o(.text.xTaskResumeAll)
    __ARM_fpclassifyf                        0x08007079   Thumb Code    38  fpclassifyf.o(i.__ARM_fpclassifyf)
    __hardfp_atanf                           0x080070a1   Thumb Code   296  atanf.o(i.__hardfp_atanf)
    __hardfp_sqrtf                           0x08007201   Thumb Code    58  sqrtf.o(i.__hardfp_sqrtf)
    __mathlib_flt_infnan                     0x0800723b   Thumb Code     6  funder.o(i.__mathlib_flt_infnan)
    __mathlib_flt_underflow                  0x08007241   Thumb Code    10  funder.o(i.__mathlib_flt_underflow)
    __aeabi_d2f                              0x08007251   Thumb Code     0  d2f.o(x$fpl$d2f)
    _d2f                                     0x08007251   Thumb Code    98  d2f.o(x$fpl$d2f)
    __aeabi_dmul                             0x080072b5   Thumb Code     0  dmul.o(x$fpl$dmul)
    _dmul                                    0x080072b5   Thumb Code   332  dmul.o(x$fpl$dmul)
    __fpl_dnaninf                            0x08007409   Thumb Code   156  dnaninf.o(x$fpl$dnaninf)
    __fpl_dretinf                            0x080074a5   Thumb Code    12  dretinf.o(x$fpl$dretinf)
    __aeabi_f2d                              0x080074b1   Thumb Code     0  f2d.o(x$fpl$f2d)
    _f2d                                     0x080074b1   Thumb Code    86  f2d.o(x$fpl$f2d)
    __fpl_fnaninf                            0x08007507   Thumb Code   140  fnaninf.o(x$fpl$fnaninf)
    _fp_init                                 0x08007593   Thumb Code    26  fpinit.o(x$fpl$fpinit)
    __fplib_config_fpu_vfp                   0x080075ab   Thumb Code     0  fpinit.o(x$fpl$fpinit)
    __fplib_config_pureend_doubles           0x080075ab   Thumb Code     0  fpinit.o(x$fpl$fpinit)
    __fpl_fretinf                            0x080075ad   Thumb Code    10  fretinf.o(x$fpl$fretinf)
    __I$use$fp                               0x080075b6   Number         0  usenofp.o(x$fpl$usenofp)
    AHBPrescTable                            0x080075d4   Data          16  system_stm32f4xx.o(.rodata.AHBPrescTable)
    APBPrescTable                            0x080075e4   Data           8  system_stm32f4xx.o(.rodata.APBPrescTable)
    Region$$Table$$Base                      0x0800763c   Number         0  anon$$obj.o(Region$$Table)
    Region$$Table$$Limit                     0x0800765c   Number         0  anon$$obj.o(Region$$Table)
    SystemCoreClock                          0x20000000   Data           4  system_stm32f4xx.o(.data.SystemCoreClock)
    uwTickFreq                               0x20000004   Data           1  stm32f4xx_hal.o(.data.uwTickFreq)
    uwTickPrio                               0x20000008   Data           4  stm32f4xx_hal.o(.data.uwTickPrio)
    __libspace_start                         0x20000010   Data          96  libspace.o(.bss)
    __temporary_stack_top$libspace           0x20000070   Data           0  libspace.o(.bss)
    Omain_handle                             0x20000090   Data           4  maincpp.o(.bss.Omain_handle)
    Remote_control_handle                    0x20000094   Data           4  maincpp.o(.bss.Remote_control_handle)
    Servo1_Motor_handle                      0x20000098   Data           4  maincpp.o(.bss.Servo1_Motor_handle)
    Servo2_Motor_handle                      0x2000009c   Data           4  maincpp.o(.bss.Servo2_Motor_handle)
    control                                  0x200000e0   Data          24  maincpp.o(.bss.control)
    defaultTaskHandle                        0x200000f8   Data           4  freertos.o(.bss.defaultTaskHandle)
    hcan1                                    0x200000fc   Data          40  can.o(.bss.hcan1)
    hcan2                                    0x20000124   Data          40  can.o(.bss.hcan2)
    hdma_usart6_rx                           0x2000014c   Data          96  usart.o(.bss.hdma_usart6_rx)
    htim4                                    0x200001ac   Data          72  tim.o(.bss.htim4)
    htim5                                    0x200001f4   Data          72  tim.o(.bss.htim5)
    huart3                                   0x2000023c   Data          72  usart.o(.bss.huart3)
    huart6                                   0x20000284   Data          72  usart.o(.bss.huart6)
    pxCurrentTCB                             0x200002d0   Data           4  tasks.o(.bss.pxCurrentTCB)
    servoX                                   0x2000036c   Data          40  maincpp.o(.bss.servoX)
    servoY                                   0x20000394   Data          40  maincpp.o(.bss.servoY)
    uwTick                                   0x20003fd0   Data           4  stm32f4xx_hal.o(.bss.uwTick)
    x                                        0x20003fe8   Data           4  maincpp.o(.bss.x)
    xQueue                                   0x200042a0   Data           4  maincpp.o(.bss.xQueue)
    y                                        0x200042e0   Data           4  maincpp.o(.bss.y)
    yaw                                      0x200042e4   Data           4  maincpp.o(.bss.yaw)



==============================================================================

Memory Map of the image

  Image Entry point : 0x080001ad

  Load Region LR_IROM1 (Base: 0x08000000, Size: 0x00007670, Max: 0x00200000, ABSOLUTE)

    Execution Region ER_IROM1 (Exec base: 0x08000000, Load base: 0x08000000, Size: 0x0000765c, Max: 0x00200000, ABSOLUTE)

    Exec Addr    Load Addr    Size         Type   Attr      Idx    E Section Name        Object

    0x08000000   0x08000000   0x000001ac   Data   RO            3    RESET               startup_stm32f427xx.o
    0x080001ac   0x080001ac   0x00000008   Code   RO         1940  * !!!main             c_w.l(__main.o)
    0x080001b4   0x080001b4   0x0000005c   Code   RO         2207    !!!scatter          c_w.l(__scatter.o)
    0x08000210   0x08000210   0x0000001a   Code   RO         2211    !!handler_copy      c_w.l(__scatter_copy.o)
    0x0800022a   0x0800022a   0x00000002   PAD
    0x0800022c   0x0800022c   0x00000002   Code   RO         2208    !!handler_null      c_w.l(__scatter.o)
    0x0800022e   0x0800022e   0x00000002   PAD
    0x08000230   0x08000230   0x0000001c   Code   RO         2213    !!handler_zi        c_w.l(__scatter_zi.o)
    0x0800024c   0x0800024c   0x00000002   Code   RO         2150    .ARM.Collect$$libinit$$00000000  c_w.l(libinit.o)
    0x0800024e   0x0800024e   0x00000004   Code   RO         2002    .ARM.Collect$$libinit$$00000001  c_w.l(libinit2.o)
    0x08000252   0x08000252   0x00000000   Code   RO         2005    .ARM.Collect$$libinit$$00000004  c_w.l(libinit2.o)
    0x08000252   0x08000252   0x00000000   Code   RO         2007    .ARM.Collect$$libinit$$00000006  c_w.l(libinit2.o)
    0x08000252   0x08000252   0x00000000   Code   RO         2010    .ARM.Collect$$libinit$$0000000C  c_w.l(libinit2.o)
    0x08000252   0x08000252   0x00000000   Code   RO         2012    .ARM.Collect$$libinit$$0000000E  c_w.l(libinit2.o)
    0x08000252   0x08000252   0x00000000   Code   RO         2014    .ARM.Collect$$libinit$$00000010  c_w.l(libinit2.o)
    0x08000252   0x08000252   0x00000000   Code   RO         2017    .ARM.Collect$$libinit$$00000013  c_w.l(libinit2.o)
    0x08000252   0x08000252   0x00000000   Code   RO         2019    .ARM.Collect$$libinit$$00000015  c_w.l(libinit2.o)
    0x08000252   0x08000252   0x00000000   Code   RO         2021    .ARM.Collect$$libinit$$00000017  c_w.l(libinit2.o)
    0x08000252   0x08000252   0x00000000   Code   RO         2023    .ARM.Collect$$libinit$$00000019  c_w.l(libinit2.o)
    0x08000252   0x08000252   0x00000000   Code   RO         2025    .ARM.Collect$$libinit$$0000001B  c_w.l(libinit2.o)
    0x08000252   0x08000252   0x00000000   Code   RO         2027    .ARM.Collect$$libinit$$0000001D  c_w.l(libinit2.o)
    0x08000252   0x08000252   0x00000000   Code   RO         2029    .ARM.Collect$$libinit$$0000001F  c_w.l(libinit2.o)
    0x08000252   0x08000252   0x00000000   Code   RO         2031    .ARM.Collect$$libinit$$00000021  c_w.l(libinit2.o)
    0x08000252   0x08000252   0x00000000   Code   RO         2033    .ARM.Collect$$libinit$$00000023  c_w.l(libinit2.o)
    0x08000252   0x08000252   0x00000000   Code   RO         2035    .ARM.Collect$$libinit$$00000025  c_w.l(libinit2.o)
    0x08000252   0x08000252   0x00000000   Code   RO         2037    .ARM.Collect$$libinit$$00000027  c_w.l(libinit2.o)
    0x08000252   0x08000252   0x00000000   Code   RO         2041    .ARM.Collect$$libinit$$0000002E  c_w.l(libinit2.o)
    0x08000252   0x08000252   0x00000000   Code   RO         2043    .ARM.Collect$$libinit$$00000030  c_w.l(libinit2.o)
    0x08000252   0x08000252   0x00000000   Code   RO         2045    .ARM.Collect$$libinit$$00000032  c_w.l(libinit2.o)
    0x08000252   0x08000252   0x00000000   Code   RO         2047    .ARM.Collect$$libinit$$00000034  c_w.l(libinit2.o)
    0x08000252   0x08000252   0x00000002   Code   RO         2048    .ARM.Collect$$libinit$$00000035  c_w.l(libinit2.o)
    0x08000254   0x08000254   0x00000002   Code   RO         2204    .ARM.Collect$$libshutdown$$00000000  c_w.l(libshutdown.o)
    0x08000256   0x08000256   0x00000000   Code   RO         2164    .ARM.Collect$$libshutdown$$00000002  c_w.l(libshutdown2.o)
    0x08000256   0x08000256   0x00000000   Code   RO         2166    .ARM.Collect$$libshutdown$$00000004  c_w.l(libshutdown2.o)
    0x08000256   0x08000256   0x00000000   Code   RO         2169    .ARM.Collect$$libshutdown$$00000007  c_w.l(libshutdown2.o)
    0x08000256   0x08000256   0x00000000   Code   RO         2172    .ARM.Collect$$libshutdown$$0000000A  c_w.l(libshutdown2.o)
    0x08000256   0x08000256   0x00000000   Code   RO         2174    .ARM.Collect$$libshutdown$$0000000C  c_w.l(libshutdown2.o)
    0x08000256   0x08000256   0x00000000   Code   RO         2177    .ARM.Collect$$libshutdown$$0000000F  c_w.l(libshutdown2.o)
    0x08000256   0x08000256   0x00000002   Code   RO         2178    .ARM.Collect$$libshutdown$$00000010  c_w.l(libshutdown2.o)
    0x08000258   0x08000258   0x00000000   Code   RO         1962    .ARM.Collect$$rtentry$$00000000  c_w.l(__rtentry.o)
    0x08000258   0x08000258   0x00000000   Code   RO         2082    .ARM.Collect$$rtentry$$00000002  c_w.l(__rtentry2.o)
    0x08000258   0x08000258   0x00000006   Code   RO         2094    .ARM.Collect$$rtentry$$00000004  c_w.l(__rtentry4.o)
    0x0800025e   0x0800025e   0x00000000   Code   RO         2084    .ARM.Collect$$rtentry$$00000009  c_w.l(__rtentry2.o)
    0x0800025e   0x0800025e   0x00000004   Code   RO         2085    .ARM.Collect$$rtentry$$0000000A  c_w.l(__rtentry2.o)
    0x08000262   0x08000262   0x00000000   Code   RO         2087    .ARM.Collect$$rtentry$$0000000C  c_w.l(__rtentry2.o)
    0x08000262   0x08000262   0x00000008   Code   RO         2088    .ARM.Collect$$rtentry$$0000000D  c_w.l(__rtentry2.o)
    0x0800026a   0x0800026a   0x00000002   Code   RO         2151    .ARM.Collect$$rtexit$$00000000  c_w.l(rtexit.o)
    0x0800026c   0x0800026c   0x00000000   Code   RO         2180    .ARM.Collect$$rtexit$$00000002  c_w.l(rtexit2.o)
    0x0800026c   0x0800026c   0x00000004   Code   RO         2181    .ARM.Collect$$rtexit$$00000003  c_w.l(rtexit2.o)
    0x08000270   0x08000270   0x00000006   Code   RO         2182    .ARM.Collect$$rtexit$$00000004  c_w.l(rtexit2.o)
    0x08000276   0x08000276   0x00000002   PAD
    0x08000278   0x08000278   0x00000040   Code   RO            4    .text               startup_stm32f427xx.o
    0x080002b8   0x080002b8   0x000000f0   Code   RO         1928    .text               c_w.l(lludivv7m.o)
    0x080003a8   0x080003a8   0x0000008a   Code   RO         1930    .text               c_w.l(rt_memcpy_v6.o)
    0x08000432   0x08000432   0x0000004e   Code   RO         1936    .text               c_w.l(rt_memclr_w.o)
    0x08000480   0x08000480   0x00000006   Code   RO         1938    .text               c_w.l(heapauxi.o)
    0x08000486   0x08000486   0x00000016   Code   RO         1996    .text               c_w.l(_rserrno.o)
    0x0800049c   0x0800049c   0x00000064   Code   RO         1998    .text               c_w.l(rt_memcpy_w.o)
    0x08000500   0x08000500   0x00000008   Code   RO         2078    .text               c_w.l(libspace.o)
    0x08000508   0x08000508   0x00000008   Code   RO         2101    .text               c_w.l(rt_errno_addr_intlibspace.o)
    0x08000510   0x08000510   0x0000004a   Code   RO         2125    .text               c_w.l(sys_stackheap_outer.o)
    0x0800055a   0x0800055a   0x00000012   Code   RO         2131    .text               c_w.l(exit.o)
    0x0800056c   0x0800056c   0x00000004   Code   RO          159    .text.BusFault_Handler  stm32f4xx_it.o
    0x08000570   0x08000570   0x00000010   Code   RO          167    .text.CAN1_RX0_IRQHandler  stm32f4xx_it.o
    0x08000580   0x08000580   0x00000010   Code   RO          169    .text.CAN1_RX1_IRQHandler  stm32f4xx_it.o
    0x08000590   0x08000590   0x00000010   Code   RO          173    .text.CAN2_RX0_IRQHandler  stm32f4xx_it.o
    0x080005a0   0x080005a0   0x00000010   Code   RO          175    .text.CAN2_RX1_IRQHandler  stm32f4xx_it.o
    0x080005b0   0x080005b0   0x000000e0   Code   RO         1322    .text.CANFIFOxCallback  bsp_can.o
    0x08000690   0x08000690   0x00000010   Code   RO          171    .text.DMA2_Stream1_IRQHandler  stm32f4xx_it.o
    0x080006a0   0x080006a0   0x00000056   Code   RO          471    .text.DMA_CalcBaseAndBitshift  stm32f4xx_hal_dma.o
    0x080006f6   0x080006f6   0x00000002   PAD
    0x080006f8   0x080006f8   0x000000f0   Code   RO          469    .text.DMA_CheckFifoParam  stm32f4xx_hal_dma.o
    0x080007e8   0x080007e8   0x00000050   Code   RO          477    .text.DMA_SetConfig  stm32f4xx_hal_dma.o
    0x08000838   0x08000838   0x00000002   Code   RO          163    .text.DebugMon_Handler  stm32f4xx_it.o
    0x0800083a   0x0800083a   0x00000002   PAD
    0x0800083c   0x0800083c   0x00000006   Code   RO           54    .text.Error_Handler  main.o
    0x08000842   0x08000842   0x00000002   PAD
    0x08000844   0x08000844   0x00000008   Code   RO          258    .text.HAL_CAN_ErrorCallback  stm32f4xx_hal_can.o
    0x0800084c   0x0800084c   0x00000052   Code   RO          226    .text.HAL_CAN_GetRxFifoFillLevel  stm32f4xx_hal_can.o
    0x0800089e   0x0800089e   0x00000002   PAD
    0x080008a0   0x080008a0   0x00000212   Code   RO          224    .text.HAL_CAN_GetRxMessage  stm32f4xx_hal_can.o
    0x08000ab2   0x08000ab2   0x00000002   PAD
    0x08000ab4   0x08000ab4   0x000003f2   Code   RO          232    .text.HAL_CAN_IRQHandler  stm32f4xx_hal_can.o
    0x08000ea6   0x08000ea6   0x00000002   PAD
    0x08000ea8   0x08000ea8   0x000001de   Code   RO          194    .text.HAL_CAN_Init  stm32f4xx_hal_can.o
    0x08001086   0x08001086   0x00000002   PAD
    0x08001088   0x08001088   0x000001b0   Code   RO           94    .text.HAL_CAN_MspInit  can.o
    0x08001238   0x08001238   0x00000008   Code   RO          246    .text.HAL_CAN_RxFifo0FullCallback  stm32f4xx_hal_can.o
    0x08001240   0x08001240   0x00000012   Code   RO         1320    .text.HAL_CAN_RxFifo0MsgPendingCallback  bsp_can.o
    0x08001252   0x08001252   0x00000002   PAD
    0x08001254   0x08001254   0x00000008   Code   RO          250    .text.HAL_CAN_RxFifo1FullCallback  stm32f4xx_hal_can.o
    0x0800125c   0x0800125c   0x00000012   Code   RO         1324    .text.HAL_CAN_RxFifo1MsgPendingCallback  bsp_can.o
    0x0800126e   0x0800126e   0x00000002   PAD
    0x08001270   0x08001270   0x00000008   Code   RO          254    .text.HAL_CAN_SleepCallback  stm32f4xx_hal_can.o
    0x08001278   0x08001278   0x00000008   Code   RO          236    .text.HAL_CAN_TxMailbox0AbortCallback  stm32f4xx_hal_can.o
    0x08001280   0x08001280   0x00000008   Code   RO          234    .text.HAL_CAN_TxMailbox0CompleteCallback  stm32f4xx_hal_can.o
    0x08001288   0x08001288   0x00000008   Code   RO          240    .text.HAL_CAN_TxMailbox1AbortCallback  stm32f4xx_hal_can.o
    0x08001290   0x08001290   0x00000008   Code   RO          238    .text.HAL_CAN_TxMailbox1CompleteCallback  stm32f4xx_hal_can.o
    0x08001298   0x08001298   0x00000008   Code   RO          244    .text.HAL_CAN_TxMailbox2AbortCallback  stm32f4xx_hal_can.o
    0x080012a0   0x080012a0   0x00000008   Code   RO          242    .text.HAL_CAN_TxMailbox2CompleteCallback  stm32f4xx_hal_can.o
    0x080012a8   0x080012a8   0x00000008   Code   RO          256    .text.HAL_CAN_WakeUpFromRxMsgCallback  stm32f4xx_hal_can.o
    0x080012b0   0x080012b0   0x000000ec   Code   RO          481    .text.HAL_DMA_Abort  stm32f4xx_hal_dma.o
    0x0800139c   0x0800139c   0x00000044   Code   RO          483    .text.HAL_DMA_Abort_IT  stm32f4xx_hal_dma.o
    0x080013e0   0x080013e0   0x0000031e   Code   RO          487    .text.HAL_DMA_IRQHandler  stm32f4xx_hal_dma.o
    0x080016fe   0x080016fe   0x00000002   PAD
    0x08001700   0x08001700   0x0000016e   Code   RO          467    .text.HAL_DMA_Init  stm32f4xx_hal_dma.o
    0x0800186e   0x0800186e   0x00000002   PAD
    0x08001870   0x08001870   0x000000c2   Code   RO          479    .text.HAL_DMA_Start_IT  stm32f4xx_hal_dma.o
    0x08001932   0x08001932   0x00000002   PAD
    0x08001934   0x08001934   0x000003ee   Code   RO          429    .text.HAL_GPIO_Init  stm32f4xx_hal_gpio.o
    0x08001d22   0x08001d22   0x00000002   PAD
    0x08001d24   0x08001d24   0x0000002e   Code   RO          435    .text.HAL_GPIO_WritePin  stm32f4xx_hal_gpio.o
    0x08001d52   0x08001d52   0x00000002   PAD
    0x08001d54   0x08001d54   0x0000000c   Code   RO          660    .text.HAL_GetTick   stm32f4xx_hal.o
    0x08001d60   0x08001d60   0x0000001a   Code   RO          658    .text.HAL_IncTick   stm32f4xx_hal.o
    0x08001d7a   0x08001d7a   0x00000002   PAD
    0x08001d7c   0x08001d7c   0x00000036   Code   RO          648    .text.HAL_Init      stm32f4xx_hal.o
    0x08001db2   0x08001db2   0x00000002   PAD
    0x08001db4   0x08001db4   0x00000070   Code   RO          650    .text.HAL_InitTick  stm32f4xx_hal.o
    0x08001e24   0x08001e24   0x00000058   Code   RO          186    .text.HAL_MspInit   stm32f4xx_hal_msp.o
    0x08001e7c   0x08001e7c   0x00000014   Code   RO          583    .text.HAL_NVIC_EnableIRQ  stm32f4xx_hal_cortex.o
    0x08001e90   0x08001e90   0x00000032   Code   RO          575    .text.HAL_NVIC_SetPriority  stm32f4xx_hal_cortex.o
    0x08001ec2   0x08001ec2   0x00000002   PAD
    0x08001ec4   0x08001ec4   0x00000010   Code   RO          571    .text.HAL_NVIC_SetPriorityGrouping  stm32f4xx_hal_cortex.o
    0x08001ed4   0x08001ed4   0x000000be   Code   RO          558    .text.HAL_PWREx_EnableOverDrive  stm32f4xx_hal_pwr_ex.o
    0x08001f92   0x08001f92   0x00000002   PAD
    0x08001f94   0x08001f94   0x00000262   Code   RO          277    .text.HAL_RCC_ClockConfig  stm32f4xx_hal_rcc.o
    0x080021f6   0x080021f6   0x00000002   PAD
    0x080021f8   0x080021f8   0x0000000c   Code   RO          287    .text.HAL_RCC_GetHCLKFreq  stm32f4xx_hal_rcc.o
    0x08002204   0x08002204   0x00000022   Code   RO          289    .text.HAL_RCC_GetPCLK1Freq  stm32f4xx_hal_rcc.o
    0x08002226   0x08002226   0x00000002   PAD
    0x08002228   0x08002228   0x00000022   Code   RO          291    .text.HAL_RCC_GetPCLK2Freq  stm32f4xx_hal_rcc.o
    0x0800224a   0x0800224a   0x00000002   PAD
    0x0800224c   0x0800224c   0x000000e6   Code   RO          279    .text.HAL_RCC_GetSysClockFreq  stm32f4xx_hal_rcc.o
    0x08002332   0x08002332   0x00000002   PAD
    0x08002334   0x08002334   0x000006be   Code   RO          275    .text.HAL_RCC_OscConfig  stm32f4xx_hal_rcc.o
    0x080029f2   0x080029f2   0x00000002   PAD
    0x080029f4   0x080029f4   0x00000010   Code   RO          595    .text.HAL_SYSTICK_Config  stm32f4xx_hal_cortex.o
    0x08002a04   0x08002a04   0x00000122   Code   RO         1054    .text.HAL_TIMEx_MasterConfigSynchronization  stm32f4xx_hal_tim_ex.o
    0x08002b26   0x08002b26   0x00000002   PAD
    0x08002b28   0x08002b28   0x0000009c   Code   RO          741    .text.HAL_TIM_Base_Init  stm32f4xx_hal_tim.o
    0x08002bc4   0x08002bc4   0x00000076   Code   RO          122    .text.HAL_TIM_Base_MspInit  tim.o
    0x08002c3a   0x08002c3a   0x00000002   PAD
    0x08002c3c   0x08002c3c   0x00000184   Code   RO          933    .text.HAL_TIM_ConfigClockSource  stm32f4xx_hal_tim.o
    0x08002dc0   0x08002dc0   0x0000010a   Code   RO          118    .text.HAL_TIM_MspPostInit  tim.o
    0x08002eca   0x08002eca   0x00000002   PAD
    0x08002ecc   0x08002ecc   0x00000142   Code   RO          907    .text.HAL_TIM_PWM_ConfigChannel  stm32f4xx_hal_tim.o
    0x0800300e   0x0800300e   0x00000002   PAD
    0x08003010   0x08003010   0x0000009c   Code   RO          795    .text.HAL_TIM_PWM_Init  stm32f4xx_hal_tim.o
    0x080030ac   0x080030ac   0x00000008   Code   RO          797    .text.HAL_TIM_PWM_MspInit  stm32f4xx_hal_tim.o
    0x080030b4   0x080030b4   0x000001ca   Code   RO          803    .text.HAL_TIM_PWM_Start  stm32f4xx_hal_tim.o
    0x0800327e   0x0800327e   0x00000002   PAD
    0x08003280   0x08003280   0x000000c2   Code   RO         1131    .text.HAL_UARTEx_ReceiveToIdle_DMA  stm32f4xx_hal_uart.o
    0x08003342   0x08003342   0x00000002   PAD
    0x08003344   0x08003344   0x000000d2   Code   RO         1350    .text.HAL_UARTEx_RxEventCallback  bsp_usart.o
    0x08003416   0x08003416   0x00000002   PAD
    0x08003418   0x08003418   0x0000008a   Code   RO         1352    .text.HAL_UART_ErrorCallback  bsp_usart.o
    0x080034a2   0x080034a2   0x00000002   PAD
    0x080034a4   0x080034a4   0x0000042c   Code   RO         1161    .text.HAL_UART_IRQHandler  stm32f4xx_hal_uart.o
    0x080038d0   0x080038d0   0x0000009e   Code   RO         1077    .text.HAL_UART_Init  stm32f4xx_hal_uart.o
    0x0800396e   0x0800396e   0x00000002   PAD
    0x08003970   0x08003970   0x0000017a   Code   RO          139    .text.HAL_UART_MspInit  usart.o
    0x08003aea   0x08003aea   0x00000002   PAD
    0x08003aec   0x08003aec   0x00000008   Code   RO         1179    .text.HAL_UART_RxCpltCallback  stm32f4xx_hal_uart.o
    0x08003af4   0x08003af4   0x00000008   Code   RO         1181    .text.HAL_UART_RxHalfCpltCallback  stm32f4xx_hal_uart.o
    0x08003afc   0x08003afc   0x00000008   Code   RO         1175    .text.HAL_UART_TxCpltCallback  stm32f4xx_hal_uart.o
    0x08003b04   0x08003b04   0x00000004   Code   RO          155    .text.HardFault_Handler  stm32f4xx_it.o
    0x08003b08   0x08003b08   0x0000004e   Code   RO           90    .text.MX_CAN1_Init  can.o
    0x08003b56   0x08003b56   0x00000002   PAD
    0x08003b58   0x08003b58   0x0000004e   Code   RO           92    .text.MX_CAN2_Init  can.o
    0x08003ba6   0x08003ba6   0x00000002   PAD
    0x08003ba8   0x08003ba8   0x0000003c   Code   RO          108    .text.MX_DMA_Init   dma.o
    0x08003be4   0x08003be4   0x00000046   Code   RO           74    .text.MX_FREERTOS_Init  freertos.o
    0x08003c2a   0x08003c2a   0x00000002   PAD
    0x08003c2c   0x08003c2c   0x0000010e   Code   RO           64    .text.MX_GPIO_Init  gpio.o
    0x08003d3a   0x08003d3a   0x00000002   PAD
    0x08003d3c   0x08003d3c   0x00000128   Code   RO          116    .text.MX_TIM4_Init  tim.o
    0x08003e64   0x08003e64   0x00000128   Code   RO          120    .text.MX_TIM5_Init  tim.o
    0x08003f8c   0x08003f8c   0x00000040   Code   RO          135    .text.MX_USART3_UART_Init  usart.o
    0x08003fcc   0x08003fcc   0x00000040   Code   RO          137    .text.MX_USART6_UART_Init  usart.o
    0x0800400c   0x0800400c   0x00000004   Code   RO          157    .text.MemManage_Handler  stm32f4xx_it.o
    0x08004010   0x08004010   0x00000004   Code   RO          153    .text.NMI_Handler   stm32f4xx_it.o
    0x08004014   0x08004014   0x0000006c   Code   RO          581    .text.NVIC_EncodePriority  stm32f4xx_hal_cortex.o
    0x08004080   0x08004080   0x00000064   Code   RO         1855    .text.PendSV_Handler  port.o
    0x080040e4   0x080040e4   0x0000000c   PAD
    0x080040f0   0x080040f0   0x00000024   Code   RO         1839    .text.SVC_Handler   port.o
    0x08004114   0x08004114   0x00000010   Code   RO           76    .text.StartDefaultTask  freertos.o
    0x08004124   0x08004124   0x00000052   Code   RO          597    .text.SysTick_Config  stm32f4xx_hal_cortex.o
    0x08004176   0x08004176   0x00000002   PAD
    0x08004178   0x08004178   0x00000018   Code   RO          165    .text.SysTick_Handler  stm32f4xx_it.o
    0x08004190   0x08004190   0x000000ca   Code   RO           52    .text.SystemClock_Config  main.o
    0x0800425a   0x0800425a   0x00000002   PAD
    0x0800425c   0x0800425c   0x00000012   Code   RO         1208    .text.SystemInit    system_stm32f4xx.o
    0x0800426e   0x0800426e   0x00000002   PAD
    0x08004270   0x08004270   0x000001b0   Code   RO          745    .text.TIM_Base_SetConfig  stm32f4xx_hal_tim.o
    0x08004420   0x08004420   0x00000036   Code   RO          779    .text.TIM_CCxChannelCmd  stm32f4xx_hal_tim.o
    0x08004456   0x08004456   0x00000002   PAD
    0x08004458   0x08004458   0x00000034   Code   RO          931    .text.TIM_ETR_SetConfig  stm32f4xx_hal_tim.o
    0x0800448c   0x0800448c   0x0000002a   Code   RO          937    .text.TIM_ITRx_SetConfig  stm32f4xx_hal_tim.o
    0x080044b6   0x080044b6   0x00000002   PAD
    0x080044b8   0x080044b8   0x000000ea   Code   RO          889    .text.TIM_OC1_SetConfig  stm32f4xx_hal_tim.o
    0x080045a2   0x080045a2   0x00000002   PAD
    0x080045a4   0x080045a4   0x000000f4   Code   RO          891    .text.TIM_OC2_SetConfig  stm32f4xx_hal_tim.o
    0x08004698   0x08004698   0x000000f2   Code   RO          893    .text.TIM_OC3_SetConfig  stm32f4xx_hal_tim.o
    0x0800478a   0x0800478a   0x00000002   PAD
    0x0800478c   0x0800478c   0x000000a4   Code   RO          895    .text.TIM_OC4_SetConfig  stm32f4xx_hal_tim.o
    0x08004830   0x08004830   0x00000050   Code   RO          935    .text.TIM_TI1_ConfigInputStage  stm32f4xx_hal_tim.o
    0x08004880   0x08004880   0x00000052   Code   RO          939    .text.TIM_TI2_ConfigInputStage  stm32f4xx_hal_tim.o
    0x080048d2   0x080048d2   0x00000002   PAD
    0x080048d4   0x080048d4   0x00000020   Code   RO         1165    .text.UART_DMAAbortOnError  stm32f4xx_hal_uart.o
    0x080048f4   0x080048f4   0x0000007c   Code   RO         1111    .text.UART_DMAError  stm32f4xx_hal_uart.o
    0x08004970   0x08004970   0x000000f4   Code   RO         1197    .text.UART_DMAReceiveCplt  stm32f4xx_hal_uart.o
    0x08004a64   0x08004a64   0x00000034   Code   RO         1199    .text.UART_DMARxHalfCplt  stm32f4xx_hal_uart.o
    0x08004a98   0x08004a98   0x00000094   Code   RO         1125    .text.UART_EndRxTransfer  stm32f4xx_hal_uart.o
    0x08004b2c   0x08004b2c   0x00000026   Code   RO         1173    .text.UART_EndTransmit_IT  stm32f4xx_hal_uart.o
    0x08004b52   0x08004b52   0x00000002   PAD
    0x08004b54   0x08004b54   0x00000036   Code   RO         1123    .text.UART_EndTxTransfer  stm32f4xx_hal_uart.o
    0x08004b8a   0x08004b8a   0x00000002   PAD
    0x08004b8c   0x08004b8c   0x0000016a   Code   RO         1163    .text.UART_Receive_IT  stm32f4xx_hal_uart.o
    0x08004cf6   0x08004cf6   0x00000002   PAD
    0x08004cf8   0x08004cf8   0x0000013a   Code   RO         1081    .text.UART_SetConfig  stm32f4xx_hal_uart.o
    0x08004e32   0x08004e32   0x00000002   PAD
    0x08004e34   0x08004e34   0x0000010c   Code   RO         1115    .text.UART_Start_Receive_DMA  stm32f4xx_hal_uart.o
    0x08004f40   0x08004f40   0x00000094   Code   RO         1171    .text.UART_Transmit_IT  stm32f4xx_hal_uart.o
    0x08004fd4   0x08004fd4   0x00000010   Code   RO          177    .text.USART6_IRQHandler  stm32f4xx_it.o
    0x08004fe4   0x08004fe4   0x00000004   Code   RO          161    .text.UsageFault_Handler  stm32f4xx_it.o
    0x08004fe8   0x08004fe8   0x00000010   Code   RO           13    .text._Z11Onmain_TaskPv  maincpp.o
    0x08004ff8   0x08004ff8   0x00000040   Code   RO           19    .text._Z13remoteControlPv  maincpp.o
    0x08005038   0x08005038   0x0000001c   Code   RO           15    .text._Z16OnServo1_ControlPv  maincpp.o
    0x08005054   0x08005054   0x00000010   Code   RO           17    .text._Z16OnServo2_ControlPv  maincpp.o
    0x08005064   0x08005064   0x000002ac   Code   RO         1253    .text._ZN5Servo12Servo_base_t7controlEv  servo.o
    0x08005310   0x08005310   0x00000056   Code   RO           45    .text._ZN5Servo12Servo_base_tC2EP17TIM_HandleTypeDefjfffff  maincpp.o
    0x08005366   0x08005366   0x00000002   PAD
    0x08005368   0x08005368   0x000001b4   Code   RO         1261    .text._ZN7Control9Control_t13controlUpdateEfff  control.o
    0x0800551c   0x0800551c   0x0000001e   Code   RO           47    .text._ZN7Control9Control_tC2EPN5Servo12Servo_base_tES3_  maincpp.o
    0x0800553a   0x0800553a   0x00000002   PAD
    0x0800553c   0x0800553c   0x00000014   Code   RO         1269    .text._ZNSt3__26__math4atanB8nn190000Ef  control.o
    0x08005550   0x08005550   0x00000014   Code   RO         1271    .text._ZNSt3__26__math4sqrtB8nn190000Ef  control.o
    0x08005564   0x08005564   0x00000030   Code   RO          585    .text.__NVIC_EnableIRQ  stm32f4xx_hal_cortex.o
    0x08005594   0x08005594   0x00000010   Code   RO          577    .text.__NVIC_GetPriorityGrouping  stm32f4xx_hal_cortex.o
    0x080055a4   0x080055a4   0x00000042   Code   RO          579    .text.__NVIC_SetPriority  stm32f4xx_hal_cortex.o
    0x080055e6   0x080055e6   0x00000002   PAD
    0x080055e8   0x080055e8   0x0000003c   Code   RO          573    .text.__NVIC_SetPriorityGrouping  stm32f4xx_hal_cortex.o
    0x08005624   0x08005624   0x00000008   Code   RO           23    .text._sys_exit     maincpp.o
    0x0800562c   0x0800562c   0x00000040   Code   RO           50    .text.main          main.o
    0x0800566c   0x0800566c   0x00000204   Code   RO           11    .text.main_cpp      maincpp.o
    0x08005870   0x08005870   0x00000028   Code   RO         1694    .text.makeFreeRtosPriority  cmsis_os.o
    0x08005898   0x08005898   0x00000028   Code   RO         1708    .text.osDelay       cmsis_os.o
    0x080058c0   0x080058c0   0x0000000a   Code   RO         1684    .text.osKernelStart  cmsis_os.o
    0x080058ca   0x080058ca   0x00000002   PAD
    0x080058cc   0x080058cc   0x000000ac   Code   RO         1692    .text.osThreadCreate  cmsis_os.o
    0x08005978   0x08005978   0x000000f4   Code   RO         1568    .text.prvAddCurrentTaskToDelayedList  tasks.o
    0x08005a6c   0x08005a6c   0x00000110   Code   RO         1554    .text.prvAddNewTaskToReadyList  tasks.o
    0x08005b7c   0x08005b7c   0x0000005a   Code   RO         1652    .text.prvCheckTasksWaitingTermination  tasks.o
    0x08005bd6   0x08005bd6   0x00000002   PAD
    0x08005bd8   0x08005bd8   0x0000005e   Code   RO         1560    .text.prvDeleteTCB  tasks.o
    0x08005c36   0x08005c36   0x00000002   PAD
    0x08005c38   0x08005c38   0x000000bc   Code   RO         1806    .text.prvHeapInit   heap_4.o
    0x08005cf4   0x08005cf4   0x00000038   Code   RO         1590    .text.prvIdleTask   tasks.o
    0x08005d2c   0x08005d2c   0x0000003e   Code   RO         1435    .text.prvInitialiseNewQueue  queue.o
    0x08005d6a   0x08005d6a   0x00000002   PAD
    0x08005d6c   0x08005d6c   0x00000114   Code   RO         1552    .text.prvInitialiseNewTask  tasks.o
    0x08005e80   0x08005e80   0x0000008e   Code   RO         1650    .text.prvInitialiseTaskLists  tasks.o
    0x08005f0e   0x08005f0e   0x00000002   PAD
    0x08005f10   0x08005f10   0x000000c6   Code   RO         1808    .text.prvInsertBlockIntoFreeList  heap_4.o
    0x08005fd6   0x08005fd6   0x00000002   PAD
    0x08005fd8   0x08005fd8   0x00000028   Code   RO         1847    .text.prvPortStartFirstTask  port.o
    0x08006000   0x08006000   0x00000046   Code   RO         1562    .text.prvResetNextTaskUnblockTime  tasks.o
    0x08006046   0x08006046   0x00000002   PAD
    0x08006048   0x08006048   0x0000004c   Code   RO         1837    .text.prvTaskExitError  port.o
    0x08006094   0x08006094   0x000001ec   Code   RO         1804    .text.pvPortMalloc  heap_4.o
    0x08006280   0x08006280   0x0000005e   Code   RO         1835    .text.pxPortInitialiseStack  port.o
    0x080062de   0x080062de   0x00000002   PAD
    0x080062e0   0x080062e0   0x00000048   Code   RO         1422    .text.uxListRemove  list.o
    0x08006328   0x08006328   0x0000002a   Code   RO           72    .text.vApplicationGetIdleTaskMemory  freertos.o
    0x08006352   0x08006352   0x00000002   PAD
    0x08006354   0x08006354   0x0000002e   Code   RO         1414    .text.vListInitialise  list.o
    0x08006382   0x08006382   0x00000002   PAD
    0x08006384   0x08006384   0x0000000e   Code   RO         1416    .text.vListInitialiseItem  list.o
    0x08006392   0x08006392   0x00000002   PAD
    0x08006394   0x08006394   0x0000006a   Code   RO         1420    .text.vListInsert   list.o
    0x080063fe   0x080063fe   0x00000002   PAD
    0x08006400   0x08006400   0x0000003a   Code   RO         1418    .text.vListInsertEnd  list.o
    0x0800643a   0x0800643a   0x00000002   PAD
    0x0800643c   0x0800643c   0x00000014   Code   RO         1845    .text.vPortEnableVFP  port.o
    0x08006450   0x08006450   0x00000056   Code   RO         1851    .text.vPortEnterCritical  port.o
    0x080064a6   0x080064a6   0x00000002   PAD
    0x080064a8   0x080064a8   0x0000004a   Code   RO         1853    .text.vPortExitCritical  port.o
    0x080064f2   0x080064f2   0x00000002   PAD
    0x080064f4   0x080064f4   0x000000ce   Code   RO         1810    .text.vPortFree     heap_4.o
    0x080065c2   0x080065c2   0x00000002   PAD
    0x080065c4   0x080065c4   0x00000044   Code   RO         1843    .text.vPortSetupTimerInterrupt  port.o
    0x08006608   0x08006608   0x0000006e   Code   RO         1564    .text.vTaskDelay    tasks.o
    0x08006676   0x08006676   0x00000002   PAD
    0x08006678   0x08006678   0x000000ce   Code   RO         1588    .text.vTaskStartScheduler  tasks.o
    0x08006746   0x08006746   0x00000002   PAD
    0x08006748   0x08006748   0x00000010   Code   RO         1566    .text.vTaskSuspendAll  tasks.o
    0x08006758   0x08006758   0x000000be   Code   RO         1580    .text.vTaskSwitchContext  tasks.o
    0x08006816   0x08006816   0x00000002   PAD
    0x08006818   0x08006818   0x00000156   Code   RO         1841    .text.xPortStartScheduler  port.o
    0x0800696e   0x0800696e   0x00000002   PAD
    0x08006970   0x08006970   0x0000003c   Code   RO         1857    .text.xPortSysTickHandler  port.o
    0x080069ac   0x080069ac   0x00000074   Code   RO         1437    .text.xQueueGenericCreate  queue.o
    0x08006a20   0x08006a20   0x000000ba   Code   RO         1431    .text.xQueueGenericReset  queue.o
    0x08006ada   0x08006ada   0x00000002   PAD
    0x08006adc   0x08006adc   0x0000009e   Code   RO         1556    .text.xTaskCreate   tasks.o
    0x08006b7a   0x08006b7a   0x00000002   PAD
    0x08006b7c   0x08006b7c   0x000000ce   Code   RO         1550    .text.xTaskCreateStatic  tasks.o
    0x08006c4a   0x08006c4a   0x00000002   PAD
    0x08006c4c   0x08006c4c   0x00000038   Code   RO         1624    .text.xTaskGetSchedulerState  tasks.o
    0x08006c84   0x08006c84   0x000001b8   Code   RO         1594    .text.xTaskIncrementTick  tasks.o
    0x08006e3c   0x08006e3c   0x000000c2   Code   RO         1610    .text.xTaskRemoveFromEventList  tasks.o
    0x08006efe   0x08006efe   0x00000002   PAD
    0x08006f00   0x08006f00   0x00000178   Code   RO         1570    .text.xTaskResumeAll  tasks.o
    0x08007078   0x08007078   0x00000026   Code   RO         2058    i.__ARM_fpclassifyf  m_wm.l(fpclassifyf.o)
    0x0800709e   0x0800709e   0x00000002   PAD
    0x080070a0   0x080070a0   0x00000160   Code   RO         1948    i.__hardfp_atanf    m_wm.l(atanf.o)
    0x08007200   0x08007200   0x0000003a   Code   RO         1954    i.__hardfp_sqrtf    m_wm.l(sqrtf.o)
    0x0800723a   0x0800723a   0x00000006   Code   RO         2061    i.__mathlib_flt_infnan  m_wm.l(funder.o)
    0x08007240   0x08007240   0x00000010   Code   RO         2066    i.__mathlib_flt_underflow  m_wm.l(funder.o)
    0x08007250   0x08007250   0x00000062   Code   RO         1942    x$fpl$d2f           fz_wm.l(d2f.o)
    0x080072b2   0x080072b2   0x00000002   PAD
    0x080072b4   0x080072b4   0x00000154   Code   RO         1944    x$fpl$dmul          fz_wm.l(dmul.o)
    0x08007408   0x08007408   0x0000009c   Code   RO         2049    x$fpl$dnaninf       fz_wm.l(dnaninf.o)
    0x080074a4   0x080074a4   0x0000000c   Code   RO         2051    x$fpl$dretinf       fz_wm.l(dretinf.o)
    0x080074b0   0x080074b0   0x00000056   Code   RO         1946    x$fpl$f2d           fz_wm.l(f2d.o)
    0x08007506   0x08007506   0x0000008c   Code   RO         2053    x$fpl$fnaninf       fz_wm.l(fnaninf.o)
    0x08007592   0x08007592   0x0000001a   Code   RO         2120    x$fpl$fpinit        fz_wm.l(fpinit.o)
    0x080075ac   0x080075ac   0x0000000a   Code   RO         2055    x$fpl$fretinf       fz_wm.l(fretinf.o)
    0x080075b6   0x080075b6   0x00000000   Code   RO         2057    x$fpl$usenofp       fz_wm.l(usenofp.o)
    0x080075b6   0x080075b6   0x00000002   PAD
    0x080075b8   0x080075b8   0x0000001c   Data   RO           81    .rodata..L__const.MX_FREERTOS_Init.os_thread_def_defaultTask  freertos.o
    0x080075d4   0x080075d4   0x00000010   Data   RO         1213    .rodata.AHBPrescTable  system_stm32f4xx.o
    0x080075e4   0x080075e4   0x00000008   Data   RO         1214    .rodata.APBPrescTable  system_stm32f4xx.o
    0x080075ec   0x080075ec   0x00000008   Data   RO          497    .rodata.DMA_CalcBaseAndBitshift.flagBitshiftOffset  stm32f4xx_hal_dma.o
    0x080075f4   0x080075f4   0x00000035   Data   RO           38    .rodata.str1.1      maincpp.o
    0x08007629   0x08007629   0x0000000c   Data   RO           80    .rodata.str1.1      freertos.o
    0x08007635   0x08007635   0x00000005   Data   RO         1665    .rodata.str1.1      tasks.o
    0x0800763a   0x0800763a   0x00000002   PAD
    0x0800763c   0x0800763c   0x00000020   Data   RO         2206    Region$$Table       anon$$obj.o


    Execution Region RW_IRAM2 (Exec base: 0x10000000, Load base: 0x08007670, Size: 0x00000000, Max: 0x00010000, ABSOLUTE)

    **** No section assigned to this execution region ****


    Execution Region RW_IRAM1 (Exec base: 0x20000000, Load base: 0x08007660, Size: 0x00005ae8, Max: 0x00030000, ABSOLUTE)

    Exec Addr    Load Addr    Size         Type   Attr      Idx    E Section Name        Object

    0x20000000   0x08007660   0x00000004   Data   RW         1212    .data.SystemCoreClock  system_stm32f4xx.o
    0x20000004   0x08007664   0x00000001   Data   RW          707    .data.uwTickFreq    stm32f4xx_hal.o
    0x20000005   0x08007665   0x00000003   PAD
    0x20000008   0x08007668   0x00000004   Data   RW          706    .data.uwTickPrio    stm32f4xx_hal.o
    0x2000000c   0x0800766c   0x00000004   Data   RW         1863    .data.uxCriticalNesting  port.o
    0x20000010        -       0x00000060   Zero   RW         2079    .bss                c_w.l(libspace.o)
    0x20000070        -       0x0000001c   Zero   RW         1334    .bss.CANFIFOxCallback.rxconf  bsp_can.o
    0x2000008c        -       0x00000004   Zero   RW          100    .bss.HAL_RCC_CAN1_CLK_ENABLED  can.o
    0x20000090        -       0x00000004   Zero   RW           31    .bss.Omain_handle   maincpp.o
    0x20000094        -       0x00000004   Zero   RW           34    .bss.Remote_control_handle  maincpp.o
    0x20000098        -       0x00000004   Zero   RW           32    .bss.Servo1_Motor_handle  maincpp.o
    0x2000009c        -       0x00000004   Zero   RW           33    .bss.Servo2_Motor_handle  maincpp.o
    0x200000a0        -       0x00000040   Zero   RW         1329    .bss.can_instance   bsp_can.o
    0x200000e0        -       0x00000018   Zero   RW           37    .bss.control        maincpp.o
    0x200000f8        -       0x00000004   Zero   RW           82    .bss.defaultTaskHandle  freertos.o
    0x200000fc        -       0x00000028   Zero   RW           98    .bss.hcan1          can.o
    0x20000124        -       0x00000028   Zero   RW           99    .bss.hcan2          can.o
    0x2000014c        -       0x00000060   Zero   RW          145    .bss.hdma_usart6_rx  usart.o
    0x200001ac        -       0x00000048   Zero   RW          126    .bss.htim4          tim.o
    0x200001f4        -       0x00000048   Zero   RW          127    .bss.htim5          tim.o
    0x2000023c        -       0x00000048   Zero   RW          143    .bss.huart3         usart.o
    0x20000284        -       0x00000048   Zero   RW          144    .bss.huart6         usart.o
    0x200002cc        -       0x00000001   Zero   RW         1328    .bss.idx            bsp_can.o
    0x200002cd        -       0x00000001   Zero   RW         1355    .bss.idx            bsp_usart.o
    0x200002ce   0x08007670   0x00000002   PAD
    0x200002d0        -       0x00000004   Zero   RW         1654    .bss.pxCurrentTCB   tasks.o
    0x200002d4        -       0x00000004   Zero   RW         1671    .bss.pxDelayedTaskList  tasks.o
    0x200002d8        -       0x00000004   Zero   RW         1820    .bss.pxEnd          heap_4.o
    0x200002dc        -       0x00000004   Zero   RW         1672    .bss.pxOverflowDelayedTaskList  tasks.o
    0x200002e0        -       0x0000008c   Zero   RW         1655    .bss.pxReadyTasksLists  tasks.o
    0x2000036c        -       0x00000028   Zero   RW           35    .bss.servoX         maincpp.o
    0x20000394        -       0x00000028   Zero   RW           36    .bss.servoY         maincpp.o
    0x200003bc        -       0x00003c00   Zero   RW         1827    .bss.ucHeap         heap_4.o
    0x20003fbc        -       0x00000001   Zero   RW         1861    .bss.ucMaxSysCallPriority  port.o
    0x20003fbd   0x08007670   0x00000003   PAD
    0x20003fc0        -       0x00000004   Zero   RW         1862    .bss.ulMaxPRIGROUPValue  port.o
    0x20003fc4        -       0x0000000c   Zero   RW         1354    .bss.usart_instance  bsp_usart.o
    0x20003fd0        -       0x00000004   Zero   RW          708    .bss.uwTick         stm32f4xx_hal.o
    0x20003fd4        -       0x00000004   Zero   RW         1660    .bss.uxCurrentNumberOfTasks  tasks.o
    0x20003fd8        -       0x00000004   Zero   RW         1659    .bss.uxDeletedTasksWaitingCleanUp  tasks.o
    0x20003fdc        -       0x00000004   Zero   RW         1662    .bss.uxSchedulerSuspended  tasks.o
    0x20003fe0        -       0x00000004   Zero   RW         1657    .bss.uxTaskNumber   tasks.o
    0x20003fe4        -       0x00000004   Zero   RW         1656    .bss.uxTopReadyPriority  tasks.o
    0x20003fe8        -       0x00000004   Zero   RW           27    .bss.x              maincpp.o
    0x20003fec        -       0x00000004   Zero   RW         1821    .bss.xBlockAllocatedBit  heap_4.o
    0x20003ff0        -       0x00000014   Zero   RW         1674    .bss.xDelayedTaskList1  tasks.o
    0x20004004        -       0x00000014   Zero   RW         1675    .bss.xDelayedTaskList2  tasks.o
    0x20004018        -       0x00000004   Zero   RW         1822    .bss.xFreeBytesRemaining  heap_4.o
    0x2000401c        -       0x00000200   Zero   RW           79    .bss.xIdleStack     freertos.o
    0x2000421c        -       0x00000004   Zero   RW         1666    .bss.xIdleTaskHandle  tasks.o
    0x20004220        -       0x00000054   Zero   RW           78    .bss.xIdleTaskTCBBuffer  freertos.o
    0x20004274        -       0x00000004   Zero   RW         1824    .bss.xMinimumEverFreeBytesRemaining  heap_4.o
    0x20004278        -       0x00000004   Zero   RW         1667    .bss.xNextTaskUnblockTime  tasks.o
    0x2000427c        -       0x00000004   Zero   RW         1673    .bss.xNumOfOverflows  tasks.o
    0x20004280        -       0x00000004   Zero   RW         1825    .bss.xNumberOfSuccessfulAllocations  heap_4.o
    0x20004284        -       0x00000004   Zero   RW         1826    .bss.xNumberOfSuccessfulFrees  heap_4.o
    0x20004288        -       0x00000004   Zero   RW         1670    .bss.xPendedTicks   tasks.o
    0x2000428c        -       0x00000014   Zero   RW         1664    .bss.xPendingReadyList  tasks.o
    0x200042a0        -       0x00000004   Zero   RW           30    .bss.xQueue         maincpp.o
    0x200042a4        -       0x00000004   Zero   RW         1661    .bss.xSchedulerRunning  tasks.o
    0x200042a8        -       0x00000008   Zero   RW         1823    .bss.xStart         heap_4.o
    0x200042b0        -       0x00000014   Zero   RW         1663    .bss.xSuspendedTaskList  tasks.o
    0x200042c4        -       0x00000014   Zero   RW         1658    .bss.xTasksWaitingTermination  tasks.o
    0x200042d8        -       0x00000004   Zero   RW         1668    .bss.xTickCount     tasks.o
    0x200042dc        -       0x00000004   Zero   RW         1669    .bss.xYieldPending  tasks.o
    0x200042e0        -       0x00000004   Zero   RW           28    .bss.y              maincpp.o
    0x200042e4        -       0x00000004   Zero   RW           29    .bss.yaw            maincpp.o
    0x200042e8        -       0x00001000   Zero   RW            2    HEAP                startup_stm32f427xx.o
    0x200052e8        -       0x00000800   Zero   RW            1    STACK               startup_stm32f427xx.o


==============================================================================

Image component sizes


      Code (inc. data)   RO Data    RW Data    ZI Data      Debug   Object Name

       260          0          0          0         93       5435   bsp_can.o
       348          0          0          0         13       4992   bsp_usart.o
       588          0          0          0         84       6652   can.o
       262          0          0          0          0      16320   cmsis_os.o
       476         12          0          0          0      15750   control.o
        60          0          0          0          0       3496   dma.o
       128          0         40          0        600       2772   freertos.o
       270          0          0          0          0       2283   gpio.o
      1084          0          0          0      15392       4452   heap_4.o
       296          0          0          0          0       2255   list.o
       272          0          0          0          0       2883   main.o
       764         12         53          0        136      10854   maincpp.o
       996         16          0          4          5       3866   port.o
       364          0          0          0          0      14908   queue.o
       684          8          0          0          0       9367   servo.o
        64         26        428          0       6144        884   startup_stm32f427xx.o
       204          0          0          5          4       7511   stm32f4xx_hal.o
      2188          0          0          0          0      11603   stm32f4xx_hal_can.o
       482          0          0          0          0       9884   stm32f4xx_hal_cortex.o
      2068          8          8          0          0       8536   stm32f4xx_hal_dma.o
      1052          0          0          0          0       5213   stm32f4xx_hal_gpio.o
        88          0          0          0          0       3563   stm32f4xx_hal_msp.o
       190          0          0          0          0       4500   stm32f4xx_hal_pwr_ex.o
      2646          0          0          0          0       7654   stm32f4xx_hal_rcc.o
      3114         14          0          0          0      36052   stm32f4xx_hal_tim.o
       290          0          0          0          0      15372   stm32f4xx_hal_tim_ex.o
      3228          0          0          0          0      20380   stm32f4xx_hal_uart.o
       142          0          0          0          0       1663   stm32f4xx_it.o
        18          0         24          4          0       2605   system_stm32f4xx.o
      3196          0          5          0        300      20389   tasks.o
       976          0          0          0        144       6684   tim.o
       506          0          0          0        240       7344   usart.o

    ----------------------------------------------------------------------
     27468        108        592         16      23160     276122   Object Totals
         0          0         32          0          0          0   (incl. Generated)
       164         12          2          3          5          0   (incl. Padding)

    ----------------------------------------------------------------------

      Code (inc. data)   RO Data    RW Data    ZI Data      Debug   Library Member Name

         8          0          0          0          0         68   __main.o
         0          0          0          0          0          0   __rtentry.o
        12          0          0          0          0          0   __rtentry2.o
         6          0          0          0          0          0   __rtentry4.o
        94          8          0          0          0          0   __scatter.o
        26          0          0          0          0          0   __scatter_copy.o
        28          0          0          0          0          0   __scatter_zi.o
        22          0          0          0          0        100   _rserrno.o
        18          0          0          0          0         80   exit.o
         6          0          0          0          0        152   heapauxi.o
         2          0          0          0          0          0   libinit.o
         6          0          0          0          0          0   libinit2.o
         2          0          0          0          0          0   libshutdown.o
         2          0          0          0          0          0   libshutdown2.o
         8          4          0          0         96         68   libspace.o
       240          0          0          0          0        100   lludivv7m.o
         8          4          0          0          0         68   rt_errno_addr_intlibspace.o
        78          0          0          0          0         80   rt_memclr_w.o
       138          0          0          0          0         68   rt_memcpy_v6.o
       100          0          0          0          0         80   rt_memcpy_w.o
         2          0          0          0          0          0   rtexit.o
        10          0          0          0          0          0   rtexit2.o
        74          0          0          0          0         80   sys_stackheap_outer.o
        98          4          0          0          0        140   d2f.o
       340         12          0          0          0        152   dmul.o
       156          4          0          0          0        140   dnaninf.o
        12          0          0          0          0        116   dretinf.o
        86          4          0          0          0        132   f2d.o
       140          4          0          0          0        132   fnaninf.o
        26          0          0          0          0        116   fpinit.o
        10          0          0          0          0        116   fretinf.o
         0          0          0          0          0          0   usenofp.o
       352         56          0          0          0        172   atanf.o
        38          0          0          0          0        116   fpclassifyf.o
        22          6          0          0          0        232   funder.o
        58          0          0          0          0        136   sqrtf.o

    ----------------------------------------------------------------------
      2240        106          0          0         96       2644   Library Totals
        12          0          0          0          0          0   (incl. Padding)

    ----------------------------------------------------------------------

      Code (inc. data)   RO Data    RW Data    ZI Data      Debug   Library Name

       890         16          0          0         96        944   c_w.l
       868         28          0          0          0       1044   fz_wm.l
       470         62          0          0          0        656   m_wm.l

    ----------------------------------------------------------------------
      2240        106          0          0         96       2644   Library Totals

    ----------------------------------------------------------------------

==============================================================================


      Code (inc. data)   RO Data    RW Data    ZI Data      Debug   

     29708        214        592         16      23256     276770   Grand Totals
     29708        214        592         16      23256     276770   ELF Image Totals
     29708        214        592         16          0          0   ROM Totals

==============================================================================

    Total RO  Size (Code + RO Data)                30300 (  29.59kB)
    Total RW  Size (RW Data + ZI Data)             23272 (  22.73kB)
    Total ROM Size (Code + RO Data + RW Data)      30316 (  29.61kB)

==============================================================================

