Component: Arm Compiler for Embedded 6.22 Tool: armlink [5ee90200]

==============================================================================

Section Cross References

    startup_stm32f427xx.o(STACK) refers (Special) to heapauxi.o(.text) for __use_two_region_memory
    startup_stm32f427xx.o(HEAP) refers (Special) to heapauxi.o(.text) for __use_two_region_memory
    startup_stm32f427xx.o(RESET) refers (Special) to heapauxi.o(.text) for __use_two_region_memory
    startup_stm32f427xx.o(RESET) refers to startup_stm32f427xx.o(STACK) for __initial_sp
    startup_stm32f427xx.o(RESET) refers to startup_stm32f427xx.o(.text) for Reset_Handler
    startup_stm32f427xx.o(RESET) refers to stm32f4xx_it.o(.text.NMI_Handler) for NMI_Handler
    startup_stm32f427xx.o(RESET) refers to stm32f4xx_it.o(.text.HardFault_Handler) for HardFault_Handler
    startup_stm32f427xx.o(RESET) refers to stm32f4xx_it.o(.text.MemManage_Handler) for MemManage_Handler
    startup_stm32f427xx.o(RESET) refers to stm32f4xx_it.o(.text.BusFault_Handler) for BusFault_Handler
    startup_stm32f427xx.o(RESET) refers to stm32f4xx_it.o(.text.UsageFault_Handler) for UsageFault_Handler
    startup_stm32f427xx.o(RESET) refers to port.o(.text.SVC_Handler) for SVC_Handler
    startup_stm32f427xx.o(RESET) refers to stm32f4xx_it.o(.text.DebugMon_Handler) for DebugMon_Handler
    startup_stm32f427xx.o(RESET) refers to port.o(.text.PendSV_Handler) for PendSV_Handler
    startup_stm32f427xx.o(RESET) refers to stm32f4xx_it.o(.text.SysTick_Handler) for SysTick_Handler
    startup_stm32f427xx.o(RESET) refers to stm32f4xx_it.o(.text.CAN1_RX0_IRQHandler) for CAN1_RX0_IRQHandler
    startup_stm32f427xx.o(RESET) refers to stm32f4xx_it.o(.text.CAN1_RX1_IRQHandler) for CAN1_RX1_IRQHandler
    startup_stm32f427xx.o(RESET) refers to stm32f4xx_it.o(.text.DMA2_Stream1_IRQHandler) for DMA2_Stream1_IRQHandler
    startup_stm32f427xx.o(RESET) refers to stm32f4xx_it.o(.text.CAN2_RX0_IRQHandler) for CAN2_RX0_IRQHandler
    startup_stm32f427xx.o(RESET) refers to stm32f4xx_it.o(.text.CAN2_RX1_IRQHandler) for CAN2_RX1_IRQHandler
    startup_stm32f427xx.o(RESET) refers to stm32f4xx_it.o(.text.USART6_IRQHandler) for USART6_IRQHandler
    startup_stm32f427xx.o(.text) refers (Special) to heapauxi.o(.text) for __use_two_region_memory
    startup_stm32f427xx.o(.text) refers to system_stm32f4xx.o(.text.SystemInit) for SystemInit
    startup_stm32f427xx.o(.text) refers to __main.o(!!!main) for __main
    startup_stm32f427xx.o(.text) refers to startup_stm32f427xx.o(HEAP) for Heap_Mem
    startup_stm32f427xx.o(.text) refers to startup_stm32f427xx.o(STACK) for Stack_Mem
    maincpp.o(.text.__cxx_global_var_init) refers to maincpp.o(.bss.control) for control
    maincpp.o(.text.__cxx_global_var_init) refers to maincpp.o(.text._ZN7Control9Control_tC2Ev) for Control::Control_t::Control_t__sub_object()
    maincpp.o(.ARM.exidx.text.__cxx_global_var_init) refers to maincpp.o(.text.__cxx_global_var_init) for [Anonymous Symbol]
    maincpp.o(.text.main_cpp) refers to queue.o(.text.xQueueGenericCreate) for xQueueGenericCreate
    maincpp.o(.text.main_cpp) refers to maincpp.o(.bss.xQueue) for xQueue
    maincpp.o(.text.main_cpp) refers to new.cpp.o(__lcxx_override) for operator new(unsigned int)
    maincpp.o(.text.main_cpp) refers to tim.o(.bss.htim4) for htim4
    maincpp.o(.text.main_cpp) refers to maincpp.o(.text._ZN5Servo12Servo_base_tC2EP17TIM_HandleTypeDefjffff) for Servo::Servo_base_t::Servo_base_t__sub_object(TIM_HandleTypeDef*, unsigned int, float, float, float, float)
    maincpp.o(.text.main_cpp) refers to maincpp.o(.bss.control) for control
    maincpp.o(.text.main_cpp) refers to maincpp.o(.bss.Servo1_Motor_handle) for Servo1_Motor_handle
    maincpp.o(.text.main_cpp) refers to maincpp.o(.text._Z16OnServo1_ControlPv) for OnServo1_Control(void*)
    maincpp.o(.text.main_cpp) refers to maincpp.o(.rodata.str1.1) for .L.str
    maincpp.o(.text.main_cpp) refers to tasks.o(.text.xTaskCreate) for xTaskCreate
    maincpp.o(.text.main_cpp) refers to maincpp.o(.bss.Servo2_Motor_handle) for Servo2_Motor_handle
    maincpp.o(.text.main_cpp) refers to maincpp.o(.text._Z16OnServo2_ControlPv) for OnServo2_Control(void*)
    maincpp.o(.text.main_cpp) refers to maincpp.o(.bss.Remote_control_handle) for Remote_control_handle
    maincpp.o(.text.main_cpp) refers to maincpp.o(.text._Z13remoteControlPv) for remoteControl(void*)
    maincpp.o(.ARM.exidx.text.main_cpp) refers to maincpp.o(.text.main_cpp) for [Anonymous Symbol]
    maincpp.o(.text._Z16OnServo1_ControlPv) refers to maincpp.o(.bss.control) for control
    maincpp.o(.text._Z16OnServo1_ControlPv) refers to control.o(.text._ZN7Control9Control_t12doCalcontrolEv) for Control::Control_t::doCalcontrol()
    maincpp.o(.text._Z16OnServo1_ControlPv) refers to tasks.o(.text.vTaskDelay) for vTaskDelay
    maincpp.o(.ARM.exidx.text._Z16OnServo1_ControlPv) refers to maincpp.o(.text._Z16OnServo1_ControlPv) for [Anonymous Symbol]
[...]
    _fflush                                  0x08002005   Thumb Code    70  stdio.o(.text)
    _deferredlazyseek                        0x0800204b   Thumb Code    60  stdio.o(.text)
    __rt_SIGRTRED_inner                      0x0800208d   Thumb Code    14  defsig_rtred_inner.o(.text)
    _ftell_internal                          0x080020c1   Thumb Code    66  ftell.o(.text)
    ftell                                    0x080020c1   Thumb Code     0  ftell.o(.text)
    strlen                                   0x08002103   Thumb Code    62  strlen.o(.text)
    strcmp                                   0x08002141   Thumb Code   124  strcmpv7em.o(.text)
    _sys_open                                0x080021bd   Thumb Code    12  maincpp.o(.text.$Sub$$_sys_open)
    BusFault_Handler                         0x080021c9   Thumb Code     4  stm32f4xx_it.o(.text.BusFault_Handler)
    CAN1_RX0_IRQHandler                      0x080021cd   Thumb Code    16  stm32f4xx_it.o(.text.CAN1_RX0_IRQHandler)
    CAN1_RX1_IRQHandler                      0x080021dd   Thumb Code    16  stm32f4xx_it.o(.text.CAN1_RX1_IRQHandler)
    CAN2_RX0_IRQHandler                      0x080021ed   Thumb Code    16  stm32f4xx_it.o(.text.CAN2_RX0_IRQHandler)
    CAN2_RX1_IRQHandler                      0x080021fd   Thumb Code    16  stm32f4xx_it.o(.text.CAN2_RX1_IRQHandler)
    DMA2_Stream1_IRQHandler                  0x080022ed   Thumb Code    16  stm32f4xx_it.o(.text.DMA2_Stream1_IRQHandler)
    DebugMon_Handler                         0x08002495   Thumb Code     2  stm32f4xx_it.o(.text.DebugMon_Handler)
    Error_Handler                            0x08002499   Thumb Code     6  main.o(.text.Error_Handler)
    HAL_CAN_ErrorCallback                    0x080024a1   Thumb Code     8  stm32f4xx_hal_can.o(.text.HAL_CAN_ErrorCallback)
    HAL_CAN_GetRxFifoFillLevel               0x080024a9   Thumb Code    82  stm32f4xx_hal_can.o(.text.HAL_CAN_GetRxFifoFillLevel)
    HAL_CAN_GetRxMessage                     0x080024fd   Thumb Code   530  stm32f4xx_hal_can.o(.text.HAL_CAN_GetRxMessage)
    HAL_CAN_IRQHandler                       0x08002711   Thumb Code  1010  stm32f4xx_hal_can.o(.text.HAL_CAN_IRQHandler)
    HAL_CAN_Init                             0x08002b05   Thumb Code   478  stm32f4xx_hal_can.o(.text.HAL_CAN_Init)
    HAL_CAN_MspInit                          0x08002ce5   Thumb Code   432  can.o(.text.HAL_CAN_MspInit)
    HAL_CAN_RxFifo0FullCallback              0x08002e95   Thumb Code     8  stm32f4xx_hal_can.o(.text.HAL_CAN_RxFifo0FullCallback)
    HAL_CAN_RxFifo0MsgPendingCallback        0x08002e9d   Thumb Code    18  bsp_can.o(.text.HAL_CAN_RxFifo0MsgPendingCallback)
    HAL_CAN_RxFifo1FullCallback              0x08002eb1   Thumb Code     8  stm32f4xx_hal_can.o(.text.HAL_CAN_RxFifo1FullCallback)
    HAL_CAN_RxFifo1MsgPendingCallback        0x08002eb9   Thumb Code    18  bsp_can.o(.text.HAL_CAN_RxFifo1MsgPendingCallback)
    HAL_CAN_SleepCallback                    0x08002ecd   Thumb Code     8  stm32f4xx_hal_can.o(.text.HAL_CAN_SleepCallback)
    HAL_CAN_TxMailbox0AbortCallback          0x08002ed5   Thumb Code     8  stm32f4xx_hal_can.o(.text.HAL_CAN_TxMailbox0AbortCallback)
    HAL_CAN_TxMailbox0CompleteCallback       0x08002edd   Thumb Code     8  stm32f4xx_hal_can.o(.text.HAL_CAN_TxMailbox0CompleteCallback)
    HAL_CAN_TxMailbox1AbortCallback          0x08002ee5   Thumb Code     8  stm32f4xx_hal_can.o(.text.HAL_CAN_TxMailbox1AbortCallback)
    HAL_CAN_TxMailbox1CompleteCallback       0x08002eed   Thumb Code     8  stm32f4xx_hal_can.o(.text.HAL_CAN_TxMailbox1CompleteCallback)
    HAL_CAN_TxMailbox2AbortCallback          0x08002ef5   Thumb Code     8  stm32f4xx_hal_can.o(.text.HAL_CAN_TxMailbox2AbortCallback)
    HAL_CAN_TxMailbox2CompleteCallback       0x08002efd   Thumb Code     8  stm32f4xx_hal_can.o(.text.HAL_CAN_TxMailbox2CompleteCallback)
    HAL_CAN_WakeUpFromRxMsgCallback          0x08002f05   Thumb Code     8  stm32f4xx_hal_can.o(.text.HAL_CAN_WakeUpFromRxMsgCallback)
    HAL_DMA_Abort                            0x08002f0d   Thumb Code   236  stm32f4xx_hal_dma.o(.text.HAL_DMA_Abort)
    HAL_DMA_Abort_IT                         0x08002ff9   Thumb Code    68  stm32f4xx_hal_dma.o(.text.HAL_DMA_Abort_IT)
    HAL_DMA_IRQHandler                       0x0800303d   Thumb Code   798  stm32f4xx_hal_dma.o(.text.HAL_DMA_IRQHandler)
    HAL_DMA_Init                             0x0800335d   Thumb Code   366  stm32f4xx_hal_dma.o(.text.HAL_DMA_Init)
    HAL_DMA_Start_IT                         0x080034cd   Thumb Code   194  stm32f4xx_hal_dma.o(.text.HAL_DMA_Start_IT)
    HAL_GPIO_Init                            0x08003591   Thumb Code  1006  stm32f4xx_hal_gpio.o(.text.HAL_GPIO_Init)
    HAL_GPIO_WritePin                        0x08003981   Thumb Code    46  stm32f4xx_hal_gpio.o(.text.HAL_GPIO_WritePin)
    HAL_GetTick                              0x080039b1   Thumb Code    12  stm32f4xx_hal.o(.text.HAL_GetTick)
    HAL_IncTick                              0x080039bd   Thumb Code    26  stm32f4xx_hal.o(.text.HAL_IncTick)
    HAL_Init                                 0x080039d9   Thumb Code    54  stm32f4xx_hal.o(.text.HAL_Init)
    HAL_InitTick                             0x08003a11   Thumb Code   112  stm32f4xx_hal.o(.text.HAL_InitTick)
    HAL_MspInit                              0x08003a81   Thumb Code    88  stm32f4xx_hal_msp.o(.text.HAL_MspInit)
    HAL_NVIC_EnableIRQ                       0x08003ad9   Thumb Code    20  stm32f4xx_hal_cortex.o(.text.HAL_NVIC_EnableIRQ)
    HAL_NVIC_SetPriority                     0x08003aed   Thumb Code    50  stm32f4xx_hal_cortex.o(.text.HAL_NVIC_SetPriority)
    HAL_NVIC_SetPriorityGrouping             0x08003b21   Thumb Code    16  stm32f4xx_hal_cortex.o(.text.HAL_NVIC_SetPriorityGrouping)
    HAL_PWREx_EnableOverDrive                0x08003b31   Thumb Code   190  stm32f4xx_hal_pwr_ex.o(.text.HAL_PWREx_EnableOverDrive)
    HAL_RCC_ClockConfig                      0x08003bf1   Thumb Code   610  stm32f4xx_hal_rcc.o(.text.HAL_RCC_ClockConfig)
    HAL_RCC_GetHCLKFreq                      0x08003e55   Thumb Code    12  stm32f4xx_hal_rcc.o(.text.HAL_RCC_GetHCLKFreq)
    HAL_RCC_GetPCLK1Freq                     0x08003e61   Thumb Code    34  stm32f4xx_hal_rcc.o(.text.HAL_RCC_GetPCLK1Freq)
    HAL_RCC_GetPCLK2Freq                     0x08003e85   Thumb Code    34  stm32f4xx_hal_rcc.o(.text.HAL_RCC_GetPCLK2Freq)
    HAL_RCC_GetSysClockFreq                  0x08003ea9   Thumb Code   230  stm32f4xx_hal_rcc.o(.text.HAL_RCC_GetSysClockFreq)
    HAL_RCC_OscConfig                        0x08003f91   Thumb Code  1726  stm32f4xx_hal_rcc.o(.text.HAL_RCC_OscConfig)
    HAL_SYSTICK_Config                       0x08004651   Thumb Code    16  stm32f4xx_hal_cortex.o(.text.HAL_SYSTICK_Config)
    HAL_TIMEx_MasterConfigSynchronization    0x08004661   Thumb Code   290  stm32f4xx_hal_tim_ex.o(.text.HAL_TIMEx_MasterConfigSynchronization)
    HAL_TIM_Base_Init                        0x08004785   Thumb Code   156  stm32f4xx_hal_tim.o(.text.HAL_TIM_Base_Init)
    HAL_TIM_Base_MspInit                     0x08004821   Thumb Code   118  tim.o(.text.HAL_TIM_Base_MspInit)
    HAL_TIM_ConfigClockSource                0x08004899   Thumb Code   388  stm32f4xx_hal_tim.o(.text.HAL_TIM_ConfigClockSource)
    HAL_TIM_MspPostInit                      0x08004a1d   Thumb Code   266  tim.o(.text.HAL_TIM_MspPostInit)
    HAL_TIM_PWM_ConfigChannel                0x08004b29   Thumb Code   322  stm32f4xx_hal_tim.o(.text.HAL_TIM_PWM_ConfigChannel)
    HAL_TIM_PWM_Init                         0x08004c6d   Thumb Code   156  stm32f4xx_hal_tim.o(.text.HAL_TIM_PWM_Init)
    HAL_TIM_PWM_MspInit                      0x08004d09   Thumb Code     8  stm32f4xx_hal_tim.o(.text.HAL_TIM_PWM_MspInit)
    HAL_TIM_PWM_Start                        0x08004d11   Thumb Code   458  stm32f4xx_hal_tim.o(.text.HAL_TIM_PWM_Start)
    HAL_UARTEx_ReceiveToIdle_DMA             0x08004edd   Thumb Code   194  stm32f4xx_hal_uart.o(.text.HAL_UARTEx_ReceiveToIdle_DMA)
    HAL_UARTEx_RxEventCallback               0x08004fa1   Thumb Code   210  bsp_usart.o(.text.HAL_UARTEx_RxEventCallback)
    HAL_UART_ErrorCallback                   0x08005075   Thumb Code   138  bsp_usart.o(.text.HAL_UART_ErrorCallback)
    HAL_UART_IRQHandler                      0x08005101   Thumb Code  1068  stm32f4xx_hal_uart.o(.text.HAL_UART_IRQHandler)
    HAL_UART_Init                            0x0800552d   Thumb Code   158  stm32f4xx_hal_uart.o(.text.HAL_UART_Init)
    HAL_UART_MspInit                         0x080055cd   Thumb Code   378  usart.o(.text.HAL_UART_MspInit)
    HAL_UART_RxCpltCallback                  0x08005749   Thumb Code     8  stm32f4xx_hal_uart.o(.text.HAL_UART_RxCpltCallback)
    HAL_UART_RxHalfCpltCallback              0x08005751   Thumb Code     8  stm32f4xx_hal_uart.o(.text.HAL_UART_RxHalfCpltCallback)
    HAL_UART_TxCpltCallback                  0x08005759   Thumb Code     8  stm32f4xx_hal_uart.o(.text.HAL_UART_TxCpltCallback)
    HardFault_Handler                        0x08005761   Thumb Code     4  stm32f4xx_it.o(.text.HardFault_Handler)
    MX_CAN1_Init                             0x08005765   Thumb Code    78  can.o(.text.MX_CAN1_Init)
    MX_CAN2_Init                             0x080057b5   Thumb Code    78  can.o(.text.MX_CAN2_Init)
    MX_DMA_Init                              0x08005805   Thumb Code    60  dma.o(.text.MX_DMA_Init)
    MX_FREERTOS_Init                         0x08005841   Thumb Code    70  freertos.o(.text.MX_FREERTOS_Init)
    MX_GPIO_Init                             0x08005889   Thumb Code   270  gpio.o(.text.MX_GPIO_Init)
    MX_TIM4_Init                             0x08005999   Thumb Code   296  tim.o(.text.MX_TIM4_Init)
    MX_TIM5_Init                             0x08005ac1   Thumb Code   296  tim.o(.text.MX_TIM5_Init)
    MX_USART3_UART_Init                      0x08005be9   Thumb Code    64  usart.o(.text.MX_USART3_UART_Init)
    MX_USART6_UART_Init                      0x08005c29   Thumb Code    64  usart.o(.text.MX_USART6_UART_Init)
    MemManage_Handler                        0x08005c69   Thumb Code     4  stm32f4xx_it.o(.text.MemManage_Handler)
    NMI_Handler                              0x08005c6d   Thumb Code     4  stm32f4xx_it.o(.text.NMI_Handler)
    PendSV_Handler                           0x08005ce1   Thumb Code   100  port.o(.text.PendSV_Handler)
    SVC_Handler                              0x08005d51   Thumb Code    36  port.o(.text.SVC_Handler)
    StartDefaultTask                         0x08005d75   Thumb Code    16  freertos.o(.text.StartDefaultTask)
    SysTick_Handler                          0x08005dd9   Thumb Code    24  stm32f4xx_it.o(.text.SysTick_Handler)
    SystemClock_Config                       0x08005df1   Thumb Code   202  main.o(.text.SystemClock_Config)
    SystemInit                               0x08005ebd   Thumb Code    18  system_stm32f4xx.o(.text.SystemInit)
    TIM_Base_SetConfig                       0x08005ed1   Thumb Code   432  stm32f4xx_hal_tim.o(.text.TIM_Base_SetConfig)
    TIM_CCxChannelCmd                        0x08006081   Thumb Code    54  stm32f4xx_hal_tim.o(.text.TIM_CCxChannelCmd)
    TIM_ETR_SetConfig                        0x080060b9   Thumb Code    52  stm32f4xx_hal_tim.o(.text.TIM_ETR_SetConfig)
    TIM_OC2_SetConfig                        0x08006205   Thumb Code   244  stm32f4xx_hal_tim.o(.text.TIM_OC2_SetConfig)
    UART_Start_Receive_DMA                   0x08006a95   Thumb Code   268  stm32f4xx_hal_uart.o(.text.UART_Start_Receive_DMA)
    USART6_IRQHandler                        0x08006c35   Thumb Code    16  stm32f4xx_it.o(.text.USART6_IRQHandler)
    UsageFault_Handler                       0x08006c45   Thumb Code     4  stm32f4xx_it.o(.text.UsageFault_Handler)
    remoteControl(void*)                     0x08006c51   Thumb Code    64  maincpp.o(.text._Z13remoteControlPv)
    OnServo1_Control(void*)                  0x08006c91   Thumb Code    28  maincpp.o(.text._Z16OnServo1_ControlPv)
    OnServo2_Control(void*)                  0x08006cad   Thumb Code    28  maincpp.o(.text._Z16OnServo2_ControlPv)
    Servo::Servo_base_t::control(float)      0x08006d3d   Thumb Code   512  servo.o(.text._ZN5Servo12Servo_base_t7controlEf)
    Servo::Servo_base_t::Servo_base_t__sub_object(TIM_HandleTypeDef*, unsigned int, float, float, float, float) 0x08006f3d   Thumb Code    64  maincpp.o(.text._ZN5Servo12Servo_base_tC2EP17TIM_HandleTypeDefjffff)
    Control::Control_t::doCalcontrol()       0x08006f7d   Thumb Code    36  control.o(.text._ZN7Control9Control_t12doCalcontrolEv)
    Control::Control_t::doYawcontrol()       0x08006fa1   Thumb Code    22  control.o(.text._ZN7Control9Control_t12doYawcontrolEv)
    Control::Control_t::controlUpdate(float, float, float) 0x08006fb9   Thumb Code   348  control.o(.text._ZN7Control9Control_t13controlUpdateEfff)
    Control::Control_t::Control_t__sub_object() 0x08007119   Thumb Code    18  maincpp.o(.text._ZN7Control9Control_tC2Ev)
    std::__2::__libcpp_verbose_abort(char const*, ...) 0x0800712b   Thumb Code    30  verbose_abort.cpp.o(.text._ZNSt3__222__libcpp_verbose_abortEPKcz)
    std::__2::__math::atan[abi:nn190000](float) 0x08007149   Thumb Code    20  control.o(.text._ZNSt3__26__math4atanB8nn190000Ef)
    std::__2::__math::sqrt[abi:nn190000](float) 0x0800715d   Thumb Code    20  control.o(.text._ZNSt3__26__math4sqrtB8nn190000Ef)
    std::get_new_handler()                   0x08007171   Thumb Code    12  cxa_handlers.cpp.o(.text._ZSt15get_new_handlerv)
    std::__throw_bad_alloc()                 0x0800717d   Thumb Code     8  new_helpers.cpp.o(.text._ZSt17__throw_bad_allocv)
    _sys_exit                                0x08007285   Thumb Code     8  maincpp.o(.text._sys_exit)
    _ttywrch                                 0x0800728d   Thumb Code     8  maincpp.o(.text._ttywrch)
    main                                     0x08007295   Thumb Code    90  main.o(.text.main)
    main_cpp                                 0x080072f1   Thumb Code   300  maincpp.o(.text.main_cpp)
    osDelay                                  0x0800744d   Thumb Code    40  cmsis_os.o(.text.osDelay)
    osKernelStart                            0x08007475   Thumb Code    10  cmsis_os.o(.text.osKernelStart)
    osThreadCreate                           0x08007481   Thumb Code   172  cmsis_os.o(.text.osThreadCreate)
    pvPortMalloc                             0x08007c49   Thumb Code   492  heap_4.o(.text.pvPortMalloc)
    pxPortInitialiseStack                    0x08007e35   Thumb Code    94  port.o(.text.pxPortInitialiseStack)
    uxListRemove                             0x08007e95   Thumb Code    72  list.o(.text.uxListRemove)
    vApplicationGetIdleTaskMemory            0x08007edd   Thumb Code    42  freertos.o(.text.vApplicationGetIdleTaskMemory)
    vListInitialise                          0x08007f09   Thumb Code    46  list.o(.text.vListInitialise)
    vListInitialiseItem                      0x08007f39   Thumb Code    14  list.o(.text.vListInitialiseItem)
    vListInsert                              0x08007f49   Thumb Code   106  list.o(.text.vListInsert)
    vListInsertEnd                           0x08007fb5   Thumb Code    58  list.o(.text.vListInsertEnd)
    vPortEnterCritical                       0x08008005   Thumb Code    86  port.o(.text.vPortEnterCritical)
    vPortExitCritical                        0x0800805d   Thumb Code    74  port.o(.text.vPortExitCritical)
    vPortFree                                0x080080a9   Thumb Code   206  heap_4.o(.text.vPortFree)
    vPortSetupTimerInterrupt                 0x08008179   Thumb Code    68  port.o(.text.vPortSetupTimerInterrupt)
    vTaskDelay                               0x080081bd   Thumb Code   110  tasks.o(.text.vTaskDelay)
    vTaskStartScheduler                      0x0800822d   Thumb Code   206  tasks.o(.text.vTaskStartScheduler)
    vTaskSuspendAll                          0x080082fd   Thumb Code    16  tasks.o(.text.vTaskSuspendAll)
    vTaskSwitchContext                       0x0800830d   Thumb Code   190  tasks.o(.text.vTaskSwitchContext)
    xPortStartScheduler                      0x080083cd   Thumb Code   342  port.o(.text.xPortStartScheduler)
    xPortSysTickHandler                      0x08008525   Thumb Code    60  port.o(.text.xPortSysTickHandler)
    xQueueGenericCreate                      0x08008561   Thumb Code   116  queue.o(.text.xQueueGenericCreate)
    xQueueGenericReset                       0x080085d5   Thumb Code   186  queue.o(.text.xQueueGenericReset)
    xTaskCreate                              0x08008691   Thumb Code   158  tasks.o(.text.xTaskCreate)
    xTaskCreateStatic                        0x08008731   Thumb Code   206  tasks.o(.text.xTaskCreateStatic)
    xTaskGetSchedulerState                   0x08008801   Thumb Code    56  tasks.o(.text.xTaskGetSchedulerState)
    xTaskIncrementTick                       0x08008839   Thumb Code   440  tasks.o(.text.xTaskIncrementTick)
    xTaskRemoveFromEventList                 0x080089f1   Thumb Code   194  tasks.o(.text.xTaskRemoveFromEventList)
    xTaskResumeAll                           0x08008ab5   Thumb Code   376  tasks.o(.text.xTaskResumeAll)
    _btod_d2e                                0x08008c2d   Thumb Code    62  btod.o(CL$$btod_d2e)
    _d2e_denorm_low                          0x08008c6b   Thumb Code    70  btod.o(CL$$btod_d2e_denorm_low)
    _d2e_norm_op1                            0x08008cb1   Thumb Code    96  btod.o(CL$$btod_d2e_norm_op1)
    __btod_div_common                        0x08008d11   Thumb Code   696  btod.o(CL$$btod_div_common)
    _e2e                                     0x08009049   Thumb Code   220  btod.o(CL$$btod_e2e)
    _btod_ediv                               0x08009125   Thumb Code    42  btod.o(CL$$btod_ediv)
    _btod_emul                               0x0800914f   Thumb Code    42  btod.o(CL$$btod_emul)
    __btod_mult_common                       0x08009179   Thumb Code   580  btod.o(CL$$btod_mult_common)
    operator new(unsigned int)               0x080093bd   Thumb Code    14  new.cpp.o(__lcxx_override)
    __lcxx_override$$Base                    0x080093bc   Number         0  new.cpp.o(__lcxx_override)
    operator new[](unsigned int)             0x080093cb   Thumb Code     4  new.cpp.o(__lcxx_override)
    operator new(unsigned int, std::align_val_t) 0x080093cf   Thumb Code    14  new.cpp.o(__lcxx_override)
    operator new[](unsigned int, std::align_val_t) 0x080093dd   Thumb Code     4  new.cpp.o(__lcxx_override)
    __ARM_fpclassify                         0x080093e1   Thumb Code    48  fpclassify.o(i.__ARM_fpclassify)
    __lcxx_override$$Limit                   0x080093e0   Number         0  new.cpp.o(__lcxx_override)
    __ARM_fpclassifyf                        0x08009411   Thumb Code    38  fpclassifyf.o(i.__ARM_fpclassifyf)
    __hardfp_atanf                           0x08009439   Thumb Code   296  atanf.o(i.__hardfp_atanf)
    __hardfp_sqrtf                           0x08009599   Thumb Code    58  sqrtf.o(i.__hardfp_sqrtf)
    __mathlib_flt_infnan                     0x080095d3   Thumb Code     6  funder.o(i.__mathlib_flt_infnan)
    __mathlib_flt_underflow                  0x080095d9   Thumb Code    10  funder.o(i.__mathlib_flt_underflow)
    _is_digit                                0x080095e9   Thumb Code    14  __printf_wp.o(i._is_digit)
    fputc                                    0x080095f7   Thumb Code    28  fputc.o(i.fputc)
    _get_lc_numeric                          0x08009615   Thumb Code    44  lc_numeric_c.o(locale$$code)
    _get_lc_ctype                            0x08009641   Thumb Code    44  lc_ctype_c.o(locale$$code)
    _fp_init                                 0x0800966d   Thumb Code    26  fpinit.o(x$fpl$fpinit)
    __fplib_config_fpu_vfp                   0x08009685   Thumb Code     0  fpinit.o(x$fpl$fpinit)
    __fplib_config_pureend_doubles           0x08009685   Thumb Code     0  fpinit.o(x$fpl$fpinit)
    _printf_fp_dec                           0x08009687   Thumb Code     4  printf1.o(x$fpl$printf1)
    _printf_fp_hex                           0x0800968b   Thumb Code     4  printf2.o(x$fpl$printf2)
    __I$use$fp                               0x0800968e   Number         0  usenofp.o(x$fpl$usenofp)
    __stdin_name                             0x080096d1   Data           4  sys_io_names.o(.constdata)
    __stdout_name                            0x080096d5   Data           4  sys_io_names.o(.constdata)
    __stderr_name                            0x080096d9   Data           4  sys_io_names.o(.constdata)
    AHBPrescTable                            0x080097b4   Data          16  system_stm32f4xx.o(.rodata.AHBPrescTable)
    APBPrescTable                            0x080097c4   Data           8  system_stm32f4xx.o(.rodata.APBPrescTable)
    Region$$Table$$Base                      0x08009810   Number         0  anon$$obj.o(Region$$Table)
    Region$$Table$$Limit                     0x08009830   Number         0  anon$$obj.o(Region$$Table)
    __ctype                                  0x08009859   Data           0  lc_ctype_c.o(locale$$data)
    SHT$$INIT_ARRAY$$Base                    0x0800995c   Number         0  maincpp.o(.init_array)
    SHT$$INIT_ARRAY$$Limit                   0x08009960   Number         0  init_aeabi.o(.init_array)
    __aeabi_stdin                            0x20000000   Data           4  stdio_streams.o(.data)
    __aeabi_stdout                           0x20000004   Data           4  stdio_streams.o(.data)
    __aeabi_stderr                           0x20000008   Data           4  stdio_streams.o(.data)
    SystemCoreClock                          0x2000000c   Data           4  system_stm32f4xx.o(.data.SystemCoreClock)
    uwTickFreq                               0x20000010   Data           1  stm32f4xx_hal.o(.data.uwTickFreq)
    uwTickPrio                               0x20000014   Data           4  stm32f4xx_hal.o(.data.uwTickPrio)
    __libspace_start                         0x20000020   Data          96  libspace.o(.bss)
    __stdin                                  0x20000080   Data          84  stdio_streams.o(.bss)
    __temporary_stack_top$libspace           0x20000080   Data           0  libspace.o(.bss)
    __stdout                                 0x200000d4   Data          84  stdio_streams.o(.bss)
    __stderr                                 0x20000128   Data          84  stdio_streams.o(.bss)
    Remote_control_handle                    0x2000019c   Data           4  maincpp.o(.bss.Remote_control_handle)
    Servo1_Motor_handle                      0x200001a0   Data           4  maincpp.o(.bss.Servo1_Motor_handle)
    Servo2_Motor_handle                      0x200001a4   Data           4  maincpp.o(.bss.Servo2_Motor_handle)
    __cxa_new_handler                        0x200001a8   Data           4  cxa_default_handlers.cpp.o(.bss.__cxa_new_handler)
    control                                  0x200001ec   Data          24  maincpp.o(.bss.control)
    defaultTaskHandle                        0x20000204   Data           4  freertos.o(.bss.defaultTaskHandle)
    hcan1                                    0x20000208   Data          40  can.o(.bss.hcan1)
    hcan2                                    0x20000230   Data          40  can.o(.bss.hcan2)
    hdma_usart6_rx                           0x20000258   Data          96  usart.o(.bss.hdma_usart6_rx)
    htim4                                    0x200002b8   Data          72  tim.o(.bss.htim4)
    htim5                                    0x20000300   Data          72  tim.o(.bss.htim5)
    huart3                                   0x20000348   Data          72  usart.o(.bss.huart3)
    huart6                                   0x20000390   Data          72  usart.o(.bss.huart6)
    pxCurrentTCB                             0x200003dc   Data           4  tasks.o(.bss.pxCurrentTCB)
    uwTick                                   0x2000408c   Data           4  stm32f4xx_hal.o(.bss.uwTick)
    x                                        0x200040a4   Data           4  maincpp.o(.bss.x)
    xQueue                                   0x2000435c   Data           4  maincpp.o(.bss.xQueue)
    y                                        0x2000439c   Data           4  maincpp.o(.bss.y)
    yaw                                      0x200043a0   Data           4  maincpp.o(.bss.yaw)



==============================================================================

Memory Map of the image

  Image Entry point : 0x080001ad

  Load Region LR_IROM1 (Base: 0x08000000, Size: 0x00009980, Max: 0x00200000, ABSOLUTE)

    Execution Region ER_IROM1 (Exec base: 0x08000000, Load base: 0x08000000, Size: 0x00009960, Max: 0x00200000, ABSOLUTE)

    Exec Addr    Load Addr    Size         Type   Attr      Idx    E Section Name        Object

    0x08000000   0x08000000   0x000001ac   Data   RO            3    RESET               startup_stm32f427xx.o
    0x080001ac   0x080001ac   0x00000008   Code   RO         1947  * !!!main             c_w.l(__main.o)
    0x080001b4   0x080001b4   0x0000005c   Code   RO         2543    !!!scatter          c_w.l(__scatter.o)
    0x08000210   0x08000210   0x0000001a   Code   RO         2547    !!handler_copy      c_w.l(__scatter_copy.o)
    0x0800022a   0x0800022a   0x00000002   PAD
    0x0800022c   0x0800022c   0x00000002   Code   RO         2544    !!handler_null      c_w.l(__scatter.o)
    0x0800022e   0x0800022e   0x00000002   PAD
    0x08000230   0x08000230   0x0000001c   Code   RO         2549    !!handler_zi        c_w.l(__scatter_zi.o)
    0x0800024c   0x0800024c   0x00000000   Code   RO         2333    .ARM.Collect$$_printf_percent$$00000000  c_w.l(_printf_percent.o)
    0x0800024c   0x0800024c   0x00000006   Code   RO         2322    .ARM.Collect$$_printf_percent$$00000001  c_w.l(_printf_n.o)
    0x08000252   0x08000252   0x00000006   Code   RO         2324    .ARM.Collect$$_printf_percent$$00000002  c_w.l(_printf_p.o)
    0x08000258   0x08000258   0x00000006   Code   RO         2329    .ARM.Collect$$_printf_percent$$00000003  c_w.l(_printf_f.o)
    0x0800025e   0x0800025e   0x00000006   Code   RO         2330    .ARM.Collect$$_printf_percent$$00000004  c_w.l(_printf_e.o)
    0x08000264   0x08000264   0x00000006   Code   RO         2331    .ARM.Collect$$_printf_percent$$00000005  c_w.l(_printf_g.o)
    0x0800026a   0x0800026a   0x00000006   Code   RO         2332    .ARM.Collect$$_printf_percent$$00000006  c_w.l(_printf_a.o)
    0x08000270   0x08000270   0x0000000a   Code   RO         2337    .ARM.Collect$$_printf_percent$$00000007  c_w.l(_printf_ll.o)
    0x0800027a   0x0800027a   0x00000006   Code   RO         2326    .ARM.Collect$$_printf_percent$$00000008  c_w.l(_printf_i.o)
    0x08000280   0x08000280   0x00000006   Code   RO         2327    .ARM.Collect$$_printf_percent$$00000009  c_w.l(_printf_d.o)
    0x08000286   0x08000286   0x00000006   Code   RO         2328    .ARM.Collect$$_printf_percent$$0000000A  c_w.l(_printf_u.o)
    0x0800028c   0x0800028c   0x00000006   Code   RO         2325    .ARM.Collect$$_printf_percent$$0000000B  c_w.l(_printf_o.o)
    0x08000292   0x08000292   0x00000006   Code   RO         2323    .ARM.Collect$$_printf_percent$$0000000C  c_w.l(_printf_x.o)
    0x08000298   0x08000298   0x00000006   Code   RO         2334    .ARM.Collect$$_printf_percent$$0000000D  c_w.l(_printf_lli.o)
    0x0800029e   0x0800029e   0x00000006   Code   RO         2335    .ARM.Collect$$_printf_percent$$0000000E  c_w.l(_printf_lld.o)
    0x080002a4   0x080002a4   0x00000006   Code   RO         2336    .ARM.Collect$$_printf_percent$$0000000F  c_w.l(_printf_llu.o)
    0x080002aa   0x080002aa   0x00000006   Code   RO         2341    .ARM.Collect$$_printf_percent$$00000010  c_w.l(_printf_llo.o)
    0x080002b0   0x080002b0   0x00000006   Code   RO         2342    .ARM.Collect$$_printf_percent$$00000011  c_w.l(_printf_llx.o)
    0x080002b6   0x080002b6   0x0000000a   Code   RO         2338    .ARM.Collect$$_printf_percent$$00000012  c_w.l(_printf_l.o)
    0x080002c0   0x080002c0   0x00000006   Code   RO         2320    .ARM.Collect$$_printf_percent$$00000013  c_w.l(_printf_c.o)
    0x080002c6   0x080002c6   0x00000006   Code   RO         2321    .ARM.Collect$$_printf_percent$$00000014  c_w.l(_printf_s.o)
    0x080002cc   0x080002cc   0x00000006   Code   RO         2339    .ARM.Collect$$_printf_percent$$00000015  c_w.l(_printf_lc.o)
    0x080002d2   0x080002d2   0x00000006   Code   RO         2340    .ARM.Collect$$_printf_percent$$00000016  c_w.l(_printf_ls.o)
    0x080002d8   0x080002d8   0x00000004   Code   RO         2408    .ARM.Collect$$_printf_percent$$00000017  c_w.l(_printf_percent_end.o)
    0x080002dc   0x080002dc   0x00000002   Code   RO         2247    .ARM.Collect$$libinit$$00000000  c_w.l(libinit.o)
    0x080002de   0x080002de   0x00000004   Code   RO         2053    .ARM.Collect$$libinit$$00000001  c_w.l(libinit2.o)
    0x080002e2   0x080002e2   0x00000000   Code   RO         2056    .ARM.Collect$$libinit$$00000004  c_w.l(libinit2.o)
    0x080002e2   0x080002e2   0x00000000   Code   RO         2058    .ARM.Collect$$libinit$$00000006  c_w.l(libinit2.o)
    0x080002e2   0x080002e2   0x00000008   Code   RO         2059    .ARM.Collect$$libinit$$00000007  c_w.l(libinit2.o)
    0x080002ea   0x080002ea   0x00000000   Code   RO         2061    .ARM.Collect$$libinit$$0000000C  c_w.l(libinit2.o)
    0x080002ea   0x080002ea   0x00000000   Code   RO         2063    .ARM.Collect$$libinit$$0000000E  c_w.l(libinit2.o)
    0x080002ea   0x080002ea   0x00000000   Code   RO         2065    .ARM.Collect$$libinit$$00000010  c_w.l(libinit2.o)
    0x080002ea   0x080002ea   0x00000006   Code   RO         2066    .ARM.Collect$$libinit$$00000011  c_w.l(libinit2.o)
    0x080002f0   0x080002f0   0x00000000   Code   RO         2068    .ARM.Collect$$libinit$$00000013  c_w.l(libinit2.o)
    0x080002f0   0x080002f0   0x0000000c   Code   RO         2069    .ARM.Collect$$libinit$$00000014  c_w.l(libinit2.o)
    0x080002fc   0x080002fc   0x00000000   Code   RO         2070    .ARM.Collect$$libinit$$00000015  c_w.l(libinit2.o)
    0x080002fc   0x080002fc   0x00000000   Code   RO         2072    .ARM.Collect$$libinit$$00000017  c_w.l(libinit2.o)
    0x080002fc   0x080002fc   0x0000000a   Code   RO         2073    .ARM.Collect$$libinit$$00000018  c_w.l(libinit2.o)
    0x08000306   0x08000306   0x00000000   Code   RO         2074    .ARM.Collect$$libinit$$00000019  c_w.l(libinit2.o)
    0x08000306   0x08000306   0x00000000   Code   RO         2076    .ARM.Collect$$libinit$$0000001B  c_w.l(libinit2.o)
    0x08000306   0x08000306   0x00000000   Code   RO         2078    .ARM.Collect$$libinit$$0000001D  c_w.l(libinit2.o)
    0x08000306   0x08000306   0x00000000   Code   RO         2080    .ARM.Collect$$libinit$$0000001F  c_w.l(libinit2.o)
    0x08000306   0x08000306   0x00000000   Code   RO         2082    .ARM.Collect$$libinit$$00000021  c_w.l(libinit2.o)
    0x08000306   0x08000306   0x00000000   Code   RO         2084    .ARM.Collect$$libinit$$00000023  c_w.l(libinit2.o)
    0x08000306   0x08000306   0x00000000   Code   RO         2086    .ARM.Collect$$libinit$$00000025  c_w.l(libinit2.o)
    0x08000306   0x08000306   0x00000004   Code   RO         2087    .ARM.Collect$$libinit$$00000026  c_w.l(libinit2.o)
    0x0800030a   0x0800030a   0x00000000   Code   RO         2088    .ARM.Collect$$libinit$$00000027  c_w.l(libinit2.o)
    0x0800030a   0x0800030a   0x00000000   Code   RO         2092    .ARM.Collect$$libinit$$0000002E  c_w.l(libinit2.o)
    0x0800030a   0x0800030a   0x00000000   Code   RO         2094    .ARM.Collect$$libinit$$00000030  c_w.l(libinit2.o)
    0x0800030a   0x0800030a   0x00000000   Code   RO         2096    .ARM.Collect$$libinit$$00000032  c_w.l(libinit2.o)
    0x0800030a   0x0800030a   0x00000004   Code   RO         2097    .ARM.Collect$$libinit$$00000033  c_w.l(libinit2.o)
    0x0800030e   0x0800030e   0x00000000   Code   RO         2098    .ARM.Collect$$libinit$$00000034  c_w.l(libinit2.o)
    0x0800030e   0x0800030e   0x00000002   Code   RO         2099    .ARM.Collect$$libinit$$00000035  c_w.l(libinit2.o)
    0x08000310   0x08000310   0x00000002   Code   RO         2505    .ARM.Collect$$libshutdown$$00000000  c_w.l(libshutdown.o)
    0x08000312   0x08000312   0x00000000   Code   RO         2358    .ARM.Collect$$libshutdown$$00000002  c_w.l(libshutdown2.o)
    0x08000312   0x08000312   0x00000004   Code   RO         2359    .ARM.Collect$$libshutdown$$00000003  c_w.l(libshutdown2.o)
    0x08000316   0x08000316   0x00000000   Code   RO         2360    .ARM.Collect$$libshutdown$$00000004  c_w.l(libshutdown2.o)
    0x08000316   0x08000316   0x00000000   Code   RO         2363    .ARM.Collect$$libshutdown$$00000007  c_w.l(libshutdown2.o)
    0x08000316   0x08000316   0x00000000   Code   RO         2366    .ARM.Collect$$libshutdown$$0000000A  c_w.l(libshutdown2.o)
    0x08000316   0x08000316   0x00000000   Code   RO         2368    .ARM.Collect$$libshutdown$$0000000C  c_w.l(libshutdown2.o)
    0x08000316   0x08000316   0x00000000   Code   RO         2371    .ARM.Collect$$libshutdown$$0000000F  c_w.l(libshutdown2.o)
    0x08000316   0x08000316   0x00000002   Code   RO         2372    .ARM.Collect$$libshutdown$$00000010  c_w.l(libshutdown2.o)
    0x08000318   0x08000318   0x00000000   Code   RO         2009    .ARM.Collect$$rtentry$$00000000  c_w.l(__rtentry.o)
    0x08000318   0x08000318   0x00000000   Code   RO         2150    .ARM.Collect$$rtentry$$00000002  c_w.l(__rtentry2.o)
    0x08000318   0x08000318   0x00000006   Code   RO         2162    .ARM.Collect$$rtentry$$00000004  c_w.l(__rtentry4.o)
    0x0800031e   0x0800031e   0x00000000   Code   RO         2152    .ARM.Collect$$rtentry$$00000009  c_w.l(__rtentry2.o)
    0x0800031e   0x0800031e   0x00000004   Code   RO         2153    .ARM.Collect$$rtentry$$0000000A  c_w.l(__rtentry2.o)
    0x08000322   0x08000322   0x00000000   Code   RO         2155    .ARM.Collect$$rtentry$$0000000C  c_w.l(__rtentry2.o)
    0x08000322   0x08000322   0x00000008   Code   RO         2156    .ARM.Collect$$rtentry$$0000000D  c_w.l(__rtentry2.o)
    0x0800032a   0x0800032a   0x00000002   Code   RO         2248    .ARM.Collect$$rtexit$$00000000  c_w.l(rtexit.o)
    0x0800032c   0x0800032c   0x00000000   Code   RO         2385    .ARM.Collect$$rtexit$$00000002  c_w.l(rtexit2.o)
    0x0800032c   0x0800032c   0x00000004   Code   RO         2386    .ARM.Collect$$rtexit$$00000003  c_w.l(rtexit2.o)
    0x08000330   0x08000330   0x00000006   Code   RO         2387    .ARM.Collect$$rtexit$$00000004  c_w.l(rtexit2.o)
    0x08000336   0x08000336   0x00000002   PAD
    0x08000338   0x08000338   0x00000040   Code   RO            4    .text               startup_stm32f427xx.o
    0x08000378   0x08000378   0x0000005e   Code   RO         1881    .text               c_w.l(h1_alloc.o)
    0x080003d6   0x080003d6   0x000000f0   Code   RO         1935    .text               c_w.l(lludivv7m.o)
    0x080004c6   0x080004c6   0x0000008a   Code   RO         1937    .text               c_w.l(rt_memcpy_v6.o)
    0x08000550   0x08000550   0x0000004e   Code   RO         1943    .text               c_w.l(rt_memclr_w.o)
    0x0800059e   0x0800059e   0x00000006   Code   RO         1945    .text               c_w.l(heapauxi.o)
    0x080005a4   0x080005a4   0x0000002c   Code   RO         1952    .text               c_w.l(init_aeabi.o)
    0x080005d0   0x080005d0   0x00000008   Code   RO         2017    .text               c_w.l(rt_heap_descriptor_intlibspace.o)
    0x080005d8   0x080005d8   0x00000004   Code   RO         2019    .text               c_w.l(hguard.o)
    0x080005dc   0x080005dc   0x0000008a   Code   RO         2021    .text               c_w.l(init_alloc.o)
    0x08000666   0x08000666   0x0000000c   Code   RO         2027    .text               c_w.l(h1_init.o)
    0x08000672   0x08000672   0x0000004e   Code   RO         2029    .text               c_w.l(h1_free.o)
    0x080006c0   0x080006c0   0x000000ae   Code   RO         2031    .text               c_w.l(h1_memalign.o)
    0x0800076e   0x0800076e   0x00000016   Code   RO         2047    .text               c_w.l(_rserrno.o)
    0x08000784   0x08000784   0x00000064   Code   RO         2049    .text               c_w.l(rt_memcpy_w.o)
    0x080007e8   0x080007e8   0x00000008   Code   RO         2146    .text               c_w.l(libspace.o)
    0x080007f0   0x080007f0   0x00000008   Code   RO         2169    .text               c_w.l(rt_errno_addr_intlibspace.o)
    0x080007f8   0x080007f8   0x00000000   Code   RO         2173    .text               c_w.l(maybetermalloc1.o)
    0x080007f8   0x080007f8   0x00000034   Code   RO         2175    .text               c_w.l(h1_extend.o)
    0x0800082c   0x0800082c   0x0000000e   Code   RO         2179    .text               c_w.l(defsig_rtmem_outer.o)
    0x0800083a   0x0800083a   0x00000002   Code   RO         2209    .text               c_w.l(use_no_semi.o)
    0x0800083c   0x0800083c   0x00000000   Code   RO         2211    .text               c_w.l(indicate_semi.o)
    0x0800083c   0x0800083c   0x0000004a   Code   RO         2212    .text               c_w.l(sys_stackheap_outer.o)
    0x08000886   0x08000886   0x0000000a   Code   RO         2218    .text               c_w.l(vfprintf.o)
    0x08000890   0x08000890   0x00000012   Code   RO         2226    .text               c_w.l(exit.o)
    0x080008a2   0x080008a2   0x00000016   Code   RO         2228    .text               c_w.l(abort.o)
    0x080008b8   0x080008b8   0x0000000a   Code   RO         2230    .text               c_w.l(defsig_exit.o)
    0x080008c2   0x080008c2   0x00000002   PAD
    0x080008c4   0x080008c4   0x00000050   Code   RO         2236    .text               c_w.l(defsig_rtmem_inner.o)
    0x08000914   0x08000914   0x0000004e   Code   RO         2256    .text               c_w.l(_printf_pad.o)
    0x08000962   0x08000962   0x00000024   Code   RO         2258    .text               c_w.l(_printf_truncate.o)
    0x08000986   0x08000986   0x00000052   Code   RO         2260    .text               c_w.l(_printf_str.o)
    0x080009d8   0x080009d8   0x00000078   Code   RO         2262    .text               c_w.l(_printf_dec.o)
    0x08000a50   0x08000a50   0x00000028   Code   RO         2264    .text               c_w.l(_printf_charcount.o)
    0x08000a78   0x08000a78   0x00000024   Code   RO         2266    .text               c_w.l(_printf_char_file.o)
    0x08000a9c   0x08000a9c   0x000000bc   Code   RO         2268    .text               c_w.l(_printf_wctomb.o)
    0x08000b58   0x08000b58   0x0000007c   Code   RO         2271    .text               c_w.l(_printf_longlong_dec.o)
    0x08000bd4   0x08000bd4   0x00000070   Code   RO         2277    .text               c_w.l(_printf_oct_int_ll.o)
    0x08000c44   0x08000c44   0x00000094   Code   RO         2297    .text               c_w.l(_printf_hex_int_ll_ptr.o)
    0x08000cd8   0x08000cd8   0x00000188   Code   RO         2317    .text               c_w.l(__printf_flags_ss_wp.o)
    0x08000e60   0x08000e60   0x00000138   Code   RO         2343    .text               c_w.l(initio.o)
    0x08000f98   0x08000f98   0x00000032   Code   RO         2349    .text               c_w.l(defsig_general.o)
    0x08000fca   0x08000fca   0x0000000e   Code   RO         2351    .text               c_w.l(defsig_abrt_outer.o)
    0x08000fd8   0x08000fd8   0x0000008a   Code   RO         2391    .text               c_w.l(lludiv10.o)
    0x08001062   0x08001062   0x000000b2   Code   RO         2393    .text               c_w.l(_printf_intcommon.o)
    0x08001114   0x08001114   0x0000041c   Code   RO         2395    .text               c_w.l(_printf_fp_dec.o)
    0x08001530   0x08001530   0x000002fc   Code   RO         2399    .text               c_w.l(_printf_fp_hex.o)
    0x0800182c   0x0800182c   0x00000030   Code   RO         2402    .text               c_w.l(_printf_char_common.o)
    0x0800185c   0x0800185c   0x0000002c   Code   RO         2404    .text               c_w.l(_printf_char.o)
    0x08001888   0x08001888   0x0000002c   Code   RO         2406    .text               c_w.l(_printf_wchar.o)
    0x080018b4   0x080018b4   0x00000008   Code   RO         2409    .text               c_w.l(ferror.o)
    0x080018bc   0x080018bc   0x00000046   Code   RO         2415    .text               c_w.l(setvbuf.o)
    0x08001902   0x08001902   0x00000002   PAD
    0x08001904   0x08001904   0x000000f0   Code   RO         2418    .text               c_w.l(fopen.o)
    0x080019f4   0x080019f4   0x0000004c   Code   RO         2420    .text               c_w.l(fclose.o)
    0x08001a40   0x08001a40   0x00000048   Code   RO         2430    .text               c_w.l(_c16rtomb.o)
    0x08001a88   0x08001a88   0x00000030   Code   RO         2432    .text               c_w.l(defsig_abrt_inner.o)
    0x08001ab8   0x08001ab8   0x0000000e   Code   RO         2434    .text               c_w.l(defsig_rtred_outer.o)
    0x08001ac6   0x08001ac6   0x00000066   Code   RO         2440    .text               c_w.l(sys_io.o)
    0x08001b2c   0x08001b2c   0x00000010   Code   RO         2444    .text               c_w.l(rt_ctype_table.o)
    0x08001b3c   0x08001b3c   0x00000008   Code   RO         2449    .text               c_w.l(rt_locale_intlibspace.o)
    0x08001b44   0x08001b44   0x00000080   Code   RO         2451    .text               c_w.l(_printf_fp_infnan.o)
    0x08001bc4   0x08001bc4   0x000000e4   Code   RO         2455    .text               c_w.l(bigflt0.o)
    0x08001ca8   0x08001ca8   0x000001e2   Code   RO         2482    .text               c_w.l(flsbuf.o)
    0x08001e8a   0x08001e8a   0x00000002   PAD
    0x08001e8c   0x08001e8c   0x000000f8   Code   RO         2484    .text               c_w.l(fseek.o)
    0x08001f84   0x08001f84   0x00000108   Code   RO         2486    .text               c_w.l(stdio.o)
    0x0800208c   0x0800208c   0x00000034   Code   RO         2491    .text               c_w.l(defsig_rtred_inner.o)
    0x080020c0   0x080020c0   0x00000042   Code   RO         2516    .text               c_w.l(ftell.o)
    0x08002102   0x08002102   0x0000003e   Code   RO         2527    .text               c_w.l(strlen.o)
    0x08002140   0x08002140   0x0000007c   Code   RO         2529    .text               c_w.l(strcmpv7em.o)
    0x080021bc   0x080021bc   0x0000000c   Code   RO           21    .text.$Sub$$_sys_open  maincpp.o
    0x080021c8   0x080021c8   0x00000004   Code   RO          159    .text.BusFault_Handler  stm32f4xx_it.o
    0x080021cc   0x080021cc   0x00000010   Code   RO          167    .text.CAN1_RX0_IRQHandler  stm32f4xx_it.o
    0x080021dc   0x080021dc   0x00000010   Code   RO          169    .text.CAN1_RX1_IRQHandler  stm32f4xx_it.o
    0x080021ec   0x080021ec   0x00000010   Code   RO          173    .text.CAN2_RX0_IRQHandler  stm32f4xx_it.o
    0x080021fc   0x080021fc   0x00000010   Code   RO          175    .text.CAN2_RX1_IRQHandler  stm32f4xx_it.o
    0x0800220c   0x0800220c   0x000000e0   Code   RO         1329    .text.CANFIFOxCallback  bsp_can.o
    0x080022ec   0x080022ec   0x00000010   Code   RO          171    .text.DMA2_Stream1_IRQHandler  stm32f4xx_it.o
    0x080022fc   0x080022fc   0x00000056   Code   RO          471    .text.DMA_CalcBaseAndBitshift  stm32f4xx_hal_dma.o
    0x08002352   0x08002352   0x00000002   PAD
    0x08002354   0x08002354   0x000000f0   Code   RO          469    .text.DMA_CheckFifoParam  stm32f4xx_hal_dma.o
    0x08002444   0x08002444   0x00000050   Code   RO          477    .text.DMA_SetConfig  stm32f4xx_hal_dma.o
    0x08002494   0x08002494   0x00000002   Code   RO          163    .text.DebugMon_Handler  stm32f4xx_it.o
    0x08002496   0x08002496   0x00000002   PAD
    0x08002498   0x08002498   0x00000006   Code   RO           54    .text.Error_Handler  main.o
    0x0800249e   0x0800249e   0x00000002   PAD
    0x080024a0   0x080024a0   0x00000008   Code   RO          258    .text.HAL_CAN_ErrorCallback  stm32f4xx_hal_can.o
    0x080024a8   0x080024a8   0x00000052   Code   RO          226    .text.HAL_CAN_GetRxFifoFillLevel  stm32f4xx_hal_can.o
    0x080024fa   0x080024fa   0x00000002   PAD
    0x080024fc   0x080024fc   0x00000212   Code   RO          224    .text.HAL_CAN_GetRxMessage  stm32f4xx_hal_can.o
    0x0800270e   0x0800270e   0x00000002   PAD
    0x08002710   0x08002710   0x000003f2   Code   RO          232    .text.HAL_CAN_IRQHandler  stm32f4xx_hal_can.o
    0x08002b02   0x08002b02   0x00000002   PAD
    0x08002b04   0x08002b04   0x000001de   Code   RO          194    .text.HAL_CAN_Init  stm32f4xx_hal_can.o
    0x08002ce2   0x08002ce2   0x00000002   PAD
    0x08002ce4   0x08002ce4   0x000001b0   Code   RO           86    .text.HAL_CAN_MspInit  can.o
    0x08002e94   0x08002e94   0x00000008   Code   RO          246    .text.HAL_CAN_RxFifo0FullCallback  stm32f4xx_hal_can.o
    0x08002e9c   0x08002e9c   0x00000012   Code   RO         1327    .text.HAL_CAN_RxFifo0MsgPendingCallback  bsp_can.o
    0x08002eae   0x08002eae   0x00000002   PAD
    0x08002eb0   0x08002eb0   0x00000008   Code   RO          250    .text.HAL_CAN_RxFifo1FullCallback  stm32f4xx_hal_can.o
    0x08002eb8   0x08002eb8   0x00000012   Code   RO         1331    .text.HAL_CAN_RxFifo1MsgPendingCallback  bsp_can.o
    0x08002eca   0x08002eca   0x00000002   PAD
    0x08002ecc   0x08002ecc   0x00000008   Code   RO          254    .text.HAL_CAN_SleepCallback  stm32f4xx_hal_can.o
    0x08002ed4   0x08002ed4   0x00000008   Code   RO          236    .text.HAL_CAN_TxMailbox0AbortCallback  stm32f4xx_hal_can.o
    0x08002edc   0x08002edc   0x00000008   Code   RO          234    .text.HAL_CAN_TxMailbox0CompleteCallback  stm32f4xx_hal_can.o
    0x08002ee4   0x08002ee4   0x00000008   Code   RO          240    .text.HAL_CAN_TxMailbox1AbortCallback  stm32f4xx_hal_can.o
    0x08002eec   0x08002eec   0x00000008   Code   RO          238    .text.HAL_CAN_TxMailbox1CompleteCallback  stm32f4xx_hal_can.o
    0x08002ef4   0x08002ef4   0x00000008   Code   RO          244    .text.HAL_CAN_TxMailbox2AbortCallback  stm32f4xx_hal_can.o
    0x08002efc   0x08002efc   0x00000008   Code   RO          242    .text.HAL_CAN_TxMailbox2CompleteCallback  stm32f4xx_hal_can.o
    0x08002f04   0x08002f04   0x00000008   Code   RO          256    .text.HAL_CAN_WakeUpFromRxMsgCallback  stm32f4xx_hal_can.o
    0x08002f0c   0x08002f0c   0x000000ec   Code   RO          481    .text.HAL_DMA_Abort  stm32f4xx_hal_dma.o
    0x08002ff8   0x08002ff8   0x00000044   Code   RO          483    .text.HAL_DMA_Abort_IT  stm32f4xx_hal_dma.o
    0x0800303c   0x0800303c   0x0000031e   Code   RO          487    .text.HAL_DMA_IRQHandler  stm32f4xx_hal_dma.o
    0x0800335a   0x0800335a   0x00000002   PAD
    0x0800335c   0x0800335c   0x0000016e   Code   RO          467    .text.HAL_DMA_Init  stm32f4xx_hal_dma.o
    0x080034ca   0x080034ca   0x00000002   PAD
    0x080034cc   0x080034cc   0x000000c2   Code   RO          479    .text.HAL_DMA_Start_IT  stm32f4xx_hal_dma.o
    0x0800358e   0x0800358e   0x00000002   PAD
    0x08003590   0x08003590   0x000003ee   Code   RO          429    .text.HAL_GPIO_Init  stm32f4xx_hal_gpio.o
    0x0800397e   0x0800397e   0x00000002   PAD
    0x08003980   0x08003980   0x0000002e   Code   RO          435    .text.HAL_GPIO_WritePin  stm32f4xx_hal_gpio.o
    0x080039ae   0x080039ae   0x00000002   PAD
    0x080039b0   0x080039b0   0x0000000c   Code   RO          660    .text.HAL_GetTick   stm32f4xx_hal.o
    0x080039bc   0x080039bc   0x0000001a   Code   RO          658    .text.HAL_IncTick   stm32f4xx_hal.o
    0x080039d6   0x080039d6   0x00000002   PAD
    0x080039d8   0x080039d8   0x00000036   Code   RO          648    .text.HAL_Init      stm32f4xx_hal.o
    0x08003a0e   0x08003a0e   0x00000002   PAD
    0x08003a10   0x08003a10   0x00000070   Code   RO          650    .text.HAL_InitTick  stm32f4xx_hal.o
    0x08003a80   0x08003a80   0x00000058   Code   RO          186    .text.HAL_MspInit   stm32f4xx_hal_msp.o
    0x08003ad8   0x08003ad8   0x00000014   Code   RO          583    .text.HAL_NVIC_EnableIRQ  stm32f4xx_hal_cortex.o
    0x08003aec   0x08003aec   0x00000032   Code   RO          575    .text.HAL_NVIC_SetPriority  stm32f4xx_hal_cortex.o
    0x08003b1e   0x08003b1e   0x00000002   PAD
    0x08003b20   0x08003b20   0x00000010   Code   RO          571    .text.HAL_NVIC_SetPriorityGrouping  stm32f4xx_hal_cortex.o
    0x08003b30   0x08003b30   0x000000be   Code   RO          558    .text.HAL_PWREx_EnableOverDrive  stm32f4xx_hal_pwr_ex.o
    0x08003bee   0x08003bee   0x00000002   PAD
    0x08003bf0   0x08003bf0   0x00000262   Code   RO          277    .text.HAL_RCC_ClockConfig  stm32f4xx_hal_rcc.o
    0x08003e52   0x08003e52   0x00000002   PAD
    0x08003e54   0x08003e54   0x0000000c   Code   RO          287    .text.HAL_RCC_GetHCLKFreq  stm32f4xx_hal_rcc.o
    0x08003e60   0x08003e60   0x00000022   Code   RO          289    .text.HAL_RCC_GetPCLK1Freq  stm32f4xx_hal_rcc.o
    0x08003e82   0x08003e82   0x00000002   PAD
    0x08003e84   0x08003e84   0x00000022   Code   RO          291    .text.HAL_RCC_GetPCLK2Freq  stm32f4xx_hal_rcc.o
    0x08003ea6   0x08003ea6   0x00000002   PAD
    0x08003ea8   0x08003ea8   0x000000e6   Code   RO          279    .text.HAL_RCC_GetSysClockFreq  stm32f4xx_hal_rcc.o
    0x08003f8e   0x08003f8e   0x00000002   PAD
    0x08003f90   0x08003f90   0x000006be   Code   RO          275    .text.HAL_RCC_OscConfig  stm32f4xx_hal_rcc.o
    0x0800464e   0x0800464e   0x00000002   PAD
    0x08004650   0x08004650   0x00000010   Code   RO          595    .text.HAL_SYSTICK_Config  stm32f4xx_hal_cortex.o
    0x08004660   0x08004660   0x00000122   Code   RO         1054    .text.HAL_TIMEx_MasterConfigSynchronization  stm32f4xx_hal_tim_ex.o
    0x08004782   0x08004782   0x00000002   PAD
    0x08004784   0x08004784   0x0000009c   Code   RO          741    .text.HAL_TIM_Base_Init  stm32f4xx_hal_tim.o
    0x08004820   0x08004820   0x00000076   Code   RO          114    .text.HAL_TIM_Base_MspInit  tim.o
    0x08004896   0x08004896   0x00000002   PAD
    0x08004898   0x08004898   0x00000184   Code   RO          933    .text.HAL_TIM_ConfigClockSource  stm32f4xx_hal_tim.o
    0x08004a1c   0x08004a1c   0x0000010a   Code   RO          110    .text.HAL_TIM_MspPostInit  tim.o
    0x08004b26   0x08004b26   0x00000002   PAD
    0x08004b28   0x08004b28   0x00000142   Code   RO          907    .text.HAL_TIM_PWM_ConfigChannel  stm32f4xx_hal_tim.o
    0x08004c6a   0x08004c6a   0x00000002   PAD
    0x08004c6c   0x08004c6c   0x0000009c   Code   RO          795    .text.HAL_TIM_PWM_Init  stm32f4xx_hal_tim.o
    0x08004d08   0x08004d08   0x00000008   Code   RO          797    .text.HAL_TIM_PWM_MspInit  stm32f4xx_hal_tim.o
    0x08004d10   0x08004d10   0x000001ca   Code   RO          803    .text.HAL_TIM_PWM_Start  stm32f4xx_hal_tim.o
    0x08004eda   0x08004eda   0x00000002   PAD
    0x08004edc   0x08004edc   0x000000c2   Code   RO         1131    .text.HAL_UARTEx_ReceiveToIdle_DMA  stm32f4xx_hal_uart.o
    0x08004f9e   0x08004f9e   0x00000002   PAD
    0x08004fa0   0x08004fa0   0x000000d2   Code   RO         1357    .text.HAL_UARTEx_RxEventCallback  bsp_usart.o
    0x08005072   0x08005072   0x00000002   PAD
    0x08005074   0x08005074   0x0000008a   Code   RO         1359    .text.HAL_UART_ErrorCallback  bsp_usart.o
    0x080050fe   0x080050fe   0x00000002   PAD
    0x08005100   0x08005100   0x0000042c   Code   RO         1161    .text.HAL_UART_IRQHandler  stm32f4xx_hal_uart.o
    0x0800552c   0x0800552c   0x0000009e   Code   RO         1077    .text.HAL_UART_Init  stm32f4xx_hal_uart.o
    0x080055ca   0x080055ca   0x00000002   PAD
    0x080055cc   0x080055cc   0x0000017a   Code   RO          139    .text.HAL_UART_MspInit  usart.o
    0x08005746   0x08005746   0x00000002   PAD
    0x08005748   0x08005748   0x00000008   Code   RO         1179    .text.HAL_UART_RxCpltCallback  stm32f4xx_hal_uart.o
    0x08005750   0x08005750   0x00000008   Code   RO         1181    .text.HAL_UART_RxHalfCpltCallback  stm32f4xx_hal_uart.o
    0x08005758   0x08005758   0x00000008   Code   RO         1175    .text.HAL_UART_TxCpltCallback  stm32f4xx_hal_uart.o
    0x08005760   0x08005760   0x00000004   Code   RO          155    .text.HardFault_Handler  stm32f4xx_it.o
    0x08005764   0x08005764   0x0000004e   Code   RO           82    .text.MX_CAN1_Init  can.o
    0x080057b2   0x080057b2   0x00000002   PAD
    0x080057b4   0x080057b4   0x0000004e   Code   RO           84    .text.MX_CAN2_Init  can.o
    0x08005802   0x08005802   0x00000002   PAD
    0x08005804   0x08005804   0x0000003c   Code   RO          100    .text.MX_DMA_Init   dma.o
    0x08005840   0x08005840   0x00000046   Code   RO           66    .text.MX_FREERTOS_Init  freertos.o
    0x08005886   0x08005886   0x00000002   PAD
    0x08005888   0x08005888   0x0000010e   Code   RO          127    .text.MX_GPIO_Init  gpio.o
    0x08005996   0x08005996   0x00000002   PAD
    0x08005998   0x08005998   0x00000128   Code   RO          108    .text.MX_TIM4_Init  tim.o
    0x08005ac0   0x08005ac0   0x00000128   Code   RO          112    .text.MX_TIM5_Init  tim.o
    0x08005be8   0x08005be8   0x00000040   Code   RO          135    .text.MX_USART3_UART_Init  usart.o
    0x08005c28   0x08005c28   0x00000040   Code   RO          137    .text.MX_USART6_UART_Init  usart.o
    0x08005c68   0x08005c68   0x00000004   Code   RO          157    .text.MemManage_Handler  stm32f4xx_it.o
    0x08005c6c   0x08005c6c   0x00000004   Code   RO          153    .text.NMI_Handler   stm32f4xx_it.o
    0x08005c70   0x08005c70   0x0000006c   Code   RO          581    .text.NVIC_EncodePriority  stm32f4xx_hal_cortex.o
    0x08005cdc   0x08005cdc   0x00000004   PAD
    0x08005ce0   0x08005ce0   0x00000064   Code   RO         1862    .text.PendSV_Handler  port.o
    0x08005d44   0x08005d44   0x0000000c   PAD
    0x08005d50   0x08005d50   0x00000024   Code   RO         1846    .text.SVC_Handler   port.o
    0x08005d74   0x08005d74   0x00000010   Code   RO           68    .text.StartDefaultTask  freertos.o
    0x08005d84   0x08005d84   0x00000052   Code   RO          597    .text.SysTick_Config  stm32f4xx_hal_cortex.o
    0x08005dd6   0x08005dd6   0x00000002   PAD
    0x08005dd8   0x08005dd8   0x00000018   Code   RO          165    .text.SysTick_Handler  stm32f4xx_it.o
    0x08005df0   0x08005df0   0x000000ca   Code   RO           52    .text.SystemClock_Config  main.o
    0x08005eba   0x08005eba   0x00000002   PAD
    0x08005ebc   0x08005ebc   0x00000012   Code   RO         1208    .text.SystemInit    system_stm32f4xx.o
    0x08005ece   0x08005ece   0x00000002   PAD
    0x08005ed0   0x08005ed0   0x000001b0   Code   RO          745    .text.TIM_Base_SetConfig  stm32f4xx_hal_tim.o
    0x08006080   0x08006080   0x00000036   Code   RO          779    .text.TIM_CCxChannelCmd  stm32f4xx_hal_tim.o
    0x080060b6   0x080060b6   0x00000002   PAD
    0x080060b8   0x080060b8   0x00000034   Code   RO          931    .text.TIM_ETR_SetConfig  stm32f4xx_hal_tim.o
    0x080060ec   0x080060ec   0x0000002a   Code   RO          937    .text.TIM_ITRx_SetConfig  stm32f4xx_hal_tim.o
    0x08006116   0x08006116   0x00000002   PAD
    0x08006118   0x08006118   0x000000ea   Code   RO          889    .text.TIM_OC1_SetConfig  stm32f4xx_hal_tim.o
    0x08006202   0x08006202   0x00000002   PAD
    0x08006204   0x08006204   0x000000f4   Code   RO          891    .text.TIM_OC2_SetConfig  stm32f4xx_hal_tim.o
    0x080062f8   0x080062f8   0x000000f2   Code   RO          893    .text.TIM_OC3_SetConfig  stm32f4xx_hal_tim.o
    0x080063ea   0x080063ea   0x00000002   PAD
    0x080063ec   0x080063ec   0x000000a4   Code   RO          895    .text.TIM_OC4_SetConfig  stm32f4xx_hal_tim.o
    0x08006490   0x08006490   0x00000050   Code   RO          935    .text.TIM_TI1_ConfigInputStage  stm32f4xx_hal_tim.o
    0x080064e0   0x080064e0   0x00000052   Code   RO          939    .text.TIM_TI2_ConfigInputStage  stm32f4xx_hal_tim.o
    0x08006532   0x08006532   0x00000002   PAD
    0x08006534   0x08006534   0x00000020   Code   RO         1165    .text.UART_DMAAbortOnError  stm32f4xx_hal_uart.o
    0x08006554   0x08006554   0x0000007c   Code   RO         1111    .text.UART_DMAError  stm32f4xx_hal_uart.o
    0x080065d0   0x080065d0   0x000000f4   Code   RO         1197    .text.UART_DMAReceiveCplt  stm32f4xx_hal_uart.o
    0x080066c4   0x080066c4   0x00000034   Code   RO         1199    .text.UART_DMARxHalfCplt  stm32f4xx_hal_uart.o
    0x080066f8   0x080066f8   0x00000094   Code   RO         1125    .text.UART_EndRxTransfer  stm32f4xx_hal_uart.o
    0x0800678c   0x0800678c   0x00000026   Code   RO         1173    .text.UART_EndTransmit_IT  stm32f4xx_hal_uart.o
    0x080067b2   0x080067b2   0x00000002   PAD
    0x080067b4   0x080067b4   0x00000036   Code   RO         1123    .text.UART_EndTxTransfer  stm32f4xx_hal_uart.o
    0x080067ea   0x080067ea   0x00000002   PAD
    0x080067ec   0x080067ec   0x0000016a   Code   RO         1163    .text.UART_Receive_IT  stm32f4xx_hal_uart.o
    0x08006956   0x08006956   0x00000002   PAD
    0x08006958   0x08006958   0x0000013a   Code   RO         1081    .text.UART_SetConfig  stm32f4xx_hal_uart.o
    0x08006a92   0x08006a92   0x00000002   PAD
    0x08006a94   0x08006a94   0x0000010c   Code   RO         1115    .text.UART_Start_Receive_DMA  stm32f4xx_hal_uart.o
    0x08006ba0   0x08006ba0   0x00000094   Code   RO         1171    .text.UART_Transmit_IT  stm32f4xx_hal_uart.o
    0x08006c34   0x08006c34   0x00000010   Code   RO          177    .text.USART6_IRQHandler  stm32f4xx_it.o
    0x08006c44   0x08006c44   0x00000004   Code   RO          161    .text.UsageFault_Handler  stm32f4xx_it.o
    0x08006c48   0x08006c48   0x00000008   Code   RO           27    .text._GLOBAL__sub_I_maincpp.cpp  maincpp.o
    0x08006c50   0x08006c50   0x00000040   Code   RO           19    .text._Z13remoteControlPv  maincpp.o
    0x08006c90   0x08006c90   0x0000001c   Code   RO           15    .text._Z16OnServo1_ControlPv  maincpp.o
    0x08006cac   0x08006cac   0x0000001c   Code   RO           17    .text._Z16OnServo2_ControlPv  maincpp.o
    0x08006cc8   0x08006cc8   0x00000026   Code   RO         1958    .text._ZL17operator_new_implj  libcpp_w.l(new.cpp.o)
    0x08006cee   0x08006cee   0x00000002   PAD
    0x08006cf0   0x08006cf0   0x0000004a   Code   RO         1976    .text._ZL25operator_new_aligned_impljSt11align_val_t  libcpp_w.l(new.cpp.o)
    0x08006d3a   0x08006d3a   0x00000002   PAD
    0x08006d3c   0x08006d3c   0x00000200   Code   RO         1255    .text._ZN5Servo12Servo_base_t7controlEf  servo.o
    0x08006f3c   0x08006f3c   0x00000040   Code   RO           47    .text._ZN5Servo12Servo_base_tC2EP17TIM_HandleTypeDefjffff  maincpp.o
    0x08006f7c   0x08006f7c   0x00000024   Code   RO         1266    .text._ZN7Control9Control_t12doCalcontrolEv  control.o
    0x08006fa0   0x08006fa0   0x00000016   Code   RO         1268    .text._ZN7Control9Control_t12doYawcontrolEv  control.o
    0x08006fb6   0x08006fb6   0x00000002   PAD
    0x08006fb8   0x08006fb8   0x00000160   Code   RO         1264    .text._ZN7Control9Control_t13controlUpdateEfff  control.o
    0x08007118   0x08007118   0x00000012   Code   RO           45    .text._ZN7Control9Control_tC2Ev  maincpp.o
    0x0800712a   0x0800712a   0x0000001e   Code   RO         2191    .text._ZNSt3__222__libcpp_verbose_abortEPKcz  libcpp_w.l(verbose_abort.cpp.o)
    0x08007148   0x08007148   0x00000014   Code   RO         1276    .text._ZNSt3__26__math4atanB8nn190000Ef  control.o
    0x0800715c   0x0800715c   0x00000014   Code   RO         1278    .text._ZNSt3__26__math4sqrtB8nn190000Ef  control.o
    0x08007170   0x08007170   0x0000000c   Code   RO         2123    .text._ZSt15get_new_handlerv  libcppabi_w.l(cxa_handlers.cpp.o)
    0x0800717c   0x0800717c   0x00000038   Code   RO         2106    .text._ZSt17__throw_bad_allocv  libcpp_w.l(new_helpers.cpp.o)
    0x080071b4   0x080071b4   0x00000030   Code   RO          585    .text.__NVIC_EnableIRQ  stm32f4xx_hal_cortex.o
    0x080071e4   0x080071e4   0x00000010   Code   RO          577    .text.__NVIC_GetPriorityGrouping  stm32f4xx_hal_cortex.o
    0x080071f4   0x080071f4   0x00000042   Code   RO          579    .text.__NVIC_SetPriority  stm32f4xx_hal_cortex.o
    0x08007236   0x08007236   0x00000002   PAD
    0x08007238   0x08007238   0x0000003c   Code   RO          573    .text.__NVIC_SetPriorityGrouping  stm32f4xx_hal_cortex.o
    0x08007274   0x08007274   0x00000010   Code   RO           11    .text.__cxx_global_var_init  maincpp.o
    0x08007284   0x08007284   0x00000008   Code   RO           23    .text._sys_exit     maincpp.o
    0x0800728c   0x0800728c   0x00000008   Code   RO           25    .text._ttywrch      maincpp.o
    0x08007294   0x08007294   0x0000005a   Code   RO           50    .text.main          main.o
    0x080072ee   0x080072ee   0x00000002   PAD
    0x080072f0   0x080072f0   0x00000134   Code   RO           13    .text.main_cpp      maincpp.o
    0x08007424   0x08007424   0x00000028   Code   RO         1701    .text.makeFreeRtosPriority  cmsis_os.o
    0x0800744c   0x0800744c   0x00000028   Code   RO         1715    .text.osDelay       cmsis_os.o
    0x08007474   0x08007474   0x0000000a   Code   RO         1691    .text.osKernelStart  cmsis_os.o
    0x0800747e   0x0800747e   0x00000002   PAD
    0x08007480   0x08007480   0x000000ac   Code   RO         1699    .text.osThreadCreate  cmsis_os.o
    0x0800752c   0x0800752c   0x000000f4   Code   RO         1575    .text.prvAddCurrentTaskToDelayedList  tasks.o
    0x08007620   0x08007620   0x00000110   Code   RO         1561    .text.prvAddNewTaskToReadyList  tasks.o
    0x08007730   0x08007730   0x0000005a   Code   RO         1659    .text.prvCheckTasksWaitingTermination  tasks.o
    0x0800778a   0x0800778a   0x00000002   PAD
    0x0800778c   0x0800778c   0x0000005e   Code   RO         1567    .text.prvDeleteTCB  tasks.o
    0x080077ea   0x080077ea   0x00000002   PAD
    0x080077ec   0x080077ec   0x000000bc   Code   RO         1813    .text.prvHeapInit   heap_4.o
    0x080078a8   0x080078a8   0x00000038   Code   RO         1597    .text.prvIdleTask   tasks.o
    0x080078e0   0x080078e0   0x0000003e   Code   RO         1442    .text.prvInitialiseNewQueue  queue.o
    0x0800791e   0x0800791e   0x00000002   PAD
    0x08007920   0x08007920   0x00000114   Code   RO         1559    .text.prvInitialiseNewTask  tasks.o
    0x08007a34   0x08007a34   0x0000008e   Code   RO         1657    .text.prvInitialiseTaskLists  tasks.o
    0x08007ac2   0x08007ac2   0x00000002   PAD
    0x08007ac4   0x08007ac4   0x000000c6   Code   RO         1815    .text.prvInsertBlockIntoFreeList  heap_4.o
    0x08007b8a   0x08007b8a   0x00000002   PAD
    0x08007b8c   0x08007b8c   0x00000028   Code   RO         1854    .text.prvPortStartFirstTask  port.o
    0x08007bb4   0x08007bb4   0x00000046   Code   RO         1569    .text.prvResetNextTaskUnblockTime  tasks.o
    0x08007bfa   0x08007bfa   0x00000002   PAD
    0x08007bfc   0x08007bfc   0x0000004c   Code   RO         1844    .text.prvTaskExitError  port.o
    0x08007c48   0x08007c48   0x000001ec   Code   RO         1811    .text.pvPortMalloc  heap_4.o
    0x08007e34   0x08007e34   0x0000005e   Code   RO         1842    .text.pxPortInitialiseStack  port.o
    0x08007e92   0x08007e92   0x00000002   PAD
    0x08007e94   0x08007e94   0x00000048   Code   RO         1429    .text.uxListRemove  list.o
    0x08007edc   0x08007edc   0x0000002a   Code   RO           64    .text.vApplicationGetIdleTaskMemory  freertos.o
    0x08007f06   0x08007f06   0x00000002   PAD
    0x08007f08   0x08007f08   0x0000002e   Code   RO         1421    .text.vListInitialise  list.o
    0x08007f36   0x08007f36   0x00000002   PAD
    0x08007f38   0x08007f38   0x0000000e   Code   RO         1423    .text.vListInitialiseItem  list.o
    0x08007f46   0x08007f46   0x00000002   PAD
    0x08007f48   0x08007f48   0x0000006a   Code   RO         1427    .text.vListInsert   list.o
    0x08007fb2   0x08007fb2   0x00000002   PAD
    0x08007fb4   0x08007fb4   0x0000003a   Code   RO         1425    .text.vListInsertEnd  list.o
    0x08007fee   0x08007fee   0x00000002   PAD
    0x08007ff0   0x08007ff0   0x00000014   Code   RO         1852    .text.vPortEnableVFP  port.o
    0x08008004   0x08008004   0x00000056   Code   RO         1858    .text.vPortEnterCritical  port.o
    0x0800805a   0x0800805a   0x00000002   PAD
    0x0800805c   0x0800805c   0x0000004a   Code   RO         1860    .text.vPortExitCritical  port.o
    0x080080a6   0x080080a6   0x00000002   PAD
    0x080080a8   0x080080a8   0x000000ce   Code   RO         1817    .text.vPortFree     heap_4.o
    0x08008176   0x08008176   0x00000002   PAD
    0x08008178   0x08008178   0x00000044   Code   RO         1850    .text.vPortSetupTimerInterrupt  port.o
    0x080081bc   0x080081bc   0x0000006e   Code   RO         1571    .text.vTaskDelay    tasks.o
    0x0800822a   0x0800822a   0x00000002   PAD
    0x0800822c   0x0800822c   0x000000ce   Code   RO         1595    .text.vTaskStartScheduler  tasks.o
    0x080082fa   0x080082fa   0x00000002   PAD
    0x080082fc   0x080082fc   0x00000010   Code   RO         1573    .text.vTaskSuspendAll  tasks.o
    0x0800830c   0x0800830c   0x000000be   Code   RO         1587    .text.vTaskSwitchContext  tasks.o
    0x080083ca   0x080083ca   0x00000002   PAD
    0x080083cc   0x080083cc   0x00000156   Code   RO         1848    .text.xPortStartScheduler  port.o
    0x08008522   0x08008522   0x00000002   PAD
    0x08008524   0x08008524   0x0000003c   Code   RO         1864    .text.xPortSysTickHandler  port.o
    0x08008560   0x08008560   0x00000074   Code   RO         1444    .text.xQueueGenericCreate  queue.o
    0x080085d4   0x080085d4   0x000000ba   Code   RO         1438    .text.xQueueGenericReset  queue.o
    0x0800868e   0x0800868e   0x00000002   PAD
    0x08008690   0x08008690   0x0000009e   Code   RO         1563    .text.xTaskCreate   tasks.o
    0x0800872e   0x0800872e   0x00000002   PAD
    0x08008730   0x08008730   0x000000ce   Code   RO         1557    .text.xTaskCreateStatic  tasks.o
    0x080087fe   0x080087fe   0x00000002   PAD
    0x08008800   0x08008800   0x00000038   Code   RO         1631    .text.xTaskGetSchedulerState  tasks.o
    0x08008838   0x08008838   0x000001b8   Code   RO         1601    .text.xTaskIncrementTick  tasks.o
    0x080089f0   0x080089f0   0x000000c2   Code   RO         1617    .text.xTaskRemoveFromEventList  tasks.o
    0x08008ab2   0x08008ab2   0x00000002   PAD
    0x08008ab4   0x08008ab4   0x00000178   Code   RO         1577    .text.xTaskResumeAll  tasks.o
    0x08008c2c   0x08008c2c   0x0000003e   Code   RO         2458    CL$$btod_d2e        c_w.l(btod.o)
    0x08008c6a   0x08008c6a   0x00000046   Code   RO         2460    CL$$btod_d2e_denorm_low  c_w.l(btod.o)
    0x08008cb0   0x08008cb0   0x00000060   Code   RO         2459    CL$$btod_d2e_norm_op1  c_w.l(btod.o)
    0x08008d10   0x08008d10   0x00000338   Code   RO         2468    CL$$btod_div_common  c_w.l(btod.o)
    0x08009048   0x08009048   0x000000dc   Code   RO         2465    CL$$btod_e2e        c_w.l(btod.o)
    0x08009124   0x08009124   0x0000002a   Code   RO         2462    CL$$btod_ediv       c_w.l(btod.o)
    0x0800914e   0x0800914e   0x0000002a   Code   RO         2461    CL$$btod_emul       c_w.l(btod.o)
    0x08009178   0x08009178   0x00000244   Code   RO         2467    CL$$btod_mult_common  c_w.l(btod.o)
    0x080093bc   0x080093bc   0x00000024   Code   RO         1956    __lcxx_override     libcpp_w.l(new.cpp.o)
    0x080093e0   0x080093e0   0x00000030   Code   RO         2510    i.__ARM_fpclassify  m_wm.l(fpclassify.o)
    0x08009410   0x08009410   0x00000026   Code   RO         2126    i.__ARM_fpclassifyf  m_wm.l(fpclassifyf.o)
    0x08009436   0x08009436   0x00000002   PAD
    0x08009438   0x08009438   0x00000160   Code   RO         1995    i.__hardfp_atanf    m_wm.l(atanf.o)
    0x08009598   0x08009598   0x0000003a   Code   RO         2001    i.__hardfp_sqrtf    m_wm.l(sqrtf.o)
    0x080095d2   0x080095d2   0x00000006   Code   RO         2129    i.__mathlib_flt_infnan  m_wm.l(funder.o)
    0x080095d8   0x080095d8   0x00000010   Code   RO         2134    i.__mathlib_flt_underflow  m_wm.l(funder.o)
    0x080095e8   0x080095e8   0x0000000e   Code   RO         2310    i._is_digit         c_w.l(__printf_wp.o)
    0x080095f6   0x080095f6   0x0000001c   Code   RO         2412    i.fputc             c_w.l(fputc.o)
    0x08009612   0x08009612   0x00000002   PAD
    0x08009614   0x08009614   0x0000002c   Code   RO         2489    locale$$code        c_w.l(lc_numeric_c.o)
    0x08009640   0x08009640   0x0000002c   Code   RO         2523    locale$$code        c_w.l(lc_ctype_c.o)
    0x0800966c   0x0800966c   0x0000001a   Code   RO         2188    x$fpl$fpinit        fz_wm.l(fpinit.o)
    0x08009686   0x08009686   0x00000004   Code   RO         2373    x$fpl$printf1       fz_wm.l(printf1.o)
    0x0800968a   0x0800968a   0x00000004   Code   RO         2375    x$fpl$printf2       fz_wm.l(printf2.o)
    0x0800968e   0x0800968e   0x00000000   Code   RO         2104    x$fpl$usenofp       fz_wm.l(usenofp.o)
    0x0800968e   0x0800968e   0x00000002   PAD
    0x08009690   0x08009690   0x00000008   Data   RO         2269    .constdata          c_w.l(_printf_wctomb.o)
    0x08009698   0x08009698   0x00000028   Data   RO         2298    .constdata          c_w.l(_printf_hex_int_ll_ptr.o)
    0x080096c0   0x080096c0   0x00000011   Data   RO         2318    .constdata          c_w.l(__printf_flags_ss_wp.o)
    0x080096d1   0x080096d1   0x00000004   Data   RO         2381    .constdata          c_w.l(sys_io_names.o)
    0x080096d5   0x080096d5   0x00000004   Data   RO         2382    .constdata          c_w.l(sys_io_names.o)
    0x080096d9   0x080096d9   0x00000004   Data   RO         2383    .constdata          c_w.l(sys_io_names.o)
    0x080096dd   0x080096dd   0x00000026   Data   RO         2400    .constdata          c_w.l(_printf_fp_hex.o)
    0x08009703   0x08009703   0x00000001   PAD
    0x08009704   0x08009704   0x00000094   Data   RO         2456    .constdata          c_w.l(bigflt0.o)
    0x08009798   0x08009798   0x0000001c   Data   RO           73    .rodata..L__const.MX_FREERTOS_Init.os_thread_def_defaultTask  freertos.o
    0x080097b4   0x080097b4   0x00000010   Data   RO         1213    .rodata.AHBPrescTable  system_stm32f4xx.o
    0x080097c4   0x080097c4   0x00000008   Data   RO         1214    .rodata.APBPrescTable  system_stm32f4xx.o
    0x080097cc   0x080097cc   0x00000008   Data   RO          497    .rodata.DMA_CalcBaseAndBitshift.flagBitshiftOffset  stm32f4xx_hal_dma.o
    0x080097d4   0x080097d4   0x0000002b   Data   RO           37    .rodata.str1.1      maincpp.o
    0x080097ff   0x080097ff   0x0000000c   Data   RO           72    .rodata.str1.1      freertos.o
    0x0800980b   0x0800980b   0x00000005   Data   RO         1672    .rodata.str1.1      tasks.o
    0x08009810   0x08009810   0x00000020   Data   RO         2542    Region$$Table       anon$$obj.o
    0x08009830   0x08009830   0x0000001c   Data   RO         2488    locale$$data        c_w.l(lc_numeric_c.o)
    0x0800984c   0x0800984c   0x00000110   Data   RO         2522    locale$$data        c_w.l(lc_ctype_c.o)
    0x0800995c   0x0800995c   0x00000004   Data   RO           38    .init_array         maincpp.o
    0x08009960   0x0800995c   0x00000000   Data   RO         1950    .init_array         c_w.l(init_aeabi.o)


    Execution Region RW_IRAM2 (Exec base: 0x10000000, Load base: 0x08009980, Size: 0x00000000, Max: 0x00010000, ABSOLUTE)

    **** No section assigned to this execution region ****


    Execution Region RW_IRAM1 (Exec base: 0x20000000, Load base: 0x08009960, Size: 0x000049a8, Max: 0x00030000, ABSOLUTE)

    Exec Addr    Load Addr    Size         Type   Attr      Idx    E Section Name        Object

    0x20000000   0x08009960   0x00000004   Data   RW         2223    .data               c_w.l(stdio_streams.o)
    0x20000004   0x08009964   0x00000004   Data   RW         2224    .data               c_w.l(stdio_streams.o)
    0x20000008   0x08009968   0x00000004   Data   RW         2225    .data               c_w.l(stdio_streams.o)
    0x2000000c   0x0800996c   0x00000004   Data   RW         1212    .data.SystemCoreClock  system_stm32f4xx.o
    0x20000010   0x08009970   0x00000001   Data   RW          707    .data.uwTickFreq    stm32f4xx_hal.o
    0x20000011   0x08009971   0x00000003   PAD
    0x20000014   0x08009974   0x00000004   Data   RW          706    .data.uwTickPrio    stm32f4xx_hal.o
    0x20000018   0x08009978   0x00000004   Data   RW         1870    .data.uxCriticalNesting  port.o
    0x2000001c   0x0800997c   0x00000004   PAD
    0x20000020        -       0x00000060   Zero   RW         2147    .bss                c_w.l(libspace.o)
    0x20000080        -       0x00000054   Zero   RW         2220    .bss                c_w.l(stdio_streams.o)
    0x200000d4        -       0x00000054   Zero   RW         2221    .bss                c_w.l(stdio_streams.o)
    0x20000128        -       0x00000054   Zero   RW         2222    .bss                c_w.l(stdio_streams.o)
    0x2000017c        -       0x0000001c   Zero   RW         1341    .bss.CANFIFOxCallback.rxconf  bsp_can.o
    0x20000198        -       0x00000004   Zero   RW           92    .bss.HAL_RCC_CAN1_CLK_ENABLED  can.o
    0x2000019c        -       0x00000004   Zero   RW           35    .bss.Remote_control_handle  maincpp.o
    0x200001a0        -       0x00000004   Zero   RW           33    .bss.Servo1_Motor_handle  maincpp.o
    0x200001a4        -       0x00000004   Zero   RW           34    .bss.Servo2_Motor_handle  maincpp.o
    0x200001a8        -       0x00000004   Zero   RW         2207    .bss.__cxa_new_handler  libcppabi_w.l(cxa_default_handlers.cpp.o)
    0x200001ac        -       0x00000040   Zero   RW         1336    .bss.can_instance   bsp_can.o
    0x200001ec        -       0x00000018   Zero   RW           36    .bss.control        maincpp.o
    0x20000204        -       0x00000004   Zero   RW           74    .bss.defaultTaskHandle  freertos.o
    0x20000208        -       0x00000028   Zero   RW           90    .bss.hcan1          can.o
    0x20000230        -       0x00000028   Zero   RW           91    .bss.hcan2          can.o
    0x20000258        -       0x00000060   Zero   RW          145    .bss.hdma_usart6_rx  usart.o
    0x200002b8        -       0x00000048   Zero   RW          118    .bss.htim4          tim.o
    0x20000300        -       0x00000048   Zero   RW          119    .bss.htim5          tim.o
    0x20000348        -       0x00000048   Zero   RW          143    .bss.huart3         usart.o
    0x20000390        -       0x00000048   Zero   RW          144    .bss.huart6         usart.o
    0x200003d8        -       0x00000001   Zero   RW         1335    .bss.idx            bsp_can.o
    0x200003d9        -       0x00000001   Zero   RW         1362    .bss.idx            bsp_usart.o
    0x200003da   0x0800997c   0x00000002   PAD
    0x200003dc        -       0x00000004   Zero   RW         1661    .bss.pxCurrentTCB   tasks.o
    0x200003e0        -       0x00000004   Zero   RW         1678    .bss.pxDelayedTaskList  tasks.o
    0x200003e4        -       0x00000004   Zero   RW         1827    .bss.pxEnd          heap_4.o
    0x200003e8        -       0x00000004   Zero   RW         1679    .bss.pxOverflowDelayedTaskList  tasks.o
    0x200003ec        -       0x0000008c   Zero   RW         1662    .bss.pxReadyTasksLists  tasks.o
    0x20000478        -       0x00003c00   Zero   RW         1834    .bss.ucHeap         heap_4.o
    0x20004078        -       0x00000001   Zero   RW         1868    .bss.ucMaxSysCallPriority  port.o
    0x20004079   0x0800997c   0x00000003   PAD
    0x2000407c        -       0x00000004   Zero   RW         1869    .bss.ulMaxPRIGROUPValue  port.o
    0x20004080        -       0x0000000c   Zero   RW         1361    .bss.usart_instance  bsp_usart.o
    0x2000408c        -       0x00000004   Zero   RW          708    .bss.uwTick         stm32f4xx_hal.o
    0x20004090        -       0x00000004   Zero   RW         1667    .bss.uxCurrentNumberOfTasks  tasks.o
    0x20004094        -       0x00000004   Zero   RW         1666    .bss.uxDeletedTasksWaitingCleanUp  tasks.o
    0x20004098        -       0x00000004   Zero   RW         1669    .bss.uxSchedulerSuspended  tasks.o
    0x2000409c        -       0x00000004   Zero   RW         1664    .bss.uxTaskNumber   tasks.o
    0x200040a0        -       0x00000004   Zero   RW         1663    .bss.uxTopReadyPriority  tasks.o
    0x200040a4        -       0x00000004   Zero   RW           29    .bss.x              maincpp.o
    0x200040a8        -       0x00000004   Zero   RW         1828    .bss.xBlockAllocatedBit  heap_4.o
    0x200040ac        -       0x00000014   Zero   RW         1681    .bss.xDelayedTaskList1  tasks.o
    0x200040c0        -       0x00000014   Zero   RW         1682    .bss.xDelayedTaskList2  tasks.o
    0x200040d4        -       0x00000004   Zero   RW         1829    .bss.xFreeBytesRemaining  heap_4.o
    0x200040d8        -       0x00000200   Zero   RW           71    .bss.xIdleStack     freertos.o
    0x200042d8        -       0x00000004   Zero   RW         1673    .bss.xIdleTaskHandle  tasks.o
    0x200042dc        -       0x00000054   Zero   RW           70    .bss.xIdleTaskTCBBuffer  freertos.o
    0x20004330        -       0x00000004   Zero   RW         1831    .bss.xMinimumEverFreeBytesRemaining  heap_4.o
    0x20004334        -       0x00000004   Zero   RW         1674    .bss.xNextTaskUnblockTime  tasks.o
    0x20004338        -       0x00000004   Zero   RW         1680    .bss.xNumOfOverflows  tasks.o
    0x2000433c        -       0x00000004   Zero   RW         1832    .bss.xNumberOfSuccessfulAllocations  heap_4.o
    0x20004340        -       0x00000004   Zero   RW         1833    .bss.xNumberOfSuccessfulFrees  heap_4.o
    0x20004344        -       0x00000004   Zero   RW         1677    .bss.xPendedTicks   tasks.o
    0x20004348        -       0x00000014   Zero   RW         1671    .bss.xPendingReadyList  tasks.o
    0x2000435c        -       0x00000004   Zero   RW           32    .bss.xQueue         maincpp.o
    0x20004360        -       0x00000004   Zero   RW         1668    .bss.xSchedulerRunning  tasks.o
    0x20004364        -       0x00000008   Zero   RW         1830    .bss.xStart         heap_4.o
    0x2000436c        -       0x00000014   Zero   RW         1670    .bss.xSuspendedTaskList  tasks.o
    0x20004380        -       0x00000014   Zero   RW         1665    .bss.xTasksWaitingTermination  tasks.o
    0x20004394        -       0x00000004   Zero   RW         1675    .bss.xTickCount     tasks.o
    0x20004398        -       0x00000004   Zero   RW         1676    .bss.xYieldPending  tasks.o
    0x2000439c        -       0x00000004   Zero   RW           30    .bss.y              maincpp.o
    0x200043a0        -       0x00000004   Zero   RW           31    .bss.yaw            maincpp.o
    0x200043a4   0x0800997c   0x00000004   PAD
    0x200043a8        -       0x00000200   Zero   RW            2    HEAP                startup_stm32f427xx.o
    0x200045a8        -       0x00000400   Zero   RW            1    STACK               startup_stm32f427xx.o


==============================================================================

Image component sizes


      Code (inc. data)   RO Data    RW Data    ZI Data      Debug   Object Name

       260          0          0          0         93       5415   bsp_can.o
       348          0          0          0         13       4972   bsp_usart.o
       588          0          0          0         84       6632   can.o
       262          0          0          0          0      16300   cmsis_os.o
       450          4          0          0          0      15195   control.o
        60          0          0          0          0       3476   dma.o
       128          0         40          0        600       2752   freertos.o
       270          0          0          0          0       2263   gpio.o
      1084          0          0          0      15392       4432   heap_4.o
       296          0          0          0          0       2235   list.o
       298          0          0          0          0       2865   main.o
       562          8         47          0         52      10674   maincpp.o
       996         16          0          4          5       3846   port.o
       364          0          0          0          0      14888   queue.o
       512          0          0          0          0       9576   servo.o
        64         26        428          0       1536        864   startup_stm32f427xx.o
       204          0          0          5          4       7491   stm32f4xx_hal.o
      2188          0          0          0          0      11583   stm32f4xx_hal_can.o
       482          0          0          0          0       9864   stm32f4xx_hal_cortex.o
      2068          8          8          0          0       8516   stm32f4xx_hal_dma.o
      1052          0          0          0          0       5193   stm32f4xx_hal_gpio.o
        88          0          0          0          0       3543   stm32f4xx_hal_msp.o
       190          0          0          0          0       4480   stm32f4xx_hal_pwr_ex.o
      2646          0          0          0          0       7634   stm32f4xx_hal_rcc.o
      3114         14          0          0          0      36032   stm32f4xx_hal_tim.o
       290          0          0          0          0      15352   stm32f4xx_hal_tim_ex.o
      3228          0          0          0          0      20360   stm32f4xx_hal_uart.o
       142          0          0          0          0       1643   stm32f4xx_it.o
        18          0         24          4          0       2585   system_stm32f4xx.o
      3196          0          5          0        300      20369   tasks.o
       976          0          0          0        144       6664   tim.o
       506          0          0          0        240       7324   usart.o

    ----------------------------------------------------------------------
     27098         88        584         16      18476     275018   Object Totals
         0          0         32          0          0          0   (incl. Generated)
       168         12          0          3         13          0   (incl. Padding)

    ----------------------------------------------------------------------

      Code (inc. data)   RO Data    RW Data    ZI Data      Debug   Library Member Name

         8          0          0          0          0         68   __main.o
       392          4         17          0          0         92   __printf_flags_ss_wp.o
        14          0          0          0          0         68   __printf_wp.o
         0          0          0          0          0          0   __rtentry.o
        12          0          0          0          0          0   __rtentry2.o
         6          0          0          0          0          0   __rtentry4.o
        94          8          0          0          0          0   __scatter.o
        26          0          0          0          0          0   __scatter_copy.o
        28          0          0          0          0          0   __scatter_zi.o
        72          0          0          0          0         96   _c16rtomb.o
         6          0          0          0          0          0   _printf_a.o
         6          0          0          0          0          0   _printf_c.o
        44          0          0          0          0        108   _printf_char.o
        48          6          0          0          0         96   _printf_char_common.o
        36          4          0          0          0         80   _printf_char_file.o
        40          0          0          0          0         68   _printf_charcount.o
         6          0          0          0          0          0   _printf_d.o
       120         16          0          0          0         92   _printf_dec.o
         6          0          0          0          0          0   _printf_e.o
         6          0          0          0          0          0   _printf_f.o
      1052          0          0          0          0        148   _printf_fp_dec.o
       764          8         38          0          0        100   _printf_fp_hex.o
       128         16          0          0          0         84   _printf_fp_infnan.o
         6          0          0          0          0          0   _printf_g.o
       148          4         40          0          0        160   _printf_hex_int_ll_ptr.o
         6          0          0          0          0          0   _printf_i.o
       178          0          0          0          0         88   _printf_intcommon.o
        10          0          0          0          0          0   _printf_l.o
         6          0          0          0          0          0   _printf_lc.o
        10          0          0          0          0          0   _printf_ll.o
         6          0          0          0          0          0   _printf_lld.o
         6          0          0          0          0          0   _printf_lli.o
         6          0          0          0          0          0   _printf_llo.o
         6          0          0          0          0          0   _printf_llu.o
         6          0          0          0          0          0   _printf_llx.o
       124         16          0          0          0         92   _printf_longlong_dec.o
         6          0          0          0          0          0   _printf_ls.o
         6          0          0          0          0          0   _printf_n.o
         6          0          0          0          0          0   _printf_o.o
       112          8          0          0          0        124   _printf_oct_int_ll.o
         6          0          0          0          0          0   _printf_p.o
        78          0          0          0          0        108   _printf_pad.o
         0          0          0          0          0          0   _printf_percent.o
         4          0          0          0          0          0   _printf_percent_end.o
         6          0          0          0          0          0   _printf_s.o
        82          0          0          0          0         80   _printf_str.o
        36          0          0          0          0         84   _printf_truncate.o
         6          0          0          0          0          0   _printf_u.o
        44          0          0          0          0        108   _printf_wchar.o
       188          6          8          0          0         92   _printf_wctomb.o
         6          0          0          0          0          0   _printf_x.o
        22          0          0          0          0        100   _rserrno.o
        22          0          0          0          0         80   abort.o
       228          4        148          0          0         96   bigflt0.o
      1936        128          0          0          0        668   btod.o
        48         34          0          0          0         76   defsig_abrt_inner.o
        14          0          0          0          0         80   defsig_abrt_outer.o
        10          0          0          0          0         68   defsig_exit.o
        50          0          0          0          0         88   defsig_general.o
        80         58          0          0          0         76   defsig_rtmem_inner.o
        14          0          0          0          0         80   defsig_rtmem_outer.o
        52         38          0          0          0         76   defsig_rtred_inner.o
        14          0          0          0          0         80   defsig_rtred_outer.o
        18          0          0          0          0         80   exit.o
        76          0          0          0          0         88   fclose.o
         8          0          0          0          0         68   ferror.o
       482          0          0          0          0         92   flsbuf.o
       240          6          0          0          0        128   fopen.o
        28          0          0          0          0         68   fputc.o
       248          6          0          0          0         84   fseek.o
        66          0          0          0          0         76   ftell.o
        94          0          0          0          0         80   h1_alloc.o
        52          0          0          0          0         68   h1_extend.o
        78          0          0          0          0         80   h1_free.o
        12          0          0          0          0         84   h1_init.o
       174          0          0          0          0         88   h1_memalign.o
         6          0          0          0          0        152   heapauxi.o
         4          0          0          0          0        136   hguard.o
         0          0          0          0          0          0   indicate_semi.o
        44          8          0          0          0         80   init_aeabi.o
       138          0          0          0          0        168   init_alloc.o
       312         46          0          0          0        112   initio.o
        44         10        272          0          0         76   lc_ctype_c.o
        44         10         28          0          0         76   lc_numeric_c.o
         2          0          0          0          0          0   libinit.o
        50          0          0          0          0          0   libinit2.o
         2          0          0          0          0          0   libshutdown.o
         6          0          0          0          0          0   libshutdown2.o
         8          4          0          0         96         68   libspace.o
       138          0          0          0          0         80   lludiv10.o
       240          0          0          0          0        100   lludivv7m.o
         0          0          0          0          0          0   maybetermalloc1.o
        16          4          0          0          0         76   rt_ctype_table.o
         8          4          0          0          0         68   rt_errno_addr_intlibspace.o
         8          4          0          0          0         68   rt_heap_descriptor_intlibspace.o
         8          4          0          0          0         68   rt_locale_intlibspace.o
        78          0          0          0          0         80   rt_memclr_w.o
       138          0          0          0          0         68   rt_memcpy_v6.o
       100          0          0          0          0         80   rt_memcpy_w.o
         2          0          0          0          0          0   rtexit.o
        10          0          0          0          0          0   rtexit2.o
        70          0          0          0          0         80   setvbuf.o
       264          6          0          0          0        160   stdio.o
         0          0          0         12        252          0   stdio_streams.o
       124          0          0          0          0         88   strcmpv7em.o
        62          0          0          0          0         76   strlen.o
       102          0          0          0          0        240   sys_io.o
         0          0         12          0          0          0   sys_io_names.o
        74          0          0          0          0         80   sys_stackheap_outer.o
         2          0          0          0          0         68   use_no_semi.o
        10          0          0          0          0         68   vfprintf.o
        26          0          0          0          0        116   fpinit.o
         4          0          0          0          0        116   printf1.o
         4          0          0          0          0        116   printf2.o
         0          0          0          0          0          0   usenofp.o
       148          0          0          0          0        412   new.cpp.o
        56         48          0          0          0         36   new_helpers.cpp.o
        30          0          0          0          0         40   verbose_abort.cpp.o
         0          0          0          0          4          0   cxa_default_handlers.cpp.o
        12          0          0          0          0        132   cxa_handlers.cpp.o
       352         56          0          0          0        172   atanf.o
        48          0          0          0          0        124   fpclassify.o
        38          0          0          0          0        116   fpclassifyf.o
        22          6          0          0          0        232   funder.o
        58          0          0          0          0        136   sqrtf.o

    ----------------------------------------------------------------------
     11018        580        564         12        352       8852   Library Totals
        22          0          1          0          0          0   (incl. Padding)

    ----------------------------------------------------------------------

      Code (inc. data)   RO Data    RW Data    ZI Data      Debug   Library Name

     10198        470        563         12        348       7104   c_w.l
        34          0          0          0          0        348   fz_wm.l
       234         48          0          0          0        488   libcpp_w.l
        12          0          0          0          4        132   libcppabi_w.l
       518         62          0          0          0        780   m_wm.l

    ----------------------------------------------------------------------
     11018        580        564         12        352       8852   Library Totals

    ----------------------------------------------------------------------

==============================================================================


      Code (inc. data)   RO Data    RW Data    ZI Data      Debug   

     38116        668       1148         28      18828     278658   Grand Totals
     38116        668       1148         28      18828     278658   ELF Image Totals
     38116        668       1148         28          0          0   ROM Totals

==============================================================================

    Total RO  Size (Code + RO Data)                39264 (  38.34kB)
    Total RW  Size (RW Data + ZI Data)             18856 (  18.41kB)
    Total ROM Size (Code + RO Data + RW Data)      39292 (  38.37kB)

==============================================================================

